Archive member included to satisfy reference by file (symbol)

c:/st/stm32cubeide_1.8.0/stm32cubeide/plugins/com.st.stm32cube.ide.mcu.externaltools.gnu-tools-for-stm32.10.3-2021.10.win32_1.0.0.202111181127/tools/bin/../lib/gcc/arm-none-eabi/10.3.1/../../../../arm-none-eabi/lib/thumb/v7e-m+fp/hard\libc_nano.a(lib_a-atoi.o)
                              ./Core/Src/main.o (atoi)
c:/st/stm32cubeide_1.8.0/stm32cubeide/plugins/com.st.stm32cube.ide.mcu.externaltools.gnu-tools-for-stm32.10.3-2021.10.win32_1.0.0.202111181127/tools/bin/../lib/gcc/arm-none-eabi/10.3.1/../../../../arm-none-eabi/lib/thumb/v7e-m+fp/hard\libc_nano.a(lib_a-errno.o)
                              ./Core/Src/syscalls.o (__errno)
c:/st/stm32cubeide_1.8.0/stm32cubeide/plugins/com.st.stm32cube.ide.mcu.externaltools.gnu-tools-for-stm32.10.3-2021.10.win32_1.0.0.202111181127/tools/bin/../lib/gcc/arm-none-eabi/10.3.1/../../../../arm-none-eabi/lib/thumb/v7e-m+fp/hard\libc_nano.a(lib_a-exit.o)
                              c:/st/stm32cubeide_1.8.0/stm32cubeide/plugins/com.st.stm32cube.ide.mcu.externaltools.gnu-tools-for-stm32.10.3-2021.10.win32_1.0.0.202111181127/tools/bin/../lib/gcc/arm-none-eabi/10.3.1/../../../../arm-none-eabi/lib/thumb/v7e-m+fp/hard/crt0.o (exit)
c:/st/stm32cubeide_1.8.0/stm32cubeide/plugins/com.st.stm32cube.ide.mcu.externaltools.gnu-tools-for-stm32.10.3-2021.10.win32_1.0.0.202111181127/tools/bin/../lib/gcc/arm-none-eabi/10.3.1/../../../../arm-none-eabi/lib/thumb/v7e-m+fp/hard\libc_nano.a(lib_a-impure.o)
                              c:/st/stm32cubeide_1.8.0/stm32cubeide/plugins/com.st.stm32cube.ide.mcu.externaltools.gnu-tools-for-stm32.10.3-2021.10.win32_1.0.0.202111181127/tools/bin/../lib/gcc/arm-none-eabi/10.3.1/../../../../arm-none-eabi/lib/thumb/v7e-m+fp/hard\libc_nano.a(lib_a-exit.o) (_global_impure_ptr)
c:/st/stm32cubeide_1.8.0/stm32cubeide/plugins/com.st.stm32cube.ide.mcu.externaltools.gnu-tools-for-stm32.10.3-2021.10.win32_1.0.0.202111181127/tools/bin/../lib/gcc/arm-none-eabi/10.3.1/../../../../arm-none-eabi/lib/thumb/v7e-m+fp/hard\libc_nano.a(lib_a-init.o)
                              c:/st/stm32cubeide_1.8.0/stm32cubeide/plugins/com.st.stm32cube.ide.mcu.externaltools.gnu-tools-for-stm32.10.3-2021.10.win32_1.0.0.202111181127/tools/bin/../lib/gcc/arm-none-eabi/10.3.1/../../../../arm-none-eabi/lib/thumb/v7e-m+fp/hard/crt0.o (__libc_init_array)
c:/st/stm32cubeide_1.8.0/stm32cubeide/plugins/com.st.stm32cube.ide.mcu.externaltools.gnu-tools-for-stm32.10.3-2021.10.win32_1.0.0.202111181127/tools/bin/../lib/gcc/arm-none-eabi/10.3.1/../../../../arm-none-eabi/lib/thumb/v7e-m+fp/hard\libc_nano.a(lib_a-malloc.o)
                              ./Core/Src/main.o (malloc)
c:/st/stm32cubeide_1.8.0/stm32cubeide/plugins/com.st.stm32cube.ide.mcu.externaltools.gnu-tools-for-stm32.10.3-2021.10.win32_1.0.0.202111181127/tools/bin/../lib/gcc/arm-none-eabi/10.3.1/../../../../arm-none-eabi/lib/thumb/v7e-m+fp/hard\libc_nano.a(lib_a-memcpy-stub.o)
                              ./Core/Src/main.o (memcpy)
c:/st/stm32cubeide_1.8.0/stm32cubeide/plugins/com.st.stm32cube.ide.mcu.externaltools.gnu-tools-for-stm32.10.3-2021.10.win32_1.0.0.202111181127/tools/bin/../lib/gcc/arm-none-eabi/10.3.1/../../../../arm-none-eabi/lib/thumb/v7e-m+fp/hard\libc_nano.a(lib_a-memmove.o)
                              ./Core/Src/main.o (memmove)
c:/st/stm32cubeide_1.8.0/stm32cubeide/plugins/com.st.stm32cube.ide.mcu.externaltools.gnu-tools-for-stm32.10.3-2021.10.win32_1.0.0.202111181127/tools/bin/../lib/gcc/arm-none-eabi/10.3.1/../../../../arm-none-eabi/lib/thumb/v7e-m+fp/hard\libc_nano.a(lib_a-memset.o)
                              c:/st/stm32cubeide_1.8.0/stm32cubeide/plugins/com.st.stm32cube.ide.mcu.externaltools.gnu-tools-for-stm32.10.3-2021.10.win32_1.0.0.202111181127/tools/bin/../lib/gcc/arm-none-eabi/10.3.1/../../../../arm-none-eabi/lib/thumb/v7e-m+fp/hard/crt0.o (memset)
c:/st/stm32cubeide_1.8.0/stm32cubeide/plugins/com.st.stm32cube.ide.mcu.externaltools.gnu-tools-for-stm32.10.3-2021.10.win32_1.0.0.202111181127/tools/bin/../lib/gcc/arm-none-eabi/10.3.1/../../../../arm-none-eabi/lib/thumb/v7e-m+fp/hard\libc_nano.a(lib_a-nano-freer.o)
                              c:/st/stm32cubeide_1.8.0/stm32cubeide/plugins/com.st.stm32cube.ide.mcu.externaltools.gnu-tools-for-stm32.10.3-2021.10.win32_1.0.0.202111181127/tools/bin/../lib/gcc/arm-none-eabi/10.3.1/../../../../arm-none-eabi/lib/thumb/v7e-m+fp/hard\libc_nano.a(lib_a-malloc.o) (_free_r)
c:/st/stm32cubeide_1.8.0/stm32cubeide/plugins/com.st.stm32cube.ide.mcu.externaltools.gnu-tools-for-stm32.10.3-2021.10.win32_1.0.0.202111181127/tools/bin/../lib/gcc/arm-none-eabi/10.3.1/../../../../arm-none-eabi/lib/thumb/v7e-m+fp/hard\libc_nano.a(lib_a-nano-mallocr.o)
[...]
Memory Configuration

Name             Origin             Length             Attributes
CCMRAM           0x0000000010000000 0x0000000000010000 xrw
RAM              0x0000000020000000 0x0000000000020000 xrw
FLASH            0x0000000008000000 0x0000000000080000 xr
*default*        0x0000000000000000 0xffffffffffffffff

Linker script and memory map

LOAD c:/st/stm32cubeide_1.8.0/stm32cubeide/plugins/com.st.stm32cube.ide.mcu.externaltools.gnu-tools-for-stm32.10.3-2021.10.win32_1.0.0.202111181127/tools/bin/../lib/gcc/arm-none-eabi/10.3.1/thumb/v7e-m+fp/hard/crti.o
LOAD c:/st/stm32cubeide_1.8.0/stm32cubeide/plugins/com.st.stm32cube.ide.mcu.externaltools.gnu-tools-for-stm32.10.3-2021.10.win32_1.0.0.202111181127/tools/bin/../lib/gcc/arm-none-eabi/10.3.1/thumb/v7e-m+fp/hard/crtbegin.o
LOAD c:/st/stm32cubeide_1.8.0/stm32cubeide/plugins/com.st.stm32cube.ide.mcu.externaltools.gnu-tools-for-stm32.10.3-2021.10.win32_1.0.0.202111181127/tools/bin/../lib/gcc/arm-none-eabi/10.3.1/../../../../arm-none-eabi/lib/thumb/v7e-m+fp/hard/crt0.o
LOAD ./Core/Src/freertos.o
LOAD ./Core/Src/main.o
LOAD ./Core/Src/stm32f4xx_hal_msp.o
LOAD ./Core/Src/stm32f4xx_it.o
LOAD ./Core/Src/syscalls.o
LOAD ./Core/Src/sysmem.o
LOAD ./Core/Src/system_stm32f4xx.o
LOAD ./Core/Startup/startup_stm32f407vetx.o
LOAD ./Drivers/STM32F4xx_HAL_Driver/Src/stm32f4xx_hal.o
LOAD ./Drivers/STM32F4xx_HAL_Driver/Src/stm32f4xx_hal_adc.o
LOAD ./Drivers/STM32F4xx_HAL_Driver/Src/stm32f4xx_hal_adc_ex.o
LOAD ./Drivers/STM32F4xx_HAL_Driver/Src/stm32f4xx_hal_cortex.o
LOAD ./Drivers/STM32F4xx_HAL_Driver/Src/stm32f4xx_hal_dma.o
LOAD ./Drivers/STM32F4xx_HAL_Driver/Src/stm32f4xx_hal_dma_ex.o
LOAD ./Drivers/STM32F4xx_HAL_Driver/Src/stm32f4xx_hal_exti.o
LOAD ./Drivers/STM32F4xx_HAL_Driver/Src/stm32f4xx_hal_flash.o
LOAD ./Drivers/STM32F4xx_HAL_Driver/Src/stm32f4xx_hal_flash_ex.o
LOAD ./Drivers/STM32F4xx_HAL_Driver/Src/stm32f4xx_hal_flash_ramfunc.o
LOAD ./Drivers/STM32F4xx_HAL_Driver/Src/stm32f4xx_hal_gpio.o
LOAD ./Drivers/STM32F4xx_HAL_Driver/Src/stm32f4xx_hal_i2c.o
LOAD ./Drivers/STM32F4xx_HAL_Driver/Src/stm32f4xx_hal_i2c_ex.o
LOAD ./Drivers/STM32F4xx_HAL_Driver/Src/stm32f4xx_hal_pwr.o
LOAD ./Drivers/STM32F4xx_HAL_Driver/Src/stm32f4xx_hal_pwr_ex.o
LOAD ./Drivers/STM32F4xx_HAL_Driver/Src/stm32f4xx_hal_rcc.o
LOAD ./Drivers/STM32F4xx_HAL_Driver/Src/stm32f4xx_hal_rcc_ex.o
LOAD ./Drivers/STM32F4xx_HAL_Driver/Src/stm32f4xx_hal_tim.o
LOAD ./Drivers/STM32F4xx_HAL_Driver/Src/stm32f4xx_hal_tim_ex.o
LOAD ./Drivers/STM32F4xx_HAL_Driver/Src/stm32f4xx_hal_uart.o
LOAD ./Drivers/STM32F4xx_HAL_Driver/Src/stm32f4xx_ll_adc.o
LOAD ./Middlewares/Third_Party/FreeRTOS/Source/CMSIS_RTOS_V2/cmsis_os2.o
LOAD ./Middlewares/Third_Party/FreeRTOS/Source/croutine.o
LOAD ./Middlewares/Third_Party/FreeRTOS/Source/event_groups.o
LOAD ./Middlewares/Third_Party/FreeRTOS/Source/list.o
LOAD ./Middlewares/Third_Party/FreeRTOS/Source/queue.o
LOAD ./Middlewares/Third_Party/FreeRTOS/Source/stream_buffer.o
LOAD ./Middlewares/Third_Party/FreeRTOS/Source/tasks.o
LOAD ./Middlewares/Third_Party/FreeRTOS/Source/timers.o
LOAD ./Middlewares/Third_Party/FreeRTOS/Source/portable/GCC/ARM_CM4F/port.o
LOAD ./Middlewares/Third_Party/FreeRTOS/Source/portable/MemMang/heap_4.o
LOAD ./PeripheralDriver/Src/icm20948.o
LOAD ./PeripheralDriver/Src/oled.o
LOAD ./PeripheralDriver/Src/tm_stm32_ahrs_imu.o
LOAD ./PeripheralDriver/Src/tm_stm32_gpio.o
LOAD ./PeripheralDriver/Src/tm_stm32_i2c.o
START GROUP
LOAD c:/st/stm32cubeide_1.8.0/stm32cubeide/plugins/com.st.stm32cube.ide.mcu.externaltools.gnu-tools-for-stm32.10.3-2021.10.win32_1.0.0.202111181127/tools/bin/../lib/gcc/arm-none-eabi/10.3.1/../../../../arm-none-eabi/lib/thumb/v7e-m+fp/hard\libc_nano.a
LOAD c:/st/stm32cubeide_1.8.0/stm32cubeide/plugins/com.st.stm32cube.ide.mcu.externaltools.gnu-tools-for-stm32.10.3-2021.10.win32_1.0.0.202111181127/tools/bin/../lib/gcc/arm-none-eabi/10.3.1/../../../../arm-none-eabi/lib/thumb/v7e-m+fp/hard\libm.a
END GROUP
START GROUP
LOAD c:/st/stm32cubeide_1.8.0/stm32cubeide/plugins/com.st.stm32cube.ide.mcu.externaltools.gnu-tools-for-stm32.10.3-2021.10.win32_1.0.0.202111181127/tools/bin/../lib/gcc/arm-none-eabi/10.3.1/thumb/v7e-m+fp/hard\libgcc.a
LOAD c:/st/stm32cubeide_1.8.0/stm32cubeide/plugins/com.st.stm32cube.ide.mcu.externaltools.gnu-tools-for-stm32.10.3-2021.10.win32_1.0.0.202111181127/tools/bin/../lib/gcc/arm-none-eabi/10.3.1/../../../../arm-none-eabi/lib/thumb/v7e-m+fp/hard\libc_nano.a
END GROUP
START GROUP
LOAD c:/st/stm32cubeide_1.8.0/stm32cubeide/plugins/com.st.stm32cube.ide.mcu.externaltools.gnu-tools-for-stm32.10.3-2021.10.win32_1.0.0.202111181127/tools/bin/../lib/gcc/arm-none-eabi/10.3.1/thumb/v7e-m+fp/hard\libgcc.a
LOAD c:/st/stm32cubeide_1.8.0/stm32cubeide/plugins/com.st.stm32cube.ide.mcu.externaltools.gnu-tools-for-stm32.10.3-2021.10.win32_1.0.0.202111181127/tools/bin/../lib/gcc/arm-none-eabi/10.3.1/../../../../arm-none-eabi/lib/thumb/v7e-m+fp/hard\libc_nano.a
LOAD c:/st/stm32cubeide_1.8.0/stm32cubeide/plugins/com.st.stm32cube.ide.mcu.externaltools.gnu-tools-for-stm32.10.3-2021.10.win32_1.0.0.202111181127/tools/bin/../lib/gcc/arm-none-eabi/10.3.1/../../../../arm-none-eabi/lib/thumb/v7e-m+fp/hard\libnosys.a
END GROUP
START GROUP
LOAD c:/st/stm32cubeide_1.8.0/stm32cubeide/plugins/com.st.stm32cube.ide.mcu.externaltools.gnu-tools-for-stm32.10.3-2021.10.win32_1.0.0.202111181127/tools/bin/../lib/gcc/arm-none-eabi/10.3.1/thumb/v7e-m+fp/hard\libgcc.a
LOAD c:/st/stm32cubeide_1.8.0/stm32cubeide/plugins/com.st.stm32cube.ide.mcu.externaltools.gnu-tools-for-stm32.10.3-2021.10.win32_1.0.0.202111181127/tools/bin/../lib/gcc/arm-none-eabi/10.3.1/../../../../arm-none-eabi/lib/thumb/v7e-m+fp/hard\libc_nano.a
LOAD c:/st/stm32cubeide_1.8.0/stm32cubeide/plugins/com.st.stm32cube.ide.mcu.externaltools.gnu-tools-for-stm32.10.3-2021.10.win32_1.0.0.202111181127/tools/bin/../lib/gcc/arm-none-eabi/10.3.1/../../../../arm-none-eabi/lib/thumb/v7e-m+fp/hard\libnosys.a
END GROUP
LOAD c:/st/stm32cubeide_1.8.0/stm32cubeide/plugins/com.st.stm32cube.ide.mcu.externaltools.gnu-tools-for-stm32.10.3-2021.10.win32_1.0.0.202111181127/tools/bin/../lib/gcc/arm-none-eabi/10.3.1/thumb/v7e-m+fp/hard/crtend.o
LOAD c:/st/stm32cubeide_1.8.0/stm32cubeide/plugins/com.st.stm32cube.ide.mcu.externaltools.gnu-tools-for-stm32.10.3-2021.10.win32_1.0.0.202111181127/tools/bin/../lib/gcc/arm-none-eabi/10.3.1/thumb/v7e-m+fp/hard/crtn.o
                0x0000000020020000                _estack = (ORIGIN (RAM) + LENGTH (RAM))
                0x0000000000000200                _Min_Heap_Size = 0x200
                0x0000000000000400                _Min_Stack_Size = 0x400

.isr_vector     0x0000000008000000      0x188
                0x0000000008000000                . = ALIGN (0x4)
 *(.isr_vector)
 .isr_vector    0x0000000008000000      0x188 ./Core/Startup/startup_stm32f407vetx.o
                0x0000000008000000                g_pfnVectors
                0x0000000008000188                . = ALIGN (0x4)

.text           0x0000000008000190     0xa8c8
                0x0000000008000190                . = ALIGN (0x4)
 *(.text)
 .text          0x0000000008000190       0x40 c:/st/stm32cubeide_1.8.0/stm32cubeide/plugins/com.st.stm32cube.ide.mcu.externaltools.gnu-tools-for-stm32.10.3-2021.10.win32_1.0.0.202111181127/tools/bin/../lib/gcc/arm-none-eabi/10.3.1/thumb/v7e-m+fp/hard/crtbegin.o
 .text          0x00000000080001d0       0xa0 c:/st/stm32cubeide_1.8.0/stm32cubeide/plugins/com.st.stm32cube.ide.mcu.externaltools.gnu-tools-for-stm32.10.3-2021.10.win32_1.0.0.202111181127/tools/bin/../lib/gcc/arm-none-eabi/10.3.1/../../../../arm-none-eabi/lib/thumb/v7e-m+fp/hard\libc_nano.a(lib_a-memchr.o)
                0x00000000080001d0                memchr
 .text          0x0000000008000270      0x378 c:/st/stm32cubeide_1.8.0/stm32cubeide/plugins/com.st.stm32cube.ide.mcu.externaltools.gnu-tools-for-stm32.10.3-2021.10.win32_1.0.0.202111181127/tools/bin/../lib/gcc/arm-none-eabi/10.3.1/thumb/v7e-m+fp/hard\libgcc.a(_arm_addsubdf3.o)
                0x0000000008000270                __aeabi_drsub
                0x0000000008000278                __aeabi_dsub
                0x0000000008000278                __subdf3
                0x000000000800027c                __aeabi_dadd
                0x000000000800027c                __adddf3
                0x00000000080004f4                __floatunsidf
                0x00000000080004f4                __aeabi_ui2d
                0x0000000008000514                __floatsidf
                0x0000000008000514                __aeabi_i2d
                0x0000000008000538                __aeabi_f2d
                0x0000000008000538                __extendsfdf2
                0x000000000800057c                __floatundidf
                0x000000000800057c                __aeabi_ul2d
                0x000000000800058c                __floatdidf
                0x000000000800058c                __aeabi_l2d
 .text          0x00000000080005e8      0x424 c:/st/stm32cubeide_1.8.0/stm32cubeide/plugins/com.st.stm32cube.ide.mcu.externaltools.gnu-tools-for-stm32.10.3-2021.10.win32_1.0.0.202111181127/tools/bin/../lib/gcc/arm-none-eabi/10.3.1/thumb/v7e-m+fp/hard\libgcc.a(_arm_muldivdf3.o)
                0x00000000080005e8                __aeabi_dmul
                0x00000000080005e8                __muldf3
                0x000000000800083c                __divdf3
                0x000000000800083c                __aeabi_ddiv
 .text          0x0000000008000a0c      0x110 c:/st/stm32cubeide_1.8.0/stm32cubeide/plugins/com.st.stm32cube.ide.mcu.externaltools.gnu-tools-for-stm32.10.3-2021.10.win32_1.0.0.202111181127/tools/bin/../lib/gcc/arm-none-eabi/10.3.1/thumb/v7e-m+fp/hard\libgcc.a(_arm_cmpdf2.o)
                0x0000000008000a0c                __gtdf2
                0x0000000008000a0c                __gedf2
                0x0000000008000a14                __ltdf2
                0x0000000008000a14                __ledf2
                0x0000000008000a1c                __nedf2
                0x0000000008000a1c                __eqdf2
                0x0000000008000a1c                __cmpdf2
                0x0000000008000a98                __aeabi_cdrcmple
                0x0000000008000aa8                __aeabi_cdcmpeq
                0x0000000008000aa8                __aeabi_cdcmple
                0x0000000008000ab8                __aeabi_dcmpeq
                0x0000000008000acc                __aeabi_dcmplt
                0x0000000008000ae0                __aeabi_dcmple
                0x0000000008000af4                __aeabi_dcmpge
                0x0000000008000b08                __aeabi_dcmpgt
 .text          0x0000000008000b1c       0x2c c:/st/stm32cubeide_1.8.0/stm32cubeide/plugins/com.st.stm32cube.ide.mcu.externaltools.gnu-tools-for-stm32.10.3-2021.10.win32_1.0.0.202111181127/tools/bin/../lib/gcc/arm-none-eabi/10.3.1/thumb/v7e-m+fp/hard\libgcc.a(_arm_unorddf2.o)
                0x0000000008000b1c                __unorddf2
                0x0000000008000b1c                __aeabi_dcmpun
 .text          0x0000000008000b48       0x50 c:/st/stm32cubeide_1.8.0/stm32cubeide/plugins/com.st.stm32cube.ide.mcu.externaltools.gnu-tools-for-stm32.10.3-2021.10.win32_1.0.0.202111181127/tools/bin/../lib/gcc/arm-none-eabi/10.3.1/thumb/v7e-m+fp/hard\libgcc.a(_arm_fixdfsi.o)
                0x0000000008000b48                __aeabi_d2iz
                0x0000000008000b48                __fixdfsi
 .text          0x0000000008000b98       0xa0 c:/st/stm32cubeide_1.8.0/stm32cubeide/plugins/com.st.stm32cube.ide.mcu.externaltools.gnu-tools-for-stm32.10.3-2021.10.win32_1.0.0.202111181127/tools/bin/../lib/gcc/arm-none-eabi/10.3.1/thumb/v7e-m+fp/hard\libgcc.a(_arm_truncdfsf2.o)
                0x0000000008000b98                __truncdfsf2
                0x0000000008000b98                __aeabi_d2f
 .text          0x0000000008000c38       0x30 c:/st/stm32cubeide_1.8.0/stm32cubeide/plugins/com.st.stm32cube.ide.mcu.externaltools.gnu-tools-for-stm32.10.3-2021.10.win32_1.0.0.202111181127/tools/bin/../lib/gcc/arm-none-eabi/10.3.1/thumb/v7e-m+fp/hard\libgcc.a(_aeabi_uldivmod.o)
                0x0000000008000c38                __aeabi_uldivmod
 .text          0x0000000008000c68      0x2d0 c:/st/stm32cubeide_1.8.0/stm32cubeide/plugins/com.st.stm32cube.ide.mcu.externaltools.gnu-tools-for-stm32.10.3-2021.10.win32_1.0.0.202111181127/tools/bin/../lib/gcc/arm-none-eabi/10.3.1/thumb/v7e-m+fp/hard\libgcc.a(_udivmoddi4.o)
                0x0000000008000c68                __udivmoddi4
 .text          0x0000000008000f38        0x4 c:/st/stm32cubeide_1.8.0/stm32cubeide/plugins/com.st.stm32cube.ide.mcu.externaltools.gnu-tools-for-stm32.10.3-2021.10.win32_1.0.0.202111181127/tools/bin/../lib/gcc/arm-none-eabi/10.3.1/thumb/v7e-m+fp/hard\libgcc.a(_dvmd_tls.o)
                0x0000000008000f38                __aeabi_idiv0
                0x0000000008000f38                __aeabi_ldiv0
 *(.text*)
 .text.cmpfVal  0x0000000008000f3c       0x20 ./Core/Src/main.o
                0x0000000008000f3c                cmpfVal
 .text.servo    0x0000000008000f5c       0x5c ./Core/Src/main.o
                0x0000000008000f5c                servo
 .text.led      0x0000000008000fb8       0x20 ./Core/Src/main.o
                0x0000000008000fb8                led
 .text.motor    0x0000000008000fd8       0xc4 ./Core/Src/main.o
                0x0000000008000fd8                motor
 .text.SystemClock_Config
                0x000000000800109c       0x88 ./Core/Src/main.o
                0x000000000800109c                SystemClock_Config
 .text.HAL_UART_RxCpltCallback
                0x0000000008001124        0x2 ./Core/Src/main.o
                0x0000000008001124                HAL_UART_RxCpltCallback
 *fill*         0x0000000008001126        0x2 
 .text.avgVal   0x0000000008001128       0x44 ./Core/Src/main.o
                0x0000000008001128                avgVal
 .text.fmedVal  0x000000000800116c       0x68 ./Core/Src/main.o
                0x000000000800116c                fmedVal
 .text.irToDist
                0x00000000080011d4       0x9c ./Core/Src/main.o
                0x00000000080011d4                irToDist
 .text.bufferFilled
                0x0000000008001270       0x16 ./Core/Src/main.o
                0x0000000008001270                bufferFilled
 *fill*         0x0000000008001286        0x2 
 .text.oled     0x0000000008001288      0x170 ./Core/Src/main.o
                0x0000000008001288                oled
 .text.changeProfile
                0x00000000080013f8      0x1e8 ./Core/Src/main.o
                0x00000000080013f8                changeProfile
 .text.HAL_GPIO_EXTI_Callback
                0x00000000080015e0       0x1c ./Core/Src/main.o
                0x00000000080015e0                HAL_GPIO_EXTI_Callback
 .text.clearCmds
                0x00000000080015fc       0x44 ./Core/Src/main.o
                0x00000000080015fc                clearCmds
 .text.startup.main
                0x0000000008001640      0x93c ./Core/Src/main.o
                0x0000000008001640                main
 .text.microDelay
                0x0000000008001f7c       0x1c ./Core/Src/main.o
                0x0000000008001f7c                microDelay
 .text.ultra    0x0000000008001f98       0x48 ./Core/Src/main.o
                0x0000000008001f98                ultra
 .text.fvalShift
                0x0000000008001fe0       0x14 ./Core/Src/main.o
                0x0000000008001fe0                fvalShift
 .text.icm      0x0000000008001ff4       0xf4 ./Core/Src/main.o
                0x0000000008001ff4                icm
 .text.valShift
                0x00000000080020e8       0x14 ./Core/Src/main.o
                0x00000000080020e8                valShift
 .text.HAL_TIM_IC_CaptureCallback
                0x00000000080020fc       0x8c ./Core/Src/main.o
                0x00000000080020fc                HAL_TIM_IC_CaptureCallback
 .text.ir       0x0000000008002188       0x5c ./Core/Src/main.o
                0x0000000008002188                ir
 .text.battery  0x00000000080021e4      0x118 ./Core/Src/main.o
                0x00000000080021e4                battery
 .text.adjustRobot
                0x00000000080022fc       0x90 ./Core/Src/main.o
                0x00000000080022fc                adjustRobot
 .text.pid      0x000000000800238c      0x1a8 ./Core/Src/main.o
                0x000000000800238c                pid
 .text.encoder  0x0000000008002534      0x1a0 ./Core/Src/main.o
                0x0000000008002534                encoder
 .text.stopRobot
                0x00000000080026d4      0x24c ./Core/Src/main.o
                0x00000000080026d4                stopRobot
 .text.driveRobot
                0x0000000008002920      0x640 ./Core/Src/main.o
                0x0000000008002920                driveRobot
 .text.rpi      0x0000000008002f60      0x114 ./Core/Src/main.o
                0x0000000008002f60                rpi
 .text.turnRobot
                0x0000000008003074      0x128 ./Core/Src/main.o
                0x0000000008003074                turnRobot
 .text.dispatch
                0x000000000800319c       0xec ./Core/Src/main.o
                0x000000000800319c                dispatch
 .text.HAL_MspInit
                0x0000000008003288       0x40 ./Core/Src/stm32f4xx_hal_msp.o
                0x0000000008003288                HAL_MspInit
 .text.HAL_ADC_MspInit
                0x00000000080032c8       0xa0 ./Core/Src/stm32f4xx_hal_msp.o
                0x00000000080032c8                HAL_ADC_MspInit
 .text.HAL_I2C_MspInit
                0x0000000008003368       0x74 ./Core/Src/stm32f4xx_hal_msp.o
                0x0000000008003368                HAL_I2C_MspInit
 .text.HAL_TIM_PWM_MspInit
                0x00000000080033dc       0x30 ./Core/Src/stm32f4xx_hal_msp.o
                0x00000000080033dc                HAL_TIM_PWM_MspInit
 .text.HAL_TIM_Encoder_MspInit
                0x000000000800340c       0xdc ./Core/Src/stm32f4xx_hal_msp.o
                0x000000000800340c                HAL_TIM_Encoder_MspInit
 .text.HAL_TIM_IC_MspInit
                0x00000000080034e8       0x78 ./Core/Src/stm32f4xx_hal_msp.o
                0x00000000080034e8                HAL_TIM_IC_MspInit
 .text.HAL_TIM_Base_MspInit
                0x0000000008003560       0x8c ./Core/Src/stm32f4xx_hal_msp.o
                0x0000000008003560                HAL_TIM_Base_MspInit
 .text.HAL_TIM_MspPostInit
                0x00000000080035ec       0x58 ./Core/Src/stm32f4xx_hal_msp.o
                0x00000000080035ec                HAL_TIM_MspPostInit
 .text.HAL_UART_MspInit
                0x0000000008003644       0x7c ./Core/Src/stm32f4xx_hal_msp.o
                0x0000000008003644                HAL_UART_MspInit
 .text.NMI_Handler
                0x00000000080036c0        0x2 ./Core/Src/stm32f4xx_it.o
                0x00000000080036c0                NMI_Handler
 .text.HardFault_Handler
                0x00000000080036c2        0x2 ./Core/Src/stm32f4xx_it.o
                0x00000000080036c2                HardFault_Handler
 .text.MemManage_Handler
                0x00000000080036c4        0x2 ./Core/Src/stm32f4xx_it.o
                0x00000000080036c4                MemManage_Handler
 .text.BusFault_Handler
                0x00000000080036c6        0x2 ./Core/Src/stm32f4xx_it.o
                0x00000000080036c6                BusFault_Handler
 .text.UsageFault_Handler
                0x00000000080036c8        0x2 ./Core/Src/stm32f4xx_it.o
                0x00000000080036c8                UsageFault_Handler
 .text.DebugMon_Handler
                0x00000000080036ca        0x2 ./Core/Src/stm32f4xx_it.o
                0x00000000080036ca                DebugMon_Handler
 .text.SysTick_Handler
                0x00000000080036cc       0x18 ./Core/Src/stm32f4xx_it.o
                0x00000000080036cc                SysTick_Handler
 .text.EXTI9_5_IRQHandler
                0x00000000080036e4        0x8 ./Core/Src/stm32f4xx_it.o
                0x00000000080036e4                EXTI9_5_IRQHandler
 .text.TIM4_IRQHandler
                0x00000000080036ec        0xc ./Core/Src/stm32f4xx_it.o
                0x00000000080036ec                TIM4_IRQHandler
 .text.USART3_IRQHandler
                0x00000000080036f8        0xc ./Core/Src/stm32f4xx_it.o
                0x00000000080036f8                USART3_IRQHandler
 .text._sbrk    0x0000000008003704       0x40 ./Core/Src/sysmem.o
                0x0000000008003704                _sbrk
 .text.SystemInit
                0x0000000008003744       0x14 ./Core/Src/system_stm32f4xx.o
                0x0000000008003744                SystemInit
 .text.Reset_Handler
                0x0000000008003758       0x50 ./Core/Startup/startup_stm32f407vetx.o
                0x0000000008003758                Reset_Handler
 .text.Default_Handler
                0x00000000080037a8        0x2 ./Core/Startup/startup_stm32f407vetx.o
                0x00000000080037a8                RTC_Alarm_IRQHandler
                0x00000000080037a8                HASH_RNG_IRQHandler
                0x00000000080037a8                EXTI2_IRQHandler
                0x00000000080037a8                TIM8_CC_IRQHandler
                0x00000000080037a8                TIM1_CC_IRQHandler
                0x00000000080037a8                DMA2_Stream5_IRQHandler
                0x00000000080037a8                DMA1_Stream5_IRQHandler
                0x00000000080037a8                PVD_IRQHandler
                0x00000000080037a8                SDIO_IRQHandler
                0x00000000080037a8                TAMP_STAMP_IRQHandler
                0x00000000080037a8                CAN2_RX1_IRQHandler
                0x00000000080037a8                EXTI3_IRQHandler
                0x00000000080037a8                TIM8_TRG_COM_TIM14_IRQHandler
                0x00000000080037a8                TIM1_UP_TIM10_IRQHandler
                0x00000000080037a8                TIM8_UP_TIM13_IRQHandler
                0x00000000080037a8                I2C3_ER_IRQHandler
                0x00000000080037a8                EXTI0_IRQHandler
                0x00000000080037a8                I2C2_EV_IRQHandler
                0x00000000080037a8                DMA1_Stream2_IRQHandler
                0x00000000080037a8                CAN1_RX0_IRQHandler
                0x00000000080037a8                FPU_IRQHandler
                0x00000000080037a8                OTG_HS_WKUP_IRQHandler
                0x00000000080037a8                CAN2_SCE_IRQHandler
                0x00000000080037a8                DMA2_Stream2_IRQHandler
                0x00000000080037a8                SPI1_IRQHandler
                0x00000000080037a8                TIM6_DAC_IRQHandler
                0x00000000080037a8                TIM1_BRK_TIM9_IRQHandler
                0x00000000080037a8                DCMI_IRQHandler
                0x00000000080037a8                CAN2_RX0_IRQHandler
                0x00000000080037a8                DMA2_Stream3_IRQHandler
                0x00000000080037a8                USART6_IRQHandler
                0x00000000080037a8                CAN1_RX1_IRQHandler
                0x00000000080037a8                UART5_IRQHandler
                0x00000000080037a8                DMA2_Stream0_IRQHandler
                0x00000000080037a8                I2C1_EV_IRQHandler
                0x00000000080037a8                DMA1_Stream6_IRQHandler
                0x00000000080037a8                DMA1_Stream1_IRQHandler
                0x00000000080037a8                UART4_IRQHandler
                0x00000000080037a8                TIM3_IRQHandler
                0x00000000080037a8                RCC_IRQHandler
                0x00000000080037a8                TIM8_BRK_TIM12_IRQHandler
                0x00000000080037a8                Default_Handler
                0x00000000080037a8                EXTI15_10_IRQHandler
                0x00000000080037a8                ADC_IRQHandler
                0x00000000080037a8                DMA1_Stream7_IRQHandler
                0x00000000080037a8                TIM7_IRQHandler
                0x00000000080037a8                CAN2_TX_IRQHandler
                0x00000000080037a8                TIM5_IRQHandler
                0x00000000080037a8                DMA2_Stream7_IRQHandler
                0x00000000080037a8                I2C3_EV_IRQHandler
                0x00000000080037a8                RTC_WKUP_IRQHandler
                0x00000000080037a8                ETH_WKUP_IRQHandler
                0x00000000080037a8                SPI2_IRQHandler
                0x00000000080037a8                OTG_HS_EP1_IN_IRQHandler
                0x00000000080037a8                DMA1_Stream0_IRQHandler
                0x00000000080037a8                CAN1_TX_IRQHandler
                0x00000000080037a8                EXTI4_IRQHandler
                0x00000000080037a8                FSMC_IRQHandler
                0x00000000080037a8                ETH_IRQHandler
                0x00000000080037a8                OTG_HS_EP1_OUT_IRQHandler
                0x00000000080037a8                WWDG_IRQHandler
                0x00000000080037a8                TIM2_IRQHandler
                0x00000000080037a8                OTG_FS_WKUP_IRQHandler
                0x00000000080037a8                TIM1_TRG_COM_TIM11_IRQHandler
                0x00000000080037a8                OTG_HS_IRQHandler
                0x00000000080037a8                EXTI1_IRQHandler
                0x00000000080037a8                USART2_IRQHandler
                0x00000000080037a8                I2C2_ER_IRQHandler
                0x00000000080037a8                DMA2_Stream1_IRQHandler
                0x00000000080037a8                CAN1_SCE_IRQHandler
                0x00000000080037a8                FLASH_IRQHandler
                0x00000000080037a8                DMA2_Stream4_IRQHandler
                0x00000000080037a8                USART1_IRQHandler
                0x00000000080037a8                OTG_FS_IRQHandler
                0x00000000080037a8                SPI3_IRQHandler
                0x00000000080037a8                DMA1_Stream4_IRQHandler
                0x00000000080037a8                I2C1_ER_IRQHandler
                0x00000000080037a8                DMA2_Stream6_IRQHandler
                0x00000000080037a8                DMA1_Stream3_IRQHandler
 *fill*         0x00000000080037aa        0x2 
 .text.HAL_InitTick
                0x00000000080037ac       0x48 ./Drivers/STM32F4xx_HAL_Driver/Src/stm32f4xx_hal.o
                0x00000000080037ac                HAL_InitTick
 .text.HAL_Init
                0x00000000080037f4       0x34 ./Drivers/STM32F4xx_HAL_Driver/Src/stm32f4xx_hal.o
                0x00000000080037f4                HAL_Init
 .text.HAL_IncTick
                0x0000000008003828       0x18 ./Drivers/STM32F4xx_HAL_Driver/Src/stm32f4xx_hal.o
                0x0000000008003828                HAL_IncTick
 .text.HAL_GetTick
                0x0000000008003840        0xc ./Drivers/STM32F4xx_HAL_Driver/Src/stm32f4xx_hal.o
                0x0000000008003840                HAL_GetTick
 .text.HAL_Delay
                0x000000000800384c       0x28 ./Drivers/STM32F4xx_HAL_Driver/Src/stm32f4xx_hal.o
                0x000000000800384c                HAL_Delay
 .text.HAL_ADC_Init
                0x0000000008003874      0x14c ./Drivers/STM32F4xx_HAL_Driver/Src/stm32f4xx_hal_adc.o
                0x0000000008003874                HAL_ADC_Init
 .text.HAL_ADC_Start
                0x00000000080039c0      0x108 ./Drivers/STM32F4xx_HAL_Driver/Src/stm32f4xx_hal_adc.o
                0x00000000080039c0                HAL_ADC_Start
 .text.HAL_ADC_PollForConversion
                0x0000000008003ac8       0xa6 ./Drivers/STM32F4xx_HAL_Driver/Src/stm32f4xx_hal_adc.o
                0x0000000008003ac8                HAL_ADC_PollForConversion
 .text.HAL_ADC_GetValue
                0x0000000008003b6e        0x6 ./Drivers/STM32F4xx_HAL_Driver/Src/stm32f4xx_hal_adc.o
                0x0000000008003b6e                HAL_ADC_GetValue
 .text.HAL_ADC_ConfigChannel
                0x0000000008003b74      0x124 ./Drivers/STM32F4xx_HAL_Driver/Src/stm32f4xx_hal_adc.o
                0x0000000008003b74                HAL_ADC_ConfigChannel
 .text.HAL_NVIC_SetPriorityGrouping
                0x0000000008003c98       0x24 ./Drivers/STM32F4xx_HAL_Driver/Src/stm32f4xx_hal_cortex.o
                0x0000000008003c98                HAL_NVIC_SetPriorityGrouping
 .text.HAL_NVIC_SetPriority
                0x0000000008003cbc       0x64 ./Drivers/STM32F4xx_HAL_Driver/Src/stm32f4xx_hal_cortex.o
                0x0000000008003cbc                HAL_NVIC_SetPriority
 .text.HAL_NVIC_EnableIRQ
                0x0000000008003d20       0x1c ./Drivers/STM32F4xx_HAL_Driver/Src/stm32f4xx_hal_cortex.o
                0x0000000008003d20                HAL_NVIC_EnableIRQ
 .text.HAL_SYSTICK_Config
                0x0000000008003d3c       0x28 ./Drivers/STM32F4xx_HAL_Driver/Src/stm32f4xx_hal_cortex.o
                0x0000000008003d3c                HAL_SYSTICK_Config
 .text.HAL_DMA_Abort
                0x0000000008003d64       0x88 ./Drivers/STM32F4xx_HAL_Driver/Src/stm32f4xx_hal_dma.o
                0x0000000008003d64                HAL_DMA_Abort
 .text.HAL_DMA_Abort_IT
                0x0000000008003dec       0x24 ./Drivers/STM32F4xx_HAL_Driver/Src/stm32f4xx_hal_dma.o
                0x0000000008003dec                HAL_DMA_Abort_IT
 .text.HAL_GPIO_Init
                0x0000000008003e10      0x1b4 ./Drivers/STM32F4xx_HAL_Driver/Src/stm32f4xx_hal_gpio.o
                0x0000000008003e10                HAL_GPIO_Init
 .text.HAL_GPIO_ReadPin
                0x0000000008003fc4        0xc ./Drivers/STM32F4xx_HAL_Driver/Src/stm32f4xx_hal_gpio.o
                0x0000000008003fc4                HAL_GPIO_ReadPin
 .text.HAL_GPIO_WritePin
                0x0000000008003fd0        0xa ./Drivers/STM32F4xx_HAL_Driver/Src/stm32f4xx_hal_gpio.o
                0x0000000008003fd0                HAL_GPIO_WritePin
 .text.HAL_GPIO_TogglePin
                0x0000000008003fda       0x12 ./Drivers/STM32F4xx_HAL_Driver/Src/stm32f4xx_hal_gpio.o
                0x0000000008003fda                HAL_GPIO_TogglePin
 .text.HAL_GPIO_EXTI_IRQHandler
                0x0000000008003fec       0x18 ./Drivers/STM32F4xx_HAL_Driver/Src/stm32f4xx_hal_gpio.o
                0x0000000008003fec                HAL_GPIO_EXTI_IRQHandler
 .text.I2C_IsAcknowledgeFailed
                0x0000000008004004       0x34 ./Drivers/STM32F4xx_HAL_Driver/Src/stm32f4xx_hal_i2c.o
 .text.I2C_WaitOnFlagUntilTimeout
                0x0000000008004038       0x64 ./Drivers/STM32F4xx_HAL_Driver/Src/stm32f4xx_hal_i2c.o
 .text.I2C_WaitOnMasterAddressFlagUntilTimeout
                0x000000000800409c       0x76 ./Drivers/STM32F4xx_HAL_Driver/Src/stm32f4xx_hal_i2c.o
 .text.I2C_WaitOnRXNEFlagUntilTimeout
                0x0000000008004112       0x5e ./Drivers/STM32F4xx_HAL_Driver/Src/stm32f4xx_hal_i2c.o
 .text.I2C_WaitOnBTFFlagUntilTimeout
                0x0000000008004170       0x4c ./Drivers/STM32F4xx_HAL_Driver/Src/stm32f4xx_hal_i2c.o
 .text.I2C_WaitOnTXEFlagUntilTimeout
                0x00000000080041bc       0x4c ./Drivers/STM32F4xx_HAL_Driver/Src/stm32f4xx_hal_i2c.o
 .text.I2C_RequestMemoryWrite
                0x0000000008004208       0xb0 ./Drivers/STM32F4xx_HAL_Driver/Src/stm32f4xx_hal_i2c.o
 .text.HAL_I2C_Init
                0x00000000080042b8      0x150 ./Drivers/STM32F4xx_HAL_Driver/Src/stm32f4xx_hal_i2c.o
                0x00000000080042b8                HAL_I2C_Init
 .text.HAL_I2C_Master_Transmit
                0x0000000008004408      0x1b0 ./Drivers/STM32F4xx_HAL_Driver/Src/stm32f4xx_hal_i2c.o
                0x0000000008004408                HAL_I2C_Master_Transmit
 .text.HAL_I2C_Master_Receive
                0x00000000080045b8      0x2e0 ./Drivers/STM32F4xx_HAL_Driver/Src/stm32f4xx_hal_i2c.o
                0x00000000080045b8                HAL_I2C_Master_Receive
 .text.HAL_I2C_Mem_Write
                0x0000000008004898      0x120 ./Drivers/STM32F4xx_HAL_Driver/Src/stm32f4xx_hal_i2c.o
                0x0000000008004898                HAL_I2C_Mem_Write
 .text.HAL_I2C_GetError
                0x00000000080049b8        0x4 ./Drivers/STM32F4xx_HAL_Driver/Src/stm32f4xx_hal_i2c.o
                0x00000000080049b8                HAL_I2C_GetError
 .text.HAL_PWR_EnableBkUpAccess
                0x00000000080049bc       0x1c ./Drivers/STM32F4xx_HAL_Driver/Src/stm32f4xx_hal_pwr.o
                0x00000000080049bc                HAL_PWR_EnableBkUpAccess
 .text.HAL_PWR_DisableBkUpAccess
                0x00000000080049d8       0x1c ./Drivers/STM32F4xx_HAL_Driver/Src/stm32f4xx_hal_pwr.o
                0x00000000080049d8                HAL_PWR_DisableBkUpAccess
 .text.HAL_RCC_OscConfig
                0x00000000080049f4      0x360 ./Drivers/STM32F4xx_HAL_Driver/Src/stm32f4xx_hal_rcc.o
                0x00000000080049f4                HAL_RCC_OscConfig
 .text.HAL_RCC_GetSysClockFreq
                0x0000000008004d54       0x5c ./Drivers/STM32F4xx_HAL_Driver/Src/stm32f4xx_hal_rcc.o
                0x0000000008004d54                HAL_RCC_GetSysClockFreq
 .text.HAL_RCC_ClockConfig
                0x0000000008004db0      0x138 ./Drivers/STM32F4xx_HAL_Driver/Src/stm32f4xx_hal_rcc.o
                0x0000000008004db0                HAL_RCC_ClockConfig
 .text.HAL_RCC_GetPCLK1Freq
                0x0000000008004ee8       0x20 ./Drivers/STM32F4xx_HAL_Driver/Src/stm32f4xx_hal_rcc.o
                0x0000000008004ee8                HAL_RCC_GetPCLK1Freq
 .text.HAL_RCC_GetPCLK2Freq
                0x0000000008004f08       0x20 ./Drivers/STM32F4xx_HAL_Driver/Src/stm32f4xx_hal_rcc.o
                0x0000000008004f08                HAL_RCC_GetPCLK2Freq
 .text.TIM_OC1_SetConfig
                0x0000000008004f28       0x64 ./Drivers/STM32F4xx_HAL_Driver/Src/stm32f4xx_hal_tim.o
 .text.TIM_OC3_SetConfig
                0x0000000008004f8c       0x6c ./Drivers/STM32F4xx_HAL_Driver/Src/stm32f4xx_hal_tim.o
 .text.TIM_OC4_SetConfig
                0x0000000008004ff8       0x4c ./Drivers/STM32F4xx_HAL_Driver/Src/stm32f4xx_hal_tim.o
 .text.HAL_TIM_Base_Start
                0x0000000008005044       0x6c ./Drivers/STM32F4xx_HAL_Driver/Src/stm32f4xx_hal_tim.o
                0x0000000008005044                HAL_TIM_Base_Start
 .text.HAL_TIM_Encoder_Start
                0x00000000080050b0       0xb6 ./Drivers/STM32F4xx_HAL_Driver/Src/stm32f4xx_hal_tim.o
                0x00000000080050b0                HAL_TIM_Encoder_Start
 .text.HAL_TIM_ReadCapturedValue
                0x0000000008005166       0x2c ./Drivers/STM32F4xx_HAL_Driver/Src/stm32f4xx_hal_tim.o
                0x0000000008005166                HAL_TIM_ReadCapturedValue
 .text.HAL_TIM_PeriodElapsedCallback
                0x0000000008005192        0x2 ./Drivers/STM32F4xx_HAL_Driver/Src/stm32f4xx_hal_tim.o
                0x0000000008005192                HAL_TIM_PeriodElapsedCallback
 .text.HAL_TIM_OC_DelayElapsedCallback
                0x0000000008005194        0x2 ./Drivers/STM32F4xx_HAL_Driver/Src/stm32f4xx_hal_tim.o
                0x0000000008005194                HAL_TIM_OC_DelayElapsedCallback
 .text.HAL_TIM_PWM_PulseFinishedCallback
                0x0000000008005196        0x2 ./Drivers/STM32F4xx_HAL_Driver/Src/stm32f4xx_hal_tim.o
                0x0000000008005196                HAL_TIM_PWM_PulseFinishedCallback
 .text.HAL_TIM_TriggerCallback
                0x0000000008005198        0x2 ./Drivers/STM32F4xx_HAL_Driver/Src/stm32f4xx_hal_tim.o
                0x0000000008005198                HAL_TIM_TriggerCallback
 .text.HAL_TIM_IRQHandler
                0x000000000800519a      0x144 ./Drivers/STM32F4xx_HAL_Driver/Src/stm32f4xx_hal_tim.o
                0x000000000800519a                HAL_TIM_IRQHandler
 *fill*         0x00000000080052de        0x2 
 .text.TIM_Base_SetConfig
                0x00000000080052e0       0xcc ./Drivers/STM32F4xx_HAL_Driver/Src/stm32f4xx_hal_tim.o
                0x00000000080052e0                TIM_Base_SetConfig
 .text.HAL_TIM_Base_Init
                0x00000000080053ac       0x58 ./Drivers/STM32F4xx_HAL_Driver/Src/stm32f4xx_hal_tim.o
                0x00000000080053ac                HAL_TIM_Base_Init
 .text.HAL_TIM_PWM_Init
                0x0000000008005404       0x58 ./Drivers/STM32F4xx_HAL_Driver/Src/stm32f4xx_hal_tim.o
                0x0000000008005404                HAL_TIM_PWM_Init
 .text.HAL_TIM_IC_Init
                0x000000000800545c       0x58 ./Drivers/STM32F4xx_HAL_Driver/Src/stm32f4xx_hal_tim.o
                0x000000000800545c                HAL_TIM_IC_Init
 .text.HAL_TIM_Encoder_Init
                0x00000000080054b4       0xaa ./Drivers/STM32F4xx_HAL_Driver/Src/stm32f4xx_hal_tim.o
                0x00000000080054b4                HAL_TIM_Encoder_Init
 *fill*         0x000000000800555e        0x2 
 .text.TIM_OC2_SetConfig
                0x0000000008005560       0x6c ./Drivers/STM32F4xx_HAL_Driver/Src/stm32f4xx_hal_tim.o
                0x0000000008005560                TIM_OC2_SetConfig
 .text.HAL_TIM_PWM_ConfigChannel
                0x00000000080055cc       0xb8 ./Drivers/STM32F4xx_HAL_Driver/Src/stm32f4xx_hal_tim.o
                0x00000000080055cc                HAL_TIM_PWM_ConfigChannel
 .text.TIM_TI1_SetConfig
                0x0000000008005684       0x74 ./Drivers/STM32F4xx_HAL_Driver/Src/stm32f4xx_hal_tim.o
                0x0000000008005684                TIM_TI1_SetConfig
 .text.HAL_TIM_IC_ConfigChannel
                0x00000000080056f8      0x126 ./Drivers/STM32F4xx_HAL_Driver/Src/stm32f4xx_hal_tim.o
                0x00000000080056f8                HAL_TIM_IC_ConfigChannel
 .text.TIM_ETR_SetConfig
                0x000000000800581e       0x14 ./Drivers/STM32F4xx_HAL_Driver/Src/stm32f4xx_hal_tim.o
                0x000000000800581e                TIM_ETR_SetConfig
 .text.HAL_TIM_ConfigClockSource
                0x0000000008005832      0x138 ./Drivers/STM32F4xx_HAL_Driver/Src/stm32f4xx_hal_tim.o
                0x0000000008005832                HAL_TIM_ConfigClockSource
 .text.TIM_CCxChannelCmd
                0x000000000800596a       0x1c ./Drivers/STM32F4xx_HAL_Driver/Src/stm32f4xx_hal_tim.o
                0x000000000800596a                TIM_CCxChannelCmd
 *fill*         0x0000000008005986        0x2 
 .text.HAL_TIM_OC_Start
                0x0000000008005988       0xd0 ./Drivers/STM32F4xx_HAL_Driver/Src/stm32f4xx_hal_tim.o
                0x0000000008005988                HAL_TIM_OC_Start
 .text.HAL_TIM_PWM_Start
                0x0000000008005a58        0x4 ./Drivers/STM32F4xx_HAL_Driver/Src/stm32f4xx_hal_tim.o
                0x0000000008005a58                HAL_TIM_PWM_Start
 .text.HAL_TIM_OC_Start_IT
                0x0000000008005a5c       0xf8 ./Drivers/STM32F4xx_HAL_Driver/Src/stm32f4xx_hal_tim.o
                0x0000000008005a5c                HAL_TIM_OC_Start_IT
 .text.HAL_TIM_PWM_Start_IT
                0x0000000008005b54        0x4 ./Drivers/STM32F4xx_HAL_Driver/Src/stm32f4xx_hal_tim.o
                0x0000000008005b54                HAL_TIM_PWM_Start_IT
 .text.HAL_TIM_IC_Start_IT
                0x0000000008005b58      0x108 ./Drivers/STM32F4xx_HAL_Driver/Src/stm32f4xx_hal_tim.o
                0x0000000008005b58                HAL_TIM_IC_Start_IT
 .text.HAL_TIMEx_MasterConfigSynchronization
                0x0000000008005c60       0x7c ./Drivers/STM32F4xx_HAL_Driver/Src/stm32f4xx_hal_tim_ex.o
                0x0000000008005c60                HAL_TIMEx_MasterConfigSynchronization
 .text.HAL_TIMEx_ConfigBreakDeadTime
                0x0000000008005cdc       0x4c ./Drivers/STM32F4xx_HAL_Driver/Src/stm32f4xx_hal_tim_ex.o
                0x0000000008005cdc                HAL_TIMEx_ConfigBreakDeadTime
 .text.HAL_TIMEx_CommutCallback
                0x0000000008005d28        0x2 ./Drivers/STM32F4xx_HAL_Driver/Src/stm32f4xx_hal_tim_ex.o
                0x0000000008005d28                HAL_TIMEx_CommutCallback
 .text.HAL_TIMEx_BreakCallback
                0x0000000008005d2a        0x2 ./Drivers/STM32F4xx_HAL_Driver/Src/stm32f4xx_hal_tim_ex.o
                0x0000000008005d2a                HAL_TIMEx_BreakCallback
 .text.UART_EndRxTransfer
                0x0000000008005d2c       0x5c ./Drivers/STM32F4xx_HAL_Driver/Src/stm32f4xx_hal_uart.o
 .text.UART_SetConfig
                0x0000000008005d88       0xbc ./Drivers/STM32F4xx_HAL_Driver/Src/stm32f4xx_hal_uart.o
 .text.UART_WaitOnFlagUntilTimeout.constprop.0
                0x0000000008005e44       0x6c ./Drivers/STM32F4xx_HAL_Driver/Src/stm32f4xx_hal_uart.o
 .text.HAL_UART_Init
                0x0000000008005eb0       0x5c ./Drivers/STM32F4xx_HAL_Driver/Src/stm32f4xx_hal_uart.o
                0x0000000008005eb0                HAL_UART_Init
 .text.HAL_UART_Transmit
                0x0000000008005f0c       0xaa ./Drivers/STM32F4xx_HAL_Driver/Src/stm32f4xx_hal_uart.o
                0x0000000008005f0c                HAL_UART_Transmit
 .text.HAL_UART_TxCpltCallback
                0x0000000008005fb6        0x2 ./Drivers/STM32F4xx_HAL_Driver/Src/stm32f4xx_hal_uart.o
                0x0000000008005fb6                HAL_UART_TxCpltCallback
 .text.HAL_UART_ErrorCallback
                0x0000000008005fb8        0x2 ./Drivers/STM32F4xx_HAL_Driver/Src/stm32f4xx_hal_uart.o
                0x0000000008005fb8                HAL_UART_ErrorCallback
 .text.UART_DMAAbortOnError
                0x0000000008005fba       0x10 ./Drivers/STM32F4xx_HAL_Driver/Src/stm32f4xx_hal_uart.o
 .text.HAL_UARTEx_RxEventCallback
                0x0000000008005fca        0x2 ./Drivers/STM32F4xx_HAL_Driver/Src/stm32f4xx_hal_uart.o
                0x0000000008005fca                HAL_UARTEx_RxEventCallback
 .text.UART_Receive_IT.part.0.isra.0
                0x0000000008005fcc       0xac ./Drivers/STM32F4xx_HAL_Driver/Src/stm32f4xx_hal_uart.o
 .text.HAL_UART_IRQHandler
                0x0000000008006078      0x2a0 ./Drivers/STM32F4xx_HAL_Driver/Src/stm32f4xx_hal_uart.o
                0x0000000008006078                HAL_UART_IRQHandler
 .text.UART_Start_Receive_IT
                0x0000000008006318       0x36 ./Drivers/STM32F4xx_HAL_Driver/Src/stm32f4xx_hal_uart.o
                0x0000000008006318                UART_Start_Receive_IT
 .text.HAL_UART_Receive_IT
                0x000000000800634e       0x30 ./Drivers/STM32F4xx_HAL_Driver/Src/stm32f4xx_hal_uart.o
                0x000000000800634e                HAL_UART_Receive_IT
 *fill*         0x000000000800637e        0x2 
 .text.osKernelInitialize
                0x0000000008006380       0x24 ./Middlewares/Third_Party/FreeRTOS/Source/CMSIS_RTOS_V2/cmsis_os2.o
                0x0000000008006380                osKernelInitialize
 .text.osKernelStart
                0x00000000080063a4       0x34 ./Middlewares/Third_Party/FreeRTOS/Source/CMSIS_RTOS_V2/cmsis_os2.o
                0x00000000080063a4                osKernelStart
 .text.osThreadNew
                0x00000000080063d8       0x92 ./Middlewares/Third_Party/FreeRTOS/Source/CMSIS_RTOS_V2/cmsis_os2.o
                0x00000000080063d8                osThreadNew
 .text.osDelay  0x000000000800646a       0x18 ./Middlewares/Third_Party/FreeRTOS/Source/CMSIS_RTOS_V2/cmsis_os2.o
                0x000000000800646a                osDelay
 *fill*         0x0000000008006482        0x2 
 .text.vApplicationGetIdleTaskMemory
                0x0000000008006484       0x18 ./Middlewares/Third_Party/FreeRTOS/Source/CMSIS_RTOS_V2/cmsis_os2.o
                0x0000000008006484                vApplicationGetIdleTaskMemory
 .text.vApplicationGetTimerTaskMemory
                0x000000000800649c       0x18 ./Middlewares/Third_Party/FreeRTOS/Source/CMSIS_RTOS_V2/cmsis_os2.o
                0x000000000800649c                vApplicationGetTimerTaskMemory
 .text.vListInitialise
                0x00000000080064b4       0x16 ./Middlewares/Third_Party/FreeRTOS/Source/list.o
                0x00000000080064b4                vListInitialise
 .text.vListInitialiseItem
                0x00000000080064ca        0x6 ./Middlewares/Third_Party/FreeRTOS/Source/list.o
                0x00000000080064ca                vListInitialiseItem
 .text.vListInsertEnd
                0x00000000080064d0       0x18 ./Middlewares/Third_Party/FreeRTOS/Source/list.o
                0x00000000080064d0                vListInsertEnd
 .text.vListInsert
                0x00000000080064e8       0x2e ./Middlewares/Third_Party/FreeRTOS/Source/list.o
                0x00000000080064e8                vListInsert
 .text.uxListRemove
                0x0000000008006516       0x20 ./Middlewares/Third_Party/FreeRTOS/Source/list.o
                0x0000000008006516                uxListRemove
 .text.prvIsQueueEmpty
                0x0000000008006536       0x16 ./Middlewares/Third_Party/FreeRTOS/Source/queue.o
 .text.prvCopyDataToQueue
                0x000000000800654c       0x6a ./Middlewares/Third_Party/FreeRTOS/Source/queue.o
 .text.prvCopyDataFromQueue
                0x00000000080065b6       0x2c ./Middlewares/Third_Party/FreeRTOS/Source/queue.o
 .text.prvUnlockQueue
                0x00000000080065e2       0x70 ./Middlewares/Third_Party/FreeRTOS/Source/queue.o
 .text.xQueueGenericReset
                0x0000000008006652       0x7e ./Middlewares/Third_Party/FreeRTOS/Source/queue.o
                0x0000000008006652                xQueueGenericReset
 .text.xQueueGenericCreateStatic
                0x00000000080066d0       0x9c ./Middlewares/Third_Party/FreeRTOS/Source/queue.o
                0x00000000080066d0                xQueueGenericCreateStatic
 .text.xQueueGenericSend
                0x000000000800676c      0x166 ./Middlewares/Third_Party/FreeRTOS/Source/queue.o
                0x000000000800676c                xQueueGenericSend
 .text.xQueueGenericSendFromISR
                0x00000000080068d2       0xc4 ./Middlewares/Third_Party/FreeRTOS/Source/queue.o
                0x00000000080068d2                xQueueGenericSendFromISR
 .text.xQueueReceive
                0x0000000008006996      0x13e ./Middlewares/Third_Party/FreeRTOS/Source/queue.o
                0x0000000008006996                xQueueReceive
 .text.vQueueAddToRegistry
                0x0000000008006ad4       0x24 ./Middlewares/Third_Party/FreeRTOS/Source/queue.o
                0x0000000008006ad4                vQueueAddToRegistry
 .text.vQueueWaitForMessageRestricted
                0x0000000008006af8       0x46 ./Middlewares/Third_Party/FreeRTOS/Source/queue.o
                0x0000000008006af8                vQueueWaitForMessageRestricted
 *fill*         0x0000000008006b3e        0x2 
 .text.prvAddNewTaskToReadyList
                0x0000000008006b40      0x100 ./Middlewares/Third_Party/FreeRTOS/Source/tasks.o
 .text.prvAddCurrentTaskToDelayedList
                0x0000000008006c40       0x70 ./Middlewares/Third_Party/FreeRTOS/Source/tasks.o
 .text.prvResetNextTaskUnblockTime
                0x0000000008006cb0       0x24 ./Middlewares/Third_Party/FreeRTOS/Source/tasks.o
 .text.prvDeleteTCB
                0x0000000008006cd4       0x36 ./Middlewares/Third_Party/FreeRTOS/Source/tasks.o
 *fill*         0x0000000008006d0a        0x2 
 .text.prvIdleTask
                0x0000000008006d0c       0x60 ./Middlewares/Third_Party/FreeRTOS/Source/tasks.o
 .text.prvInitialiseNewTask.constprop.0
                0x0000000008006d6c       0x9a ./Middlewares/Third_Party/FreeRTOS/Source/tasks.o
 .text.xTaskCreateStatic
                0x0000000008006e06       0x70 ./Middlewares/Third_Party/FreeRTOS/Source/tasks.o
                0x0000000008006e06                xTaskCreateStatic
 .text.xTaskCreate
                0x0000000008006e76       0x5a ./Middlewares/Third_Party/FreeRTOS/Source/tasks.o
                0x0000000008006e76                xTaskCreate
 .text.vTaskStartScheduler
                0x0000000008006ed0       0x8c ./Middlewares/Third_Party/FreeRTOS/Source/tasks.o
                0x0000000008006ed0                vTaskStartScheduler
 .text.vTaskSuspendAll
                0x0000000008006f5c       0x10 ./Middlewares/Third_Party/FreeRTOS/Source/tasks.o
                0x0000000008006f5c                vTaskSuspendAll
 .text.xTaskGetTickCount
                0x0000000008006f6c        0xc ./Middlewares/Third_Party/FreeRTOS/Source/tasks.o
                0x0000000008006f6c                xTaskGetTickCount
 .text.xTaskIncrementTick
                0x0000000008006f78      0x12c ./Middlewares/Third_Party/FreeRTOS/Source/tasks.o
                0x0000000008006f78                xTaskIncrementTick
 .text.xTaskResumeAll
                0x00000000080070a4       0xe8 ./Middlewares/Third_Party/FreeRTOS/Source/tasks.o
                0x00000000080070a4                xTaskResumeAll
 .text.vTaskDelay
                0x000000000800718c       0x48 ./Middlewares/Third_Party/FreeRTOS/Source/tasks.o
                0x000000000800718c                vTaskDelay
 .text.vTaskSwitchContext
                0x00000000080071d4       0x74 ./Middlewares/Third_Party/FreeRTOS/Source/tasks.o
                0x00000000080071d4                vTaskSwitchContext
 .text.vTaskPlaceOnEventList
                0x0000000008007248       0x34 ./Middlewares/Third_Party/FreeRTOS/Source/tasks.o
                0x0000000008007248                vTaskPlaceOnEventList
 .text.vTaskPlaceOnEventListRestricted
                0x000000000800727c       0x3c ./Middlewares/Third_Party/FreeRTOS/Source/tasks.o
                0x000000000800727c                vTaskPlaceOnEventListRestricted
 .text.xTaskRemoveFromEventList
                0x00000000080072b8       0x88 ./Middlewares/Third_Party/FreeRTOS/Source/tasks.o
                0x00000000080072b8                xTaskRemoveFromEventList
 .text.vTaskInternalSetTimeOutState
                0x0000000008007340       0x18 ./Middlewares/Third_Party/FreeRTOS/Source/tasks.o
                0x0000000008007340                vTaskInternalSetTimeOutState
 .text.xTaskCheckForTimeOut
                0x0000000008007358       0x78 ./Middlewares/Third_Party/FreeRTOS/Source/tasks.o
                0x0000000008007358                xTaskCheckForTimeOut
 .text.vTaskMissedYield
                0x00000000080073d0        0xc ./Middlewares/Third_Party/FreeRTOS/Source/tasks.o
                0x00000000080073d0                vTaskMissedYield
 .text.xTaskGetSchedulerState
                0x00000000080073dc       0x20 ./Middlewares/Third_Party/FreeRTOS/Source/tasks.o
                0x00000000080073dc                xTaskGetSchedulerState
 .text.xTaskPriorityDisinherit
                0x00000000080073fc       0x88 ./Middlewares/Third_Party/FreeRTOS/Source/tasks.o
                0x00000000080073fc                xTaskPriorityDisinherit
 .text.prvCheckForValidListAndQueue
                0x0000000008007484       0x68 ./Middlewares/Third_Party/FreeRTOS/Source/timers.o
 .text.prvInsertTimerInActiveList
                0x00000000080074ec       0x3c ./Middlewares/Third_Party/FreeRTOS/Source/timers.o
 .text.xTimerCreateTimerTask
                0x0000000008007528       0x64 ./Middlewares/Third_Party/FreeRTOS/Source/timers.o
                0x0000000008007528                xTimerCreateTimerTask
 .text.xTimerGenericCommand
                0x000000000800758c       0x58 ./Middlewares/Third_Party/FreeRTOS/Source/timers.o
                0x000000000800758c                xTimerGenericCommand
 .text.prvSampleTimeNow
                0x00000000080075e4       0xac ./Middlewares/Third_Party/FreeRTOS/Source/timers.o
 .text.prvTimerTask
                0x0000000008007690      0x1cc ./Middlewares/Third_Party/FreeRTOS/Source/timers.o
 .text.prvPortStartFirstTask
                0x000000000800785c       0x28 ./Middlewares/Third_Party/FreeRTOS/Source/portable/GCC/ARM_CM4F/port.o
 .text.vPortEnableVFP
                0x0000000008007884       0x14 ./Middlewares/Third_Party/FreeRTOS/Source/portable/GCC/ARM_CM4F/port.o
 .text.prvTaskExitError
                0x0000000008007898       0x40 ./Middlewares/Third_Party/FreeRTOS/Source/portable/GCC/ARM_CM4F/port.o
 .text.pxPortInitialiseStack
                0x00000000080078d8       0x2c ./Middlewares/Third_Party/FreeRTOS/Source/portable/GCC/ARM_CM4F/port.o
                0x00000000080078d8                pxPortInitialiseStack
 *fill*         0x0000000008007904        0xc 
 .text.SVC_Handler
                0x0000000008007910       0x24 ./Middlewares/Third_Party/FreeRTOS/Source/portable/GCC/ARM_CM4F/port.o
                0x0000000008007910                SVC_Handler
 .text.vPortEnterCritical
                0x0000000008007934       0x40 ./Middlewares/Third_Party/FreeRTOS/Source/portable/GCC/ARM_CM4F/port.o
                0x0000000008007934                vPortEnterCritical
 .text.vPortExitCritical
                0x0000000008007974       0x28 ./Middlewares/Third_Party/FreeRTOS/Source/portable/GCC/ARM_CM4F/port.o
                0x0000000008007974                vPortExitCritical
 *fill*         0x000000000800799c        0x4 
 .text.PendSV_Handler
                0x00000000080079a0       0x64 ./Middlewares/Third_Party/FreeRTOS/Source/portable/GCC/ARM_CM4F/port.o
                0x00000000080079a0                PendSV_Handler
 .text.xPortSysTickHandler
                0x0000000008007a04       0x2c ./Middlewares/Third_Party/FreeRTOS/Source/portable/GCC/ARM_CM4F/port.o
                0x0000000008007a04                xPortSysTickHandler
 .text.vPortSetupTimerInterrupt
                0x0000000008007a30       0x24 ./Middlewares/Third_Party/FreeRTOS/Source/portable/GCC/ARM_CM4F/port.o
                0x0000000008007a30                vPortSetupTimerInterrupt
 .text.xPortStartScheduler
                0x0000000008007a54      0x10c ./Middlewares/Third_Party/FreeRTOS/Source/portable/GCC/ARM_CM4F/port.o
                0x0000000008007a54                xPortStartScheduler
 .text.vPortValidateInterruptPriority
                0x0000000008007b60       0x5c ./Middlewares/Third_Party/FreeRTOS/Source/portable/GCC/ARM_CM4F/port.o
                0x0000000008007b60                vPortValidateInterruptPriority
 .text.prvInsertBlockIntoFreeList
                0x0000000008007bbc       0x48 ./Middlewares/Third_Party/FreeRTOS/Source/portable/MemMang/heap_4.o
 .text.pvPortMalloc
                0x0000000008007c04      0x130 ./Middlewares/Third_Party/FreeRTOS/Source/portable/MemMang/heap_4.o
                0x0000000008007c04                pvPortMalloc
 .text.vPortFree
                0x0000000008007d34       0x7c ./Middlewares/Third_Party/FreeRTOS/Source/portable/MemMang/heap_4.o
                0x0000000008007d34                vPortFree
 .text.select_user_bank
                0x0000000008007db0       0x10 ./PeripheralDriver/Src/icm20948.o
 .text.read_multiple_icm20948_reg
                0x0000000008007dc0       0x28 ./PeripheralDriver/Src/icm20948.o
 .text.write_single_icm20948_reg
                0x0000000008007de8       0x20 ./PeripheralDriver/Src/icm20948.o
 .text.write_single_ak09916_reg
                0x0000000008007e08       0x32 ./PeripheralDriver/Src/icm20948.o
 *fill*         0x0000000008007e3a        0x2 
 .text.read_single_icm20948_reg
                0x0000000008007e3c       0x24 ./PeripheralDriver/Src/icm20948.o
 .text.read_single_ak09916_reg
                0x0000000008007e60       0x34 ./PeripheralDriver/Src/icm20948.o
 .text.write_multiple_icm20948_reg
                0x0000000008007e94       0x24 ./PeripheralDriver/Src/icm20948.o
 .text.icm20948_gyro_read
                0x0000000008007eb8       0x40 ./PeripheralDriver/Src/icm20948.o
                0x0000000008007eb8                icm20948_gyro_read
 .text.icm20948_accel_read
                0x0000000008007ef8       0x50 ./PeripheralDriver/Src/icm20948.o
                0x0000000008007ef8                icm20948_accel_read
 .text.ak09916_mag_read
                0x0000000008007f48       0x84 ./PeripheralDriver/Src/icm20948.o
                0x0000000008007f48                ak09916_mag_read
 .text.icm20948_gyro_read_dps
                0x0000000008007fcc       0x38 ./PeripheralDriver/Src/icm20948.o
                0x0000000008007fcc                icm20948_gyro_read_dps
 .text.icm20948_accel_read_g
                0x0000000008008004       0x38 ./PeripheralDriver/Src/icm20948.o
                0x0000000008008004                icm20948_accel_read_g
 *fill*         0x000000000800803c        0x4 
 .text.ak09916_mag_read_uT
                0x0000000008008040       0x60 ./PeripheralDriver/Src/icm20948.o
                0x0000000008008040                ak09916_mag_read_uT
 .text.icm20948_who_am_i
                0x00000000080080a0       0x14 ./PeripheralDriver/Src/icm20948.o
                0x00000000080080a0                icm20948_who_am_i
 .text.ak09916_who_am_i
                0x00000000080080b4       0x12 ./PeripheralDriver/Src/icm20948.o
                0x00000000080080b4                ak09916_who_am_i
 .text.icm20948_device_reset
                0x00000000080080c6       0x16 ./PeripheralDriver/Src/icm20948.o
                0x00000000080080c6                icm20948_device_reset
 .text.ak09916_soft_reset
                0x00000000080080dc       0x14 ./PeripheralDriver/Src/icm20948.o
                0x00000000080080dc                ak09916_soft_reset
 .text.icm20948_wakeup
                0x00000000080080f0       0x20 ./PeripheralDriver/Src/icm20948.o
                0x00000000080080f0                icm20948_wakeup
 .text.icm20948_sleep
                0x0000000008008110       0x22 ./PeripheralDriver/Src/icm20948.o
                0x0000000008008110                icm20948_sleep
 .text.icm20948_i2c_master_reset
                0x0000000008008132       0x1c ./PeripheralDriver/Src/icm20948.o
                0x0000000008008132                icm20948_i2c_master_reset
 .text.icm20948_i2c_master_enable
                0x000000000800814e       0x22 ./PeripheralDriver/Src/icm20948.o
                0x000000000800814e                icm20948_i2c_master_enable
 .text.icm20948_i2c_master_clk_frq
                0x0000000008008170       0x1c ./PeripheralDriver/Src/icm20948.o
                0x0000000008008170                icm20948_i2c_master_clk_frq
 .text.icm20948_clock_source
                0x000000000800818c       0x1c ./PeripheralDriver/Src/icm20948.o
                0x000000000800818c                icm20948_clock_source
 .text.icm20948_odr_align_enable
                0x00000000080081a8        0xa ./PeripheralDriver/Src/icm20948.o
                0x00000000080081a8                icm20948_odr_align_enable
 .text.icm20948_gyro_low_pass_filter
                0x00000000080081b2       0x1e ./PeripheralDriver/Src/icm20948.o
                0x00000000080081b2                icm20948_gyro_low_pass_filter
 .text.icm20948_accel_low_pass_filter
                0x00000000080081d0       0x1e ./PeripheralDriver/Src/icm20948.o
                0x00000000080081d0                icm20948_accel_low_pass_filter
 .text.icm20948_gyro_sample_rate_divider
                0x00000000080081ee        0xa ./PeripheralDriver/Src/icm20948.o
                0x00000000080081ee                icm20948_gyro_sample_rate_divider
 .text.icm20948_accel_sample_rate_divider
                0x00000000080081f8       0x1e ./PeripheralDriver/Src/icm20948.o
                0x00000000080081f8                icm20948_accel_sample_rate_divider
 .text.ak09916_operation_mode_setting
                0x0000000008008216       0x14 ./PeripheralDriver/Src/icm20948.o
                0x0000000008008216                ak09916_operation_mode_setting
 .text.ak09916_init
                0x000000000800822a       0x26 ./PeripheralDriver/Src/icm20948.o
                0x000000000800822a                ak09916_init
 .text.icm20948_gyro_calibration
                0x0000000008008250       0xc6 ./PeripheralDriver/Src/icm20948.o
                0x0000000008008250                icm20948_gyro_calibration
 *fill*         0x0000000008008316        0x2 
 .text.icm20948_accel_calibration
                0x0000000008008318      0x12c ./PeripheralDriver/Src/icm20948.o
                0x0000000008008318                icm20948_accel_calibration
 .text.icm20948_gyro_full_scale_select
                0x0000000008008444       0x64 ./PeripheralDriver/Src/icm20948.o
                0x0000000008008444                icm20948_gyro_full_scale_select
 .text.icm20948_accel_full_scale_select
                0x00000000080084a8       0x5c ./PeripheralDriver/Src/icm20948.o
                0x00000000080084a8                icm20948_accel_full_scale_select
 .text.icm20948_init
                0x0000000008008504       0x4c ./PeripheralDriver/Src/icm20948.o
                0x0000000008008504                icm20948_init
 .text.icm20948_ready
                0x0000000008008550       0x10 ./PeripheralDriver/Src/icm20948.o
                0x0000000008008550                icm20948_ready
 .text.OLED_WR_Byte
                0x0000000008008560       0x5c ./PeripheralDriver/Src/oled.o
                0x0000000008008560                OLED_WR_Byte
 .text.OLED_Refresh_Gram
                0x00000000080085bc       0x44 ./PeripheralDriver/Src/oled.o
                0x00000000080085bc                OLED_Refresh_Gram
 .text.OLED_Clear
                0x0000000008008600       0x28 ./PeripheralDriver/Src/oled.o
                0x0000000008008600                OLED_Clear
 .text.OLED_DrawPoint
                0x0000000008008628       0x3c ./PeripheralDriver/Src/oled.o
                0x0000000008008628                OLED_DrawPoint
 .text.OLED_ShowChar
                0x0000000008008664       0x90 ./PeripheralDriver/Src/oled.o
                0x0000000008008664                OLED_ShowChar
 .text.OLED_ShowString
                0x00000000080086f4       0x3e ./PeripheralDriver/Src/oled.o
                0x00000000080086f4                OLED_ShowString
 *fill*         0x0000000008008732        0x2 
 .text.OLED_Init
                0x0000000008008734      0x110 ./PeripheralDriver/Src/oled.o
                0x0000000008008734                OLED_Init
 .text.oneOverSqrt
                0x0000000008008844       0x28 ./PeripheralDriver/Src/tm_stm32_ahrs_imu.o
 .text.calculateAngles
                0x000000000800886c      0x160 ./PeripheralDriver/Src/tm_stm32_ahrs_imu.o
 .text.TM_AHRSIMU_Init
                0x00000000080089cc       0x22 ./PeripheralDriver/Src/tm_stm32_ahrs_imu.o
                0x00000000080089cc                TM_AHRSIMU_Init
 .text.TM_AHRSIMU_UpdateIMU
                0x00000000080089ee      0x21a ./PeripheralDriver/Src/tm_stm32_ahrs_imu.o
                0x00000000080089ee                TM_AHRSIMU_UpdateIMU
 .text.TM_AHRSIMU_UpdateAHRS
                0x0000000008008c08      0x450 ./PeripheralDriver/Src/tm_stm32_ahrs_imu.o
                0x0000000008008c08                TM_AHRSIMU_UpdateAHRS
 .text.TM_I2C_Read
                0x0000000008009058       0x3e ./PeripheralDriver/Src/tm_stm32_i2c.o
                0x0000000008009058                TM_I2C_Read
 .text.TM_I2C_ReadMulti
                0x0000000008009096       0x40 ./PeripheralDriver/Src/tm_stm32_i2c.o
                0x0000000008009096                TM_I2C_ReadMulti
 .text.TM_I2C_Write
                0x00000000080090d6       0x28 ./PeripheralDriver/Src/tm_stm32_i2c.o
                0x00000000080090d6                TM_I2C_Write
 .text.TM_I2C_WriteMulti
                0x00000000080090fe       0x2e ./PeripheralDriver/Src/tm_stm32_i2c.o
                0x00000000080090fe                TM_I2C_WriteMulti
 .text.atoi     0x000000000800912c        0x8 c:/st/stm32cubeide_1.8.0/stm32cubeide/plugins/com.st.stm32cube.ide.mcu.externaltools.gnu-tools-for-stm32.10.3-2021.10.win32_1.0.0.202111181127/tools/bin/../lib/gcc/arm-none-eabi/10.3.1/../../../../arm-none-eabi/lib/thumb/v7e-m+fp/hard\libc_nano.a(lib_a-atoi.o)
                0x000000000800912c                atoi
 .text.__errno  0x0000000008009134        0xc c:/st/stm32cubeide_1.8.0/stm32cubeide/plugins/com.st.stm32cube.ide.mcu.externaltools.gnu-tools-for-stm32.10.3-2021.10.win32_1.0.0.202111181127/tools/bin/../lib/gcc/arm-none-eabi/10.3.1/../../../../arm-none-eabi/lib/thumb/v7e-m+fp/hard\libc_nano.a(lib_a-errno.o)
                0x0000000008009134                __errno
 .text.__libc_init_array
                0x0000000008009140       0x48 c:/st/stm32cubeide_1.8.0/stm32cubeide/plugins/com.st.stm32cube.ide.mcu.externaltools.gnu-tools-for-stm32.10.3-2021.10.win32_1.0.0.202111181127/tools/bin/../lib/gcc/arm-none-eabi/10.3.1/../../../../arm-none-eabi/lib/thumb/v7e-m+fp/hard\libc_nano.a(lib_a-init.o)
                0x0000000008009140                __libc_init_array
 .text.malloc   0x0000000008009188       0x10 c:/st/stm32cubeide_1.8.0/stm32cubeide/plugins/com.st.stm32cube.ide.mcu.externaltools.gnu-tools-for-stm32.10.3-2021.10.win32_1.0.0.202111181127/tools/bin/../lib/gcc/arm-none-eabi/10.3.1/../../../../arm-none-eabi/lib/thumb/v7e-m+fp/hard\libc_nano.a(lib_a-malloc.o)
                0x0000000008009188                malloc
 .text.free     0x0000000008009198       0x10 c:/st/stm32cubeide_1.8.0/stm32cubeide/plugins/com.st.stm32cube.ide.mcu.externaltools.gnu-tools-for-stm32.10.3-2021.10.win32_1.0.0.202111181127/tools/bin/../lib/gcc/arm-none-eabi/10.3.1/../../../../arm-none-eabi/lib/thumb/v7e-m+fp/hard\libc_nano.a(lib_a-malloc.o)
                0x0000000008009198                free
 .text.memcpy   0x00000000080091a8       0x1c c:/st/stm32cubeide_1.8.0/stm32cubeide/plugins/com.st.stm32cube.ide.mcu.externaltools.gnu-tools-for-stm32.10.3-2021.10.win32_1.0.0.202111181127/tools/bin/../lib/gcc/arm-none-eabi/10.3.1/../../../../arm-none-eabi/lib/thumb/v7e-m+fp/hard\libc_nano.a(lib_a-memcpy-stub.o)
                0x00000000080091a8                memcpy
 .text.memmove  0x00000000080091c4       0x34 c:/st/stm32cubeide_1.8.0/stm32cubeide/plugins/com.st.stm32cube.ide.mcu.externaltools.gnu-tools-for-stm32.10.3-2021.10.win32_1.0.0.202111181127/tools/bin/../lib/gcc/arm-none-eabi/10.3.1/../../../../arm-none-eabi/lib/thumb/v7e-m+fp/hard\libc_nano.a(lib_a-memmove.o)
                0x00000000080091c4                memmove
 .text.memset   0x00000000080091f8       0x10 c:/st/stm32cubeide_1.8.0/stm32cubeide/plugins/com.st.stm32cube.ide.mcu.externaltools.gnu-tools-for-stm32.10.3-2021.10.win32_1.0.0.202111181127/tools/bin/../lib/gcc/arm-none-eabi/10.3.1/../../../../arm-none-eabi/lib/thumb/v7e-m+fp/hard\libc_nano.a(lib_a-memset.o)
                0x00000000080091f8                memset
 .text._free_r  0x0000000008009208       0x98 c:/st/stm32cubeide_1.8.0/stm32cubeide/plugins/com.st.stm32cube.ide.mcu.externaltools.gnu-tools-for-stm32.10.3-2021.10.win32_1.0.0.202111181127/tools/bin/../lib/gcc/arm-none-eabi/10.3.1/../../../../arm-none-eabi/lib/thumb/v7e-m+fp/hard\libc_nano.a(lib_a-nano-freer.o)
                0x0000000008009208                _free_r
 .text.sbrk_aligned
                0x00000000080092a0       0x40 c:/st/stm32cubeide_1.8.0/stm32cubeide/plugins/com.st.stm32cube.ide.mcu.externaltools.gnu-tools-for-stm32.10.3-2021.10.win32_1.0.0.202111181127/tools/bin/../lib/gcc/arm-none-eabi/10.3.1/../../../../arm-none-eabi/lib/thumb/v7e-m+fp/hard\libc_nano.a(lib_a-nano-mallocr.o)
 .text._malloc_r
                0x00000000080092e0       0xe8 c:/st/stm32cubeide_1.8.0/stm32cubeide/plugins/com.st.stm32cube.ide.mcu.externaltools.gnu-tools-for-stm32.10.3-2021.10.win32_1.0.0.202111181127/tools/bin/../lib/gcc/arm-none-eabi/10.3.1/../../../../arm-none-eabi/lib/thumb/v7e-m+fp/hard\libc_nano.a(lib_a-nano-mallocr.o)
                0x00000000080092e0                _malloc_r
 .text.swapfunc
                0x00000000080093c8       0x32 c:/st/stm32cubeide_1.8.0/stm32cubeide/plugins/com.st.stm32cube.ide.mcu.externaltools.gnu-tools-for-stm32.10.3-2021.10.win32_1.0.0.202111181127/tools/bin/../lib/gcc/arm-none-eabi/10.3.1/../../../../arm-none-eabi/lib/thumb/v7e-m+fp/hard\libc_nano.a(lib_a-qsort.o)
 .text.med3.constprop.0
                0x00000000080093fa       0x3e c:/st/stm32cubeide_1.8.0/stm32cubeide/plugins/com.st.stm32cube.ide.mcu.externaltools.gnu-tools-for-stm32.10.3-2021.10.win32_1.0.0.202111181127/tools/bin/../lib/gcc/arm-none-eabi/10.3.1/../../../../arm-none-eabi/lib/thumb/v7e-m+fp/hard\libc_nano.a(lib_a-qsort.o)
 .text.qsort    0x0000000008009438      0x2a0 c:/st/stm32cubeide_1.8.0/stm32cubeide/plugins/com.st.stm32cube.ide.mcu.externaltools.gnu-tools-for-stm32.10.3-2021.10.win32_1.0.0.202111181127/tools/bin/../lib/gcc/arm-none-eabi/10.3.1/../../../../arm-none-eabi/lib/thumb/v7e-m+fp/hard\libc_nano.a(lib_a-qsort.o)
                0x0000000008009438                qsort
 .text._sbrk_r  0x00000000080096d8       0x20 c:/st/stm32cubeide_1.8.0/stm32cubeide/plugins/com.st.stm32cube.ide.mcu.externaltools.gnu-tools-for-stm32.10.3-2021.10.win32_1.0.0.202111181127/tools/bin/../lib/gcc/arm-none-eabi/10.3.1/../../../../arm-none-eabi/lib/thumb/v7e-m+fp/hard\libc_nano.a(lib_a-sbrkr.o)
                0x00000000080096d8                _sbrk_r
 .text.sprintf  0x00000000080096f8       0x40 c:/st/stm32cubeide_1.8.0/stm32cubeide/plugins/com.st.stm32cube.ide.mcu.externaltools.gnu-tools-for-stm32.10.3-2021.10.win32_1.0.0.202111181127/tools/bin/../lib/gcc/arm-none-eabi/10.3.1/../../../../arm-none-eabi/lib/thumb/v7e-m+fp/hard\libc_nano.a(lib_a-sprintf.o)
                0x00000000080096f8                siprintf
                0x00000000080096f8                sprintf
 .text.strcpy   0x0000000008009738       0x10 c:/st/stm32cubeide_1.8.0/stm32cubeide/plugins/com.st.stm32cube.ide.mcu.externaltools.gnu-tools-for-stm32.10.3-2021.10.win32_1.0.0.202111181127/tools/bin/../lib/gcc/arm-none-eabi/10.3.1/../../../../arm-none-eabi/lib/thumb/v7e-m+fp/hard\libc_nano.a(lib_a-strcpy.o)
                0x0000000008009738                strcpy
 .text.strncpy  0x0000000008009748       0x26 c:/st/stm32cubeide_1.8.0/stm32cubeide/plugins/com.st.stm32cube.ide.mcu.externaltools.gnu-tools-for-stm32.10.3-2021.10.win32_1.0.0.202111181127/tools/bin/../lib/gcc/arm-none-eabi/10.3.1/../../../../arm-none-eabi/lib/thumb/v7e-m+fp/hard\libc_nano.a(lib_a-strncpy.o)
                0x0000000008009748                strncpy
 *fill*         0x000000000800976e        0x2 
 .text._strtol_l.constprop.0
                0x0000000008009770      0x104 c:/st/stm32cubeide_1.8.0/stm32cubeide/plugins/com.st.stm32cube.ide.mcu.externaltools.gnu-tools-for-stm32.10.3-2021.10.win32_1.0.0.202111181127/tools/bin/../lib/gcc/arm-none-eabi/10.3.1/../../../../arm-none-eabi/lib/thumb/v7e-m+fp/hard\libc_nano.a(lib_a-strtol.o)
 .text.strtol   0x0000000008009874       0x14 c:/st/stm32cubeide_1.8.0/stm32cubeide/plugins/com.st.stm32cube.ide.mcu.externaltools.gnu-tools-for-stm32.10.3-2021.10.win32_1.0.0.202111181127/tools/bin/../lib/gcc/arm-none-eabi/10.3.1/../../../../arm-none-eabi/lib/thumb/v7e-m+fp/hard\libc_nano.a(lib_a-strtol.o)
                0x0000000008009874                strtol
 .text.__malloc_lock
                0x0000000008009888        0xc c:/st/stm32cubeide_1.8.0/stm32cubeide/plugins/com.st.stm32cube.ide.mcu.externaltools.gnu-tools-for-stm32.10.3-2021.10.win32_1.0.0.202111181127/tools/bin/../lib/gcc/arm-none-eabi/10.3.1/../../../../arm-none-eabi/lib/thumb/v7e-m+fp/hard\libc_nano.a(lib_a-mlock.o)
                0x0000000008009888                __malloc_lock
 .text.__malloc_unlock
                0x0000000008009894        0xc c:/st/stm32cubeide_1.8.0/stm32cubeide/plugins/com.st.stm32cube.ide.mcu.externaltools.gnu-tools-for-stm32.10.3-2021.10.win32_1.0.0.202111181127/tools/bin/../lib/gcc/arm-none-eabi/10.3.1/../../../../arm-none-eabi/lib/thumb/v7e-m+fp/hard\libc_nano.a(lib_a-mlock.o)
                0x0000000008009894                __malloc_unlock
 .text.__ssputs_r
                0x00000000080098a0       0xb6 c:/st/stm32cubeide_1.8.0/stm32cubeide/plugins/com.st.stm32cube.ide.mcu.externaltools.gnu-tools-for-stm32.10.3-2021.10.win32_1.0.0.202111181127/tools/bin/../lib/gcc/arm-none-eabi/10.3.1/../../../../arm-none-eabi/lib/thumb/v7e-m+fp/hard\libc_nano.a(lib_a-nano-svfprintf.o)
                0x00000000080098a0                __ssputs_r
 *fill*         0x0000000008009956        0x2 
 .text._svfprintf_r
                0x0000000008009958      0x200 c:/st/stm32cubeide_1.8.0/stm32cubeide/plugins/com.st.stm32cube.ide.mcu.externaltools.gnu-tools-for-stm32.10.3-2021.10.win32_1.0.0.202111181127/tools/bin/../lib/gcc/arm-none-eabi/10.3.1/../../../../arm-none-eabi/lib/thumb/v7e-m+fp/hard\libc_nano.a(lib_a-nano-svfprintf.o)
                0x0000000008009958                _svfiprintf_r
                0x0000000008009958                _svfprintf_r
 .text._printf_common
                0x0000000008009b58       0xda c:/st/stm32cubeide_1.8.0/stm32cubeide/plugins/com.st.stm32cube.ide.mcu.externaltools.gnu-tools-for-stm32.10.3-2021.10.win32_1.0.0.202111181127/tools/bin/../lib/gcc/arm-none-eabi/10.3.1/../../../../arm-none-eabi/lib/thumb/v7e-m+fp/hard\libc_nano.a(lib_a-nano-vfprintf_i.o)
                0x0000000008009b58                _printf_common
 *fill*         0x0000000008009c32        0x2 
 .text._printf_i
                0x0000000008009c34      0x24c c:/st/stm32cubeide_1.8.0/stm32cubeide/plugins/com.st.stm32cube.ide.mcu.externaltools.gnu-tools-for-stm32.10.3-2021.10.win32_1.0.0.202111181127/tools/bin/../lib/gcc/arm-none-eabi/10.3.1/../../../../arm-none-eabi/lib/thumb/v7e-m+fp/hard\libc_nano.a(lib_a-nano-vfprintf_i.o)
                0x0000000008009c34                _printf_i
 .text.__retarget_lock_acquire_recursive
                0x0000000008009e80        0x2 c:/st/stm32cubeide_1.8.0/stm32cubeide/plugins/com.st.stm32cube.ide.mcu.externaltools.gnu-tools-for-stm32.10.3-2021.10.win32_1.0.0.202111181127/tools/bin/../lib/gcc/arm-none-eabi/10.3.1/../../../../arm-none-eabi/lib/thumb/v7e-m+fp/hard\libc_nano.a(lib_a-lock.o)
                0x0000000008009e80                __retarget_lock_acquire_recursive
 .text.__retarget_lock_release_recursive
                0x0000000008009e82        0x2 c:/st/stm32cubeide_1.8.0/stm32cubeide/plugins/com.st.stm32cube.ide.mcu.externaltools.gnu-tools-for-stm32.10.3-2021.10.win32_1.0.0.202111181127/tools/bin/../lib/gcc/arm-none-eabi/10.3.1/../../../../arm-none-eabi/lib/thumb/v7e-m+fp/hard\libc_nano.a(lib_a-lock.o)
                0x0000000008009e82                __retarget_lock_release_recursive
 .text._realloc_r
                0x0000000008009e84       0x5e c:/st/stm32cubeide_1.8.0/stm32cubeide/plugins/com.st.stm32cube.ide.mcu.externaltools.gnu-tools-for-stm32.10.3-2021.10.win32_1.0.0.202111181127/tools/bin/../lib/gcc/arm-none-eabi/10.3.1/../../../../arm-none-eabi/lib/thumb/v7e-m+fp/hard\libc_nano.a(lib_a-nano-reallocr.o)
                0x0000000008009e84                _realloc_r
 .text._malloc_usable_size_r
                0x0000000008009ee2       0x10 c:/st/stm32cubeide_1.8.0/stm32cubeide/plugins/com.st.stm32cube.ide.mcu.externaltools.gnu-tools-for-stm32.10.3-2021.10.win32_1.0.0.202111181127/tools/bin/../lib/gcc/arm-none-eabi/10.3.1/../../../../arm-none-eabi/lib/thumb/v7e-m+fp/hard\libc_nano.a(lib_a-nano-msizer.o)
                0x0000000008009ee2                _malloc_usable_size_r
 *fill*         0x0000000008009ef2        0x2 
 .text.asin     0x0000000008009ef4       0x68 c:/st/stm32cubeide_1.8.0/stm32cubeide/plugins/com.st.stm32cube.ide.mcu.externaltools.gnu-tools-for-stm32.10.3-2021.10.win32_1.0.0.202111181127/tools/bin/../lib/gcc/arm-none-eabi/10.3.1/../../../../arm-none-eabi/lib/thumb/v7e-m+fp/hard\libm.a(lib_a-w_asin.o)
                0x0000000008009ef4                asin
 .text.atan2    0x0000000008009f5c        0x4 c:/st/stm32cubeide_1.8.0/stm32cubeide/plugins/com.st.stm32cube.ide.mcu.externaltools.gnu-tools-for-stm32.10.3-2021.10.win32_1.0.0.202111181127/tools/bin/../lib/gcc/arm-none-eabi/10.3.1/../../../../arm-none-eabi/lib/thumb/v7e-m+fp/hard\libm.a(lib_a-w_atan2.o)
                0x0000000008009f5c                atan2
 .text.sqrt     0x0000000008009f60       0x58 c:/st/stm32cubeide_1.8.0/stm32cubeide/plugins/com.st.stm32cube.ide.mcu.externaltools.gnu-tools-for-stm32.10.3-2021.10.win32_1.0.0.202111181127/tools/bin/../lib/gcc/arm-none-eabi/10.3.1/../../../../arm-none-eabi/lib/thumb/v7e-m+fp/hard\libm.a(lib_a-w_sqrt.o)
                0x0000000008009f60                sqrt
 .text.__ieee754_asin
                0x0000000008009fb8      0x428 c:/st/stm32cubeide_1.8.0/stm32cubeide/plugins/com.st.stm32cube.ide.mcu.externaltools.gnu-tools-for-stm32.10.3-2021.10.win32_1.0.0.202111181127/tools/bin/../lib/gcc/arm-none-eabi/10.3.1/../../../../arm-none-eabi/lib/thumb/v7e-m+fp/hard\libm.a(lib_a-e_asin.o)
                0x0000000008009fb8                __ieee754_asin
 .text.__ieee754_atan2
                0x000000000800a3e0      0x194 c:/st/stm32cubeide_1.8.0/stm32cubeide/plugins/com.st.stm32cube.ide.mcu.externaltools.gnu-tools-for-stm32.10.3-2021.10.win32_1.0.0.202111181127/tools/bin/../lib/gcc/arm-none-eabi/10.3.1/../../../../arm-none-eabi/lib/thumb/v7e-m+fp/hard\libm.a(lib_a-e_atan2.o)
                0x000000000800a3e0                __ieee754_atan2
 .text.__ieee754_sqrt
                0x000000000800a574      0x164 c:/st/stm32cubeide_1.8.0/stm32cubeide/plugins/com.st.stm32cube.ide.mcu.externaltools.gnu-tools-for-stm32.10.3-2021.10.win32_1.0.0.202111181127/tools/bin/../lib/gcc/arm-none-eabi/10.3.1/../../../../arm-none-eabi/lib/thumb/v7e-m+fp/hard\libm.a(lib_a-e_sqrt.o)
                0x000000000800a574                __ieee754_sqrt
 .text.atan     0x000000000800a6d8      0x340 c:/st/stm32cubeide_1.8.0/stm32cubeide/plugins/com.st.stm32cube.ide.mcu.externaltools.gnu-tools-for-stm32.10.3-2021.10.win32_1.0.0.202111181127/tools/bin/../lib/gcc/arm-none-eabi/10.3.1/../../../../arm-none-eabi/lib/thumb/v7e-m+fp/hard\libm.a(lib_a-s_atan.o)
                0x000000000800a6d8                atan
 .text.fabs     0x000000000800aa18       0x12 c:/st/stm32cubeide_1.8.0/stm32cubeide/plugins/com.st.stm32cube.ide.mcu.externaltools.gnu-tools-for-stm32.10.3-2021.10.win32_1.0.0.202111181127/tools/bin/../lib/gcc/arm-none-eabi/10.3.1/../../../../arm-none-eabi/lib/thumb/v7e-m+fp/hard\libm.a(lib_a-s_fabs.o)
                0x000000000800aa18                fabs
 *fill*         0x000000000800aa2a        0x6 
 .text.nan      0x000000000800aa30       0x10 c:/st/stm32cubeide_1.8.0/stm32cubeide/plugins/com.st.stm32cube.ide.mcu.externaltools.gnu-tools-for-stm32.10.3-2021.10.win32_1.0.0.202111181127/tools/bin/../lib/gcc/arm-none-eabi/10.3.1/../../../../arm-none-eabi/lib/thumb/v7e-m+fp/hard\libm.a(lib_a-s_nan.o)
                0x000000000800aa30                nan
 *(.glue_7)
 .glue_7        0x000000000800aa40        0x0 linker stubs
 *(.glue_7t)
 .glue_7t       0x000000000800aa40        0x0 linker stubs
 *(.eh_frame)
 .eh_frame      0x000000000800aa40        0x0 c:/st/stm32cubeide_1.8.0/stm32cubeide/plugins/com.st.stm32cube.ide.mcu.externaltools.gnu-tools-for-stm32.10.3-2021.10.win32_1.0.0.202111181127/tools/bin/../lib/gcc/arm-none-eabi/10.3.1/thumb/v7e-m+fp/hard/crtbegin.o
 *(.init)
 .init          0x000000000800aa40        0x4 c:/st/stm32cubeide_1.8.0/stm32cubeide/plugins/com.st.stm32cube.ide.mcu.externaltools.gnu-tools-for-stm32.10.3-2021.10.win32_1.0.0.202111181127/tools/bin/../lib/gcc/arm-none-eabi/10.3.1/thumb/v7e-m+fp/hard/crti.o
                0x000000000800aa40                _init
 .init          0x000000000800aa44        0x8 c:/st/stm32cubeide_1.8.0/stm32cubeide/plugins/com.st.stm32cube.ide.mcu.externaltools.gnu-tools-for-stm32.10.3-2021.10.win32_1.0.0.202111181127/tools/bin/../lib/gcc/arm-none-eabi/10.3.1/thumb/v7e-m+fp/hard/crtn.o
 *(.fini)
 .fini          0x000000000800aa4c        0x4 c:/st/stm32cubeide_1.8.0/stm32cubeide/plugins/com.st.stm32cube.ide.mcu.externaltools.gnu-tools-for-stm32.10.3-2021.10.win32_1.0.0.202111181127/tools/bin/../lib/gcc/arm-none-eabi/10.3.1/thumb/v7e-m+fp/hard/crti.o
                0x000000000800aa4c                _fini
 .fini          0x000000000800aa50        0x8 c:/st/stm32cubeide_1.8.0/stm32cubeide/plugins/com.st.stm32cube.ide.mcu.externaltools.gnu-tools-for-stm32.10.3-2021.10.win32_1.0.0.202111181127/tools/bin/../lib/gcc/arm-none-eabi/10.3.1/thumb/v7e-m+fp/hard/crtn.o
                0x000000000800aa58                . = ALIGN (0x4)
                0x000000000800aa58                _etext = .

.vfp11_veneer   0x000000000800aa58        0x0
 .vfp11_veneer  0x000000000800aa58        0x0 linker stubs

.v4_bx          0x000000000800aa58        0x0
 .v4_bx         0x000000000800aa58        0x0 linker stubs

.iplt           0x000000000800aa58        0x0
 .iplt          0x000000000800aa58        0x0 c:/st/stm32cubeide_1.8.0/stm32cubeide/plugins/com.st.stm32cube.ide.mcu.externaltools.gnu-tools-for-stm32.10.3-2021.10.win32_1.0.0.202111181127/tools/bin/../lib/gcc/arm-none-eabi/10.3.1/thumb/v7e-m+fp/hard/crtbegin.o

.rodata         0x000000000800aa58      0xf08
                0x000000000800aa58                . = ALIGN (0x4)
 *(.rodata)
 *(.rodata*)
 .rodata.oled.str1.1
                0x000000000800aa58       0x3f ./Core/Src/main.o
                                         0x4a (size before relaxing)
 .rodata.main.str1.1
                0x000000000800aa97        0xd ./Core/Src/main.o
 .rodata.battery.str1.1
                0x000000000800aaa4       0x5b ./Core/Src/main.o
 .rodata.stopRobot.str1.1
                0x000000000800aaff       0x14 ./Core/Src/main.o
 .rodata.rpi.str1.1
                0x000000000800ab13       0x29 ./Core/Src/main.o
 .rodata.str1.1
                0x000000000800ab3c       0x63 ./Core/Src/main.o
                                         0x6b (size before relaxing)
 *fill*         0x000000000800ab9f        0x1 
 .rodata.BatteryTask_attributes
                0x000000000800aba0       0x24 ./Core/Src/main.o
                0x000000000800aba0                BatteryTask_attributes
 .rodata.DispatchTask_attributes
                0x000000000800abc4       0x24 ./Core/Src/main.o
                0x000000000800abc4                DispatchTask_attributes
 .rodata.EncoderTask_attributes
                0x000000000800abe8       0x24 ./Core/Src/main.o
                0x000000000800abe8                EncoderTask_attributes
 .rodata.ICMTask_attributes
                0x000000000800ac0c       0x24 ./Core/Src/main.o
                0x000000000800ac0c                ICMTask_attributes
 .rodata.IRTask_attributes
                0x000000000800ac30       0x24 ./Core/Src/main.o
                0x000000000800ac30                IRTask_attributes
 .rodata.LEDTask_attributes
                0x000000000800ac54       0x24 ./Core/Src/main.o
                0x000000000800ac54                LEDTask_attributes
 .rodata.MotorTask_attributes
                0x000000000800ac78       0x24 ./Core/Src/main.o
                0x000000000800ac78                MotorTask_attributes
 .rodata.OLEDTask_attributes
                0x000000000800ac9c       0x24 ./Core/Src/main.o
                0x000000000800ac9c                OLEDTask_attributes
 .rodata.RPiTask_attributes
                0x000000000800acc0       0x24 ./Core/Src/main.o
                0x000000000800acc0                RPiTask_attributes
 .rodata.ServoTask_attributes
                0x000000000800ace4       0x24 ./Core/Src/main.o
                0x000000000800ace4                ServoTask_attributes
 .rodata.UltraTask_attributes
                0x000000000800ad08       0x24 ./Core/Src/main.o
                0x000000000800ad08                UltraTask_attributes
 .rodata.AHBPrescTable
                0x000000000800ad2c       0x10 ./Core/Src/system_stm32f4xx.o
                0x000000000800ad2c                AHBPrescTable
 .rodata.APBPrescTable
                0x000000000800ad3c        0x8 ./Core/Src/system_stm32f4xx.o
                0x000000000800ad3c                APBPrescTable
 .rodata.vTaskStartScheduler.str1.1
                0x000000000800ad44        0x5 ./Middlewares/Third_Party/FreeRTOS/Source/tasks.o
 .rodata.prvCheckForValidListAndQueue.str1.1
                0x000000000800ad49        0x5 ./Middlewares/Third_Party/FreeRTOS/Source/timers.o
 .rodata.xTimerCreateTimerTask.str1.1
                0x000000000800ad4e        0x8 ./Middlewares/Third_Party/FreeRTOS/Source/timers.o
 .rodata.oled_asc2_1206
                0x000000000800ad56      0x474 ./PeripheralDriver/Src/oled.o
                0x000000000800ad56                oled_asc2_1206
 .rodata.oled_asc2_1608
                0x000000000800b1ca      0x5f0 ./PeripheralDriver/Src/oled.o
                0x000000000800b1ca                oled_asc2_1608
 .rodata._ctype_
                0x000000000800b7ba      0x101 c:/st/stm32cubeide_1.8.0/stm32cubeide/plugins/com.st.stm32cube.ide.mcu.externaltools.gnu-tools-for-stm32.10.3-2021.10.win32_1.0.0.202111181127/tools/bin/../lib/gcc/arm-none-eabi/10.3.1/../../../../arm-none-eabi/lib/thumb/v7e-m+fp/hard\libc_nano.a(lib_a-ctype_.o)
                0x000000000800b7ba                _ctype_
 .rodata._svfprintf_r.str1.1
                0x000000000800b8bb       0x11 c:/st/stm32cubeide_1.8.0/stm32cubeide/plugins/com.st.stm32cube.ide.mcu.externaltools.gnu-tools-for-stm32.10.3-2021.10.win32_1.0.0.202111181127/tools/bin/../lib/gcc/arm-none-eabi/10.3.1/../../../../arm-none-eabi/lib/thumb/v7e-m+fp/hard\libc_nano.a(lib_a-nano-svfprintf.o)
 .rodata._printf_i.str1.1
                0x000000000800b8cc       0x22 c:/st/stm32cubeide_1.8.0/stm32cubeide/plugins/com.st.stm32cube.ide.mcu.externaltools.gnu-tools-for-stm32.10.3-2021.10.win32_1.0.0.202111181127/tools/bin/../lib/gcc/arm-none-eabi/10.3.1/../../../../arm-none-eabi/lib/thumb/v7e-m+fp/hard\libc_nano.a(lib_a-nano-vfprintf_i.o)
 .rodata.asin.str1.1
                0x000000000800b8ee       0x22 c:/st/stm32cubeide_1.8.0/stm32cubeide/plugins/com.st.stm32cube.ide.mcu.externaltools.gnu-tools-for-stm32.10.3-2021.10.win32_1.0.0.202111181127/tools/bin/../lib/gcc/arm-none-eabi/10.3.1/../../../../arm-none-eabi/lib/thumb/v7e-m+fp/hard\libm.a(lib_a-w_asin.o)
                                          0x1 (size before relaxing)
 *fill*         0x000000000800b8ee        0x2 
 .rodata.CSWTCH.8
                0x000000000800b8f0       0x18 c:/st/stm32cubeide_1.8.0/stm32cubeide/plugins/com.st.stm32cube.ide.mcu.externaltools.gnu-tools-for-stm32.10.3-2021.10.win32_1.0.0.202111181127/tools/bin/../lib/gcc/arm-none-eabi/10.3.1/../../../../arm-none-eabi/lib/thumb/v7e-m+fp/hard\libm.a(lib_a-e_atan2.o)
 .rodata.CSWTCH.9
                0x000000000800b908       0x18 c:/st/stm32cubeide_1.8.0/stm32cubeide/plugins/com.st.stm32cube.ide.mcu.externaltools.gnu-tools-for-stm32.10.3-2021.10.win32_1.0.0.202111181127/tools/bin/../lib/gcc/arm-none-eabi/10.3.1/../../../../arm-none-eabi/lib/thumb/v7e-m+fp/hard\libm.a(lib_a-e_atan2.o)
 .rodata.atanhi
                0x000000000800b920       0x20 c:/st/stm32cubeide_1.8.0/stm32cubeide/plugins/com.st.stm32cube.ide.mcu.externaltools.gnu-tools-for-stm32.10.3-2021.10.win32_1.0.0.202111181127/tools/bin/../lib/gcc/arm-none-eabi/10.3.1/../../../../arm-none-eabi/lib/thumb/v7e-m+fp/hard\libm.a(lib_a-s_atan.o)
 .rodata.atanlo
                0x000000000800b940       0x20 c:/st/stm32cubeide_1.8.0/stm32cubeide/plugins/com.st.stm32cube.ide.mcu.externaltools.gnu-tools-for-stm32.10.3-2021.10.win32_1.0.0.202111181127/tools/bin/../lib/gcc/arm-none-eabi/10.3.1/../../../../arm-none-eabi/lib/thumb/v7e-m+fp/hard\libm.a(lib_a-s_atan.o)
                0x000000000800b960                . = ALIGN (0x4)

.ARM.extab      0x000000000800b960        0x0
                0x000000000800b960                . = ALIGN (0x4)
 *(.ARM.extab* .gnu.linkonce.armextab.*)
                0x000000000800b960                . = ALIGN (0x4)

.ARM            0x000000000800b960        0x8
                0x000000000800b960                . = ALIGN (0x4)
                0x000000000800b960                __exidx_start = .
 *(.ARM.exidx*)
 .ARM.exidx     0x000000000800b960        0x8 c:/st/stm32cubeide_1.8.0/stm32cubeide/plugins/com.st.stm32cube.ide.mcu.externaltools.gnu-tools-for-stm32.10.3-2021.10.win32_1.0.0.202111181127/tools/bin/../lib/gcc/arm-none-eabi/10.3.1/thumb/v7e-m+fp/hard\libgcc.a(_udivmoddi4.o)
                0x000000000800b968                __exidx_end = .
                0x000000000800b968                . = ALIGN (0x4)

.rel.dyn        0x000000000800b968        0x0
 .rel.iplt      0x000000000800b968        0x0 c:/st/stm32cubeide_1.8.0/stm32cubeide/plugins/com.st.stm32cube.ide.mcu.externaltools.gnu-tools-for-stm32.10.3-2021.10.win32_1.0.0.202111181127/tools/bin/../lib/gcc/arm-none-eabi/10.3.1/thumb/v7e-m+fp/hard/crtbegin.o

.preinit_array  0x000000000800b968        0x0
                0x000000000800b968                . = ALIGN (0x4)
                0x000000000800b968                PROVIDE (__preinit_array_start = .)
 *(.preinit_array*)
                0x000000000800b968                PROVIDE (__preinit_array_end = .)
                0x000000000800b968                . = ALIGN (0x4)

.init_array     0x000000000800b968        0x4
                0x000000000800b968                . = ALIGN (0x4)
                0x000000000800b968                PROVIDE (__init_array_start = .)
 *(SORT_BY_NAME(.init_array.*))
 *(.init_array*)
 .init_array    0x000000000800b968        0x4 c:/st/stm32cubeide_1.8.0/stm32cubeide/plugins/com.st.stm32cube.ide.mcu.externaltools.gnu-tools-for-stm32.10.3-2021.10.win32_1.0.0.202111181127/tools/bin/../lib/gcc/arm-none-eabi/10.3.1/thumb/v7e-m+fp/hard/crtbegin.o
                0x000000000800b96c                PROVIDE (__init_array_end = .)
                0x000000000800b96c                . = ALIGN (0x4)

.fini_array     0x000000000800b96c        0x4
                0x000000000800b96c                . = ALIGN (0x4)
                [!provide]                        PROVIDE (__fini_array_start = .)
 *(SORT_BY_NAME(.fini_array.*))
 *(.fini_array*)
 .fini_array    0x000000000800b96c        0x4 c:/st/stm32cubeide_1.8.0/stm32cubeide/plugins/com.st.stm32cube.ide.mcu.externaltools.gnu-tools-for-stm32.10.3-2021.10.win32_1.0.0.202111181127/tools/bin/../lib/gcc/arm-none-eabi/10.3.1/thumb/v7e-m+fp/hard/crtbegin.o
                [!provide]                        PROVIDE (__fini_array_end = .)
                0x000000000800b970                . = ALIGN (0x4)
                0x000000000800b970                _sidata = LOADADDR (.data)

.data           0x0000000020000000       0x74 load address 0x000000000800b970
                0x0000000020000000                . = ALIGN (0x4)
                0x0000000020000000                _sdata = .
 *(.data)
 *(.data*)
 .data.SystemCoreClock
                0x0000000020000000        0x4 ./Core/Src/system_stm32f4xx.o
                0x0000000020000000                SystemCoreClock
 .data.uwTickFreq
                0x0000000020000004        0x1 ./Drivers/STM32F4xx_HAL_Driver/Src/stm32f4xx_hal.o
                0x0000000020000004                uwTickFreq
 *fill*         0x0000000020000005        0x3 
 .data.uwTickPrio
                0x0000000020000008        0x4 ./Drivers/STM32F4xx_HAL_Driver/Src/stm32f4xx_hal.o
                0x0000000020000008                uwTickPrio
 .data.uxCriticalNesting
                0x000000002000000c        0x4 ./Middlewares/Third_Party/FreeRTOS/Source/portable/GCC/ARM_CM4F/port.o
 .data._impure_ptr
                0x0000000020000010        0x4 c:/st/stm32cubeide_1.8.0/stm32cubeide/plugins/com.st.stm32cube.ide.mcu.externaltools.gnu-tools-for-stm32.10.3-2021.10.win32_1.0.0.202111181127/tools/bin/../lib/gcc/arm-none-eabi/10.3.1/../../../../arm-none-eabi/lib/thumb/v7e-m+fp/hard\libc_nano.a(lib_a-impure.o)
                0x0000000020000010                _impure_ptr
 .data.impure_data
                0x0000000020000014       0x60 c:/st/stm32cubeide_1.8.0/stm32cubeide/plugins/com.st.stm32cube.ide.mcu.externaltools.gnu-tools-for-stm32.10.3-2021.10.win32_1.0.0.202111181127/tools/bin/../lib/gcc/arm-none-eabi/10.3.1/../../../../arm-none-eabi/lib/thumb/v7e-m+fp/hard\libc_nano.a(lib_a-impure.o)
 *(.RamFunc)
 *(.RamFunc*)
                0x0000000020000074                . = ALIGN (0x4)
                0x0000000020000074                _edata = .
                0x000000000800b9e4                _siccmram = LOADADDR (.ccmram)

.igot.plt       0x0000000020000074        0x0 load address 0x000000000800b9e4
 .igot.plt      0x0000000020000074        0x0 c:/st/stm32cubeide_1.8.0/stm32cubeide/plugins/com.st.stm32cube.ide.mcu.externaltools.gnu-tools-for-stm32.10.3-2021.10.win32_1.0.0.202111181127/tools/bin/../lib/gcc/arm-none-eabi/10.3.1/thumb/v7e-m+fp/hard/crtbegin.o

.ccmram         0x0000000010000000        0x0 load address 0x000000000800b9e4
                0x0000000010000000                . = ALIGN (0x4)
                0x0000000010000000                _sccmram = .
 *(.ccmram)
 *(.ccmram*)
                0x0000000010000000                . = ALIGN (0x4)
                0x0000000010000000                _eccmram = .
                0x0000000010000000                . = ALIGN (0x4)

.bss            0x0000000020000074     0xa430
                0x0000000020000074                _sbss = .
                0x0000000020000074                __bss_start__ = _sbss
 *(.bss)
 .bss           0x0000000020000074       0x1c c:/st/stm32cubeide_1.8.0/stm32cubeide/plugins/com.st.stm32cube.ide.mcu.externaltools.gnu-tools-for-stm32.10.3-2021.10.win32_1.0.0.202111181127/tools/bin/../lib/gcc/arm-none-eabi/10.3.1/thumb/v7e-m+fp/hard/crtbegin.o
 *(.bss*)
 .bss.BatteryTaskHandle
                0x0000000020000090        0x4 ./Core/Src/main.o
                0x0000000020000090                BatteryTaskHandle
 .bss.DispatchTaskHandle
                0x0000000020000094        0x4 ./Core/Src/main.o
                0x0000000020000094                DispatchTaskHandle
 .bss.EncoderTaskHandle
                0x0000000020000098        0x4 ./Core/Src/main.o
                0x0000000020000098                EncoderTaskHandle
 .bss.ICMTaskHandle
                0x000000002000009c        0x4 ./Core/Src/main.o
                0x000000002000009c                ICMTaskHandle
 .bss.IRTaskHandle
                0x00000000200000a0        0x4 ./Core/Src/main.o
                0x00000000200000a0                IRTaskHandle
 .bss.LEDTaskHandle
                0x00000000200000a4        0x4 ./Core/Src/main.o
                0x00000000200000a4                LEDTaskHandle
 .bss.MotorTaskHandle
                0x00000000200000a8        0x4 ./Core/Src/main.o
                0x00000000200000a8                MotorTaskHandle
 .bss.OLEDTaskHandle
                0x00000000200000ac        0x4 ./Core/Src/main.o
                0x00000000200000ac                OLEDTaskHandle
 .bss.RPiTaskHandle
                0x00000000200000b0        0x4 ./Core/Src/main.o
                0x00000000200000b0                RPiTaskHandle
 .bss.ServoTaskHandle
                0x00000000200000b4        0x4 ./Core/Src/main.o
                0x00000000200000b4                ServoTaskHandle
 .bss.UltraTaskHandle