Archive member included to satisfy reference by file (symbol)

c:/st/stm32cubeide_1.8.0/stm32cubeide/plugins/com.st.stm32cube.ide.mcu.externaltools.gnu-tools-for-stm32.9-2020-q2-update.win32_2.0.0.202105311346/tools/bin/../lib/gcc/arm-none-eabi/9.3.1/../../../../arm-none-eabi/lib/thumb/v7e-m+fp/hard\libc_nano.a(lib_a-atoi.o)
                              ./Core/Src/main.o (atoi)
c:/st/stm32cubeide_1.8.0/stm32cubeide/plugins/com.st.stm32cube.ide.mcu.externaltools.gnu-tools-for-stm32.9-2020-q2-update.win32_2.0.0.202105311346/tools/bin/../lib/gcc/arm-none-eabi/9.3.1/../../../../arm-none-eabi/lib/thumb/v7e-m+fp/hard\libc_nano.a(lib_a-errno.o)
                              ./Core/Src/syscalls.o (__errno)
c:/st/stm32cubeide_1.8.0/stm32cubeide/plugins/com.st.stm32cube.ide.mcu.externaltools.gnu-tools-for-stm32.9-2020-q2-update.win32_2.0.0.202105311346/tools/bin/../lib/gcc/arm-none-eabi/9.3.1/../../../../arm-none-eabi/lib/thumb/v7e-m+fp/hard\libc_nano.a(lib_a-exit.o)
                              c:/st/stm32cubeide_1.8.0/stm32cubeide/plugins/com.st.stm32cube.ide.mcu.externaltools.gnu-tools-for-stm32.9-2020-q2-update.win32_2.0.0.202105311346/tools/bin/../lib/gcc/arm-none-eabi/9.3.1/../../../../arm-none-eabi/lib/thumb/v7e-m+fp/hard/crt0.o (exit)
c:/st/stm32cubeide_1.8.0/stm32cubeide/plugins/com.st.stm32cube.ide.mcu.externaltools.gnu-tools-for-stm32.9-2020-q2-update.win32_2.0.0.202105311346/tools/bin/../lib/gcc/arm-none-eabi/9.3.1/../../../../arm-none-eabi/lib/thumb/v7e-m+fp/hard\libc_nano.a(lib_a-impure.o)
                              c:/st/stm32cubeide_1.8.0/stm32cubeide/plugins/com.st.stm32cube.ide.mcu.externaltools.gnu-tools-for-stm32.9-2020-q2-update.win32_2.0.0.202105311346/tools/bin/../lib/gcc/arm-none-eabi/9.3.1/../../../../arm-none-eabi/lib/thumb/v7e-m+fp/hard\libc_nano.a(lib_a-exit.o) (_global_impure_ptr)
c:/st/stm32cubeide_1.8.0/stm32cubeide/plugins/com.st.stm32cube.ide.mcu.externaltools.gnu-tools-for-stm32.9-2020-q2-update.win32_2.0.0.202105311346/tools/bin/../lib/gcc/arm-none-eabi/9.3.1/../../../../arm-none-eabi/lib/thumb/v7e-m+fp/hard\libc_nano.a(lib_a-init.o)
                              c:/st/stm32cubeide_1.8.0/stm32cubeide/plugins/com.st.stm32cube.ide.mcu.externaltools.gnu-tools-for-stm32.9-2020-q2-update.win32_2.0.0.202105311346/tools/bin/../lib/gcc/arm-none-eabi/9.3.1/../../../../arm-none-eabi/lib/thumb/v7e-m+fp/hard/crt0.o (__libc_init_array)
c:/st/stm32cubeide_1.8.0/stm32cubeide/plugins/com.st.stm32cube.ide.mcu.externaltools.gnu-tools-for-stm32.9-2020-q2-update.win32_2.0.0.202105311346/tools/bin/../lib/gcc/arm-none-eabi/9.3.1/../../../../arm-none-eabi/lib/thumb/v7e-m+fp/hard\libc_nano.a(lib_a-memcpy-stub.o)
                              ./Middlewares/Third_Party/FreeRTOS/Source/CMSIS_RTOS_V2/cmsis_os2.o (memcpy)
c:/st/stm32cubeide_1.8.0/stm32cubeide/plugins/com.st.stm32cube.ide.mcu.externaltools.gnu-tools-for-stm32.9-2020-q2-update.win32_2.0.0.202105311346/tools/bin/../lib/gcc/arm-none-eabi/9.3.1/../../../../arm-none-eabi/lib/thumb/v7e-m+fp/hard\libc_nano.a(lib_a-memset.o)
                              c:/st/stm32cubeide_1.8.0/stm32cubeide/plugins/com.st.stm32cube.ide.mcu.externaltools.gnu-tools-for-stm32.9-2020-q2-update.win32_2.0.0.202105311346/tools/bin/../lib/gcc/arm-none-eabi/9.3.1/../../../../arm-none-eabi/lib/thumb/v7e-m+fp/hard/crt0.o (memset)
c:/st/stm32cubeide_1.8.0/stm32cubeide/plugins/com.st.stm32cube.ide.mcu.externaltools.gnu-tools-for-stm32.9-2020-q2-update.win32_2.0.0.202105311346/tools/bin/../lib/gcc/arm-none-eabi/9.3.1/../../../../arm-none-eabi/lib/thumb/v7e-m+fp/hard\libc_nano.a(lib_a-sprintf.o)
                              ./Core/Src/main.o (sprintf)
c:/st/stm32cubeide_1.8.0/stm32cubeide/plugins/com.st.stm32cube.ide.mcu.externaltools.gnu-tools-for-stm32.9-2020-q2-update.win32_2.0.0.202105311346/tools/bin/../lib/gcc/arm-none-eabi/9.3.1/../../../../arm-none-eabi/lib/thumb/v7e-m+fp/hard\libc_nano.a(lib_a-strcpy.o)
                              ./Core/Src/main.o (strcpy)
c:/st/stm32cubeide_1.8.0/stm32cubeide/plugins/com.st.stm32cube.ide.mcu.externaltools.gnu-tools-for-stm32.9-2020-q2-update.win32_2.0.0.202105311346/tools/bin/../lib/gcc/arm-none-eabi/9.3.1/../../../../arm-none-eabi/lib/thumb/v7e-m+fp/hard\libc_nano.a(lib_a-strncpy.o)
                              ./Core/Src/main.o (strncpy)
c:/st/stm32cubeide_1.8.0/stm32cubeide/plugins/com.st.stm32cube.ide.mcu.externaltools.gnu-tools-for-stm32.9-2020-q2-update.win32_2.0.0.202105311346/tools/bin/../lib/gcc/arm-none-eabi/9.3.1/../../../../arm-none-eabi/lib/thumb/v7e-m+fp/hard\libc_nano.a(lib_a-strtol.o)
                              c:/st/stm32cubeide_1.8.0/stm32cubeide/plugins/com.st.stm32cube.ide.mcu.externaltools.gnu-tools-for-stm32.9-2020-q2-update.win32_2.0.0.202105311346/tools/bin/../lib/gcc/arm-none-eabi/9.3.1/../../../../arm-none-eabi/lib/thumb/v7e-m+fp/hard\libc_nano.a(lib_a-atoi.o) (_strtol_r)
[...]
Memory Configuration

Name             Origin             Length             Attributes
CCMRAM           0x0000000010000000 0x0000000000010000 xrw
RAM              0x0000000020000000 0x0000000000020000 xrw
FLASH            0x0000000008000000 0x0000000000080000 xr
*default*        0x0000000000000000 0xffffffffffffffff

Linker script and memory map

LOAD c:/st/stm32cubeide_1.8.0/stm32cubeide/plugins/com.st.stm32cube.ide.mcu.externaltools.gnu-tools-for-stm32.9-2020-q2-update.win32_2.0.0.202105311346/tools/bin/../lib/gcc/arm-none-eabi/9.3.1/thumb/v7e-m+fp/hard/crti.o
LOAD c:/st/stm32cubeide_1.8.0/stm32cubeide/plugins/com.st.stm32cube.ide.mcu.externaltools.gnu-tools-for-stm32.9-2020-q2-update.win32_2.0.0.202105311346/tools/bin/../lib/gcc/arm-none-eabi/9.3.1/thumb/v7e-m+fp/hard/crtbegin.o
LOAD c:/st/stm32cubeide_1.8.0/stm32cubeide/plugins/com.st.stm32cube.ide.mcu.externaltools.gnu-tools-for-stm32.9-2020-q2-update.win32_2.0.0.202105311346/tools/bin/../lib/gcc/arm-none-eabi/9.3.1/../../../../arm-none-eabi/lib/thumb/v7e-m+fp/hard/crt0.o
LOAD ./Core/Src/freertos.o
LOAD ./Core/Src/main.o
LOAD ./Core/Src/stm32f4xx_hal_msp.o
LOAD ./Core/Src/stm32f4xx_it.o
LOAD ./Core/Src/syscalls.o
LOAD ./Core/Src/sysmem.o
LOAD ./Core/Src/system_stm32f4xx.o
LOAD ./Core/Startup/startup_stm32f407vetx.o
LOAD ./Drivers/STM32F4xx_HAL_Driver/Src/stm32f4xx_hal.o
LOAD ./Drivers/STM32F4xx_HAL_Driver/Src/stm32f4xx_hal_adc.o
LOAD ./Drivers/STM32F4xx_HAL_Driver/Src/stm32f4xx_hal_adc_ex.o
LOAD ./Drivers/STM32F4xx_HAL_Driver/Src/stm32f4xx_hal_cortex.o
LOAD ./Drivers/STM32F4xx_HAL_Driver/Src/stm32f4xx_hal_dma.o
LOAD ./Drivers/STM32F4xx_HAL_Driver/Src/stm32f4xx_hal_dma_ex.o
LOAD ./Drivers/STM32F4xx_HAL_Driver/Src/stm32f4xx_hal_exti.o
LOAD ./Drivers/STM32F4xx_HAL_Driver/Src/stm32f4xx_hal_flash.o
LOAD ./Drivers/STM32F4xx_HAL_Driver/Src/stm32f4xx_hal_flash_ex.o
LOAD ./Drivers/STM32F4xx_HAL_Driver/Src/stm32f4xx_hal_flash_ramfunc.o
LOAD ./Drivers/STM32F4xx_HAL_Driver/Src/stm32f4xx_hal_gpio.o
LOAD ./Drivers/STM32F4xx_HAL_Driver/Src/stm32f4xx_hal_pwr.o
LOAD ./Drivers/STM32F4xx_HAL_Driver/Src/stm32f4xx_hal_pwr_ex.o
LOAD ./Drivers/STM32F4xx_HAL_Driver/Src/stm32f4xx_hal_rcc.o
LOAD ./Drivers/STM32F4xx_HAL_Driver/Src/stm32f4xx_hal_rcc_ex.o
LOAD ./Drivers/STM32F4xx_HAL_Driver/Src/stm32f4xx_hal_tim.o
LOAD ./Drivers/STM32F4xx_HAL_Driver/Src/stm32f4xx_hal_tim_ex.o
LOAD ./Drivers/STM32F4xx_HAL_Driver/Src/stm32f4xx_hal_uart.o
LOAD ./Drivers/STM32F4xx_HAL_Driver/Src/stm32f4xx_ll_adc.o
LOAD ./Middlewares/Third_Party/FreeRTOS/Source/CMSIS_RTOS_V2/cmsis_os2.o
LOAD ./Middlewares/Third_Party/FreeRTOS/Source/croutine.o
LOAD ./Middlewares/Third_Party/FreeRTOS/Source/event_groups.o
LOAD ./Middlewares/Third_Party/FreeRTOS/Source/list.o
LOAD ./Middlewares/Third_Party/FreeRTOS/Source/queue.o
LOAD ./Middlewares/Third_Party/FreeRTOS/Source/stream_buffer.o
LOAD ./Middlewares/Third_Party/FreeRTOS/Source/tasks.o
LOAD ./Middlewares/Third_Party/FreeRTOS/Source/timers.o
LOAD ./Middlewares/Third_Party/FreeRTOS/Source/portable/GCC/ARM_CM4F/port.o
LOAD ./Middlewares/Third_Party/FreeRTOS/Source/portable/MemMang/heap_4.o
LOAD ./PeripheralDriver/Src/oled.o
START GROUP
LOAD c:/st/stm32cubeide_1.8.0/stm32cubeide/plugins/com.st.stm32cube.ide.mcu.externaltools.gnu-tools-for-stm32.9-2020-q2-update.win32_2.0.0.202105311346/tools/bin/../lib/gcc/arm-none-eabi/9.3.1/../../../../arm-none-eabi/lib/thumb/v7e-m+fp/hard\libc_nano.a
LOAD c:/st/stm32cubeide_1.8.0/stm32cubeide/plugins/com.st.stm32cube.ide.mcu.externaltools.gnu-tools-for-stm32.9-2020-q2-update.win32_2.0.0.202105311346/tools/bin/../lib/gcc/arm-none-eabi/9.3.1/../../../../arm-none-eabi/lib/thumb/v7e-m+fp/hard\libm.a
END GROUP
START GROUP
LOAD c:/st/stm32cubeide_1.8.0/stm32cubeide/plugins/com.st.stm32cube.ide.mcu.externaltools.gnu-tools-for-stm32.9-2020-q2-update.win32_2.0.0.202105311346/tools/bin/../lib/gcc/arm-none-eabi/9.3.1/thumb/v7e-m+fp/hard\libgcc.a
LOAD c:/st/stm32cubeide_1.8.0/stm32cubeide/plugins/com.st.stm32cube.ide.mcu.externaltools.gnu-tools-for-stm32.9-2020-q2-update.win32_2.0.0.202105311346/tools/bin/../lib/gcc/arm-none-eabi/9.3.1/../../../../arm-none-eabi/lib/thumb/v7e-m+fp/hard\libc_nano.a
END GROUP
START GROUP
LOAD c:/st/stm32cubeide_1.8.0/stm32cubeide/plugins/com.st.stm32cube.ide.mcu.externaltools.gnu-tools-for-stm32.9-2020-q2-update.win32_2.0.0.202105311346/tools/bin/../lib/gcc/arm-none-eabi/9.3.1/thumb/v7e-m+fp/hard\libgcc.a
LOAD c:/st/stm32cubeide_1.8.0/stm32cubeide/plugins/com.st.stm32cube.ide.mcu.externaltools.gnu-tools-for-stm32.9-2020-q2-update.win32_2.0.0.202105311346/tools/bin/../lib/gcc/arm-none-eabi/9.3.1/../../../../arm-none-eabi/lib/thumb/v7e-m+fp/hard\libc_nano.a
LOAD c:/st/stm32cubeide_1.8.0/stm32cubeide/plugins/com.st.stm32cube.ide.mcu.externaltools.gnu-tools-for-stm32.9-2020-q2-update.win32_2.0.0.202105311346/tools/bin/../lib/gcc/arm-none-eabi/9.3.1/../../../../arm-none-eabi/lib/thumb/v7e-m+fp/hard\libnosys.a
END GROUP
START GROUP
LOAD c:/st/stm32cubeide_1.8.0/stm32cubeide/plugins/com.st.stm32cube.ide.mcu.externaltools.gnu-tools-for-stm32.9-2020-q2-update.win32_2.0.0.202105311346/tools/bin/../lib/gcc/arm-none-eabi/9.3.1/thumb/v7e-m+fp/hard\libgcc.a
LOAD c:/st/stm32cubeide_1.8.0/stm32cubeide/plugins/com.st.stm32cube.ide.mcu.externaltools.gnu-tools-for-stm32.9-2020-q2-update.win32_2.0.0.202105311346/tools/bin/../lib/gcc/arm-none-eabi/9.3.1/../../../../arm-none-eabi/lib/thumb/v7e-m+fp/hard\libc_nano.a
LOAD c:/st/stm32cubeide_1.8.0/stm32cubeide/plugins/com.st.stm32cube.ide.mcu.externaltools.gnu-tools-for-stm32.9-2020-q2-update.win32_2.0.0.202105311346/tools/bin/../lib/gcc/arm-none-eabi/9.3.1/../../../../arm-none-eabi/lib/thumb/v7e-m+fp/hard\libnosys.a
END GROUP
LOAD c:/st/stm32cubeide_1.8.0/stm32cubeide/plugins/com.st.stm32cube.ide.mcu.externaltools.gnu-tools-for-stm32.9-2020-q2-update.win32_2.0.0.202105311346/tools/bin/../lib/gcc/arm-none-eabi/9.3.1/thumb/v7e-m+fp/hard/crtend.o
LOAD c:/st/stm32cubeide_1.8.0/stm32cubeide/plugins/com.st.stm32cube.ide.mcu.externaltools.gnu-tools-for-stm32.9-2020-q2-update.win32_2.0.0.202105311346/tools/bin/../lib/gcc/arm-none-eabi/9.3.1/thumb/v7e-m+fp/hard/crtn.o
                0x0000000020020000                _estack = (ORIGIN (RAM) + LENGTH (RAM))
                0x0000000000000200                _Min_Heap_Size = 0x200
                0x0000000000000400                _Min_Stack_Size = 0x400

.isr_vector     0x0000000008000000      0x188
                0x0000000008000000                . = ALIGN (0x4)
 *(.isr_vector)
 .isr_vector    0x0000000008000000      0x188 ./Core/Startup/startup_stm32f407vetx.o
                0x0000000008000000                g_pfnVectors
                0x0000000008000188                . = ALIGN (0x4)

.text           0x0000000008000190     0x6d08
                0x0000000008000190                . = ALIGN (0x4)
 *(.text)
 .text          0x0000000008000190       0x40 c:/st/stm32cubeide_1.8.0/stm32cubeide/plugins/com.st.stm32cube.ide.mcu.externaltools.gnu-tools-for-stm32.9-2020-q2-update.win32_2.0.0.202105311346/tools/bin/../lib/gcc/arm-none-eabi/9.3.1/thumb/v7e-m+fp/hard/crtbegin.o
 .text          0x00000000080001d0       0xa0 c:/st/stm32cubeide_1.8.0/stm32cubeide/plugins/com.st.stm32cube.ide.mcu.externaltools.gnu-tools-for-stm32.9-2020-q2-update.win32_2.0.0.202105311346/tools/bin/../lib/gcc/arm-none-eabi/9.3.1/../../../../arm-none-eabi/lib/thumb/v7e-m+fp/hard\libc_nano.a(lib_a-memchr.o)
                0x00000000080001d0                memchr
 .text          0x0000000008000270      0x378 c:/st/stm32cubeide_1.8.0/stm32cubeide/plugins/com.st.stm32cube.ide.mcu.externaltools.gnu-tools-for-stm32.9-2020-q2-update.win32_2.0.0.202105311346/tools/bin/../lib/gcc/arm-none-eabi/9.3.1/thumb/v7e-m+fp/hard\libgcc.a(_arm_addsubdf3.o)
                0x0000000008000270                __aeabi_drsub
                0x0000000008000278                __aeabi_dsub
                0x0000000008000278                __subdf3
                0x000000000800027c                __aeabi_dadd
                0x000000000800027c                __adddf3
                0x00000000080004f4                __floatunsidf
                0x00000000080004f4                __aeabi_ui2d
                0x0000000008000514                __floatsidf
                0x0000000008000514                __aeabi_i2d
                0x0000000008000538                __aeabi_f2d
                0x0000000008000538                __extendsfdf2
                0x000000000800057c                __floatundidf
                0x000000000800057c                __aeabi_ul2d
                0x000000000800058c                __floatdidf
                0x000000000800058c                __aeabi_l2d
 .text          0x00000000080005e8       0x50 c:/st/stm32cubeide_1.8.0/stm32cubeide/plugins/com.st.stm32cube.ide.mcu.externaltools.gnu-tools-for-stm32.9-2020-q2-update.win32_2.0.0.202105311346/tools/bin/../lib/gcc/arm-none-eabi/9.3.1/thumb/v7e-m+fp/hard\libgcc.a(_arm_fixdfsi.o)
                0x00000000080005e8                __aeabi_d2iz
                0x00000000080005e8                __fixdfsi
 .text          0x0000000008000638       0x30 c:/st/stm32cubeide_1.8.0/stm32cubeide/plugins/com.st.stm32cube.ide.mcu.externaltools.gnu-tools-for-stm32.9-2020-q2-update.win32_2.0.0.202105311346/tools/bin/../lib/gcc/arm-none-eabi/9.3.1/thumb/v7e-m+fp/hard\libgcc.a(_aeabi_uldivmod.o)
                0x0000000008000638                __aeabi_uldivmod
 .text          0x0000000008000668      0x2c4 c:/st/stm32cubeide_1.8.0/stm32cubeide/plugins/com.st.stm32cube.ide.mcu.externaltools.gnu-tools-for-stm32.9-2020-q2-update.win32_2.0.0.202105311346/tools/bin/../lib/gcc/arm-none-eabi/9.3.1/thumb/v7e-m+fp/hard\libgcc.a(_udivmoddi4.o)
                0x0000000008000668                __udivmoddi4
 .text          0x000000000800092c        0x4 c:/st/stm32cubeide_1.8.0/stm32cubeide/plugins/com.st.stm32cube.ide.mcu.externaltools.gnu-tools-for-stm32.9-2020-q2-update.win32_2.0.0.202105311346/tools/bin/../lib/gcc/arm-none-eabi/9.3.1/thumb/v7e-m+fp/hard\libgcc.a(_dvmd_tls.o)
                0x000000000800092c                __aeabi_idiv0
                0x000000000800092c                __aeabi_ldiv0
 *(.text*)
 .text.servo    0x0000000008000930       0x60 ./Core/Src/main.o
                0x0000000008000930                servo
 .text.led      0x0000000008000990       0x20 ./Core/Src/main.o
                0x0000000008000990                led
 .text.motor    0x00000000080009b0       0xc8 ./Core/Src/main.o
                0x00000000080009b0                motor
 .text.SystemClock_Config
                0x0000000008000a78       0x88 ./Core/Src/main.o
                0x0000000008000a78                SystemClock_Config
 .text.HAL_UART_RxCpltCallback
                0x0000000008000b00        0x2 ./Core/Src/main.o
                0x0000000008000b00                HAL_UART_RxCpltCallback
 *fill*         0x0000000008000b02        0x2 
 .text.avgVal   0x0000000008000b04       0x3c ./Core/Src/main.o
                0x0000000008000b04                avgVal
 .text.bufferFilled
                0x0000000008000b40       0x16 ./Core/Src/main.o
                0x0000000008000b40                bufferFilled
 *fill*         0x0000000008000b56        0x2 
 .text.oled     0x0000000008000b58      0x150 ./Core/Src/main.o
                0x0000000008000b58                oled
 .text.rpi      0x0000000008000ca8       0xf4 ./Core/Src/main.o
                0x0000000008000ca8                rpi
 .text.microDelay
                0x0000000008000d9c       0x14 ./Core/Src/main.o
                0x0000000008000d9c                microDelay
 .text.ultra    0x0000000008000db0       0x54 ./Core/Src/main.o
                0x0000000008000db0                ultra
 .text.valShift
                0x0000000008000e04       0x16 ./Core/Src/main.o
                0x0000000008000e04                valShift
 *fill*         0x0000000008000e1a        0x2 
 .text.HAL_TIM_IC_CaptureCallback
                0x0000000008000e1c       0x90 ./Core/Src/main.o
                0x0000000008000e1c                HAL_TIM_IC_CaptureCallback
 .text.ir       0x0000000008000eac       0x58 ./Core/Src/main.o
                0x0000000008000eac                ir
 .text.battery  0x0000000008000f04       0xc8 ./Core/Src/main.o
                0x0000000008000f04                battery
 .text.changeProfile
                0x0000000008000fcc      0x200 ./Core/Src/main.o
                0x0000000008000fcc                changeProfile
 .text.HAL_GPIO_EXTI_Callback
                0x00000000080011cc       0x24 ./Core/Src/main.o
                0x00000000080011cc                HAL_GPIO_EXTI_Callback
 .text.startup.main
                0x00000000080011f0      0x7e4 ./Core/Src/main.o
                0x00000000080011f0                main
 .text.pid      0x00000000080019d4      0x1bc ./Core/Src/main.o
                0x00000000080019d4                pid
 .text.encoder  0x0000000008001b90      0x1c4 ./Core/Src/main.o
                0x0000000008001b90                encoder
 .text.stopRobot
                0x0000000008001d54       0x68 ./Core/Src/main.o
                0x0000000008001d54                stopRobot
 .text.driveRobot
                0x0000000008001dbc      0x140 ./Core/Src/main.o
                0x0000000008001dbc                driveRobot
 .text.turnRobot
                0x0000000008001efc       0xf4 ./Core/Src/main.o
                0x0000000008001efc                turnRobot
 .text.dispatch
                0x0000000008001ff0       0x84 ./Core/Src/main.o
                0x0000000008001ff0                dispatch
 .text.HAL_MspInit
                0x0000000008002074       0x40 ./Core/Src/stm32f4xx_hal_msp.o
                0x0000000008002074                HAL_MspInit
 .text.HAL_ADC_MspInit
                0x00000000080020b4       0xa4 ./Core/Src/stm32f4xx_hal_msp.o
                0x00000000080020b4                HAL_ADC_MspInit
 .text.HAL_TIM_PWM_MspInit
                0x0000000008002158       0x30 ./Core/Src/stm32f4xx_hal_msp.o
                0x0000000008002158                HAL_TIM_PWM_MspInit
 .text.HAL_TIM_Encoder_MspInit
                0x0000000008002188       0xe4 ./Core/Src/stm32f4xx_hal_msp.o
                0x0000000008002188                HAL_TIM_Encoder_MspInit
 .text.HAL_TIM_IC_MspInit
                0x000000000800226c       0x7c ./Core/Src/stm32f4xx_hal_msp.o
                0x000000000800226c                HAL_TIM_IC_MspInit
 .text.HAL_TIM_Base_MspInit
                0x00000000080022e8       0x90 ./Core/Src/stm32f4xx_hal_msp.o
                0x00000000080022e8                HAL_TIM_Base_MspInit
 .text.HAL_TIM_MspPostInit
                0x0000000008002378       0x5c ./Core/Src/stm32f4xx_hal_msp.o
                0x0000000008002378                HAL_TIM_MspPostInit
 .text.HAL_UART_MspInit
                0x00000000080023d4       0x80 ./Core/Src/stm32f4xx_hal_msp.o
                0x00000000080023d4                HAL_UART_MspInit
 .text.NMI_Handler
                0x0000000008002454        0x2 ./Core/Src/stm32f4xx_it.o
                0x0000000008002454                NMI_Handler
 .text.HardFault_Handler
                0x0000000008002456        0x2 ./Core/Src/stm32f4xx_it.o
                0x0000000008002456                HardFault_Handler
 .text.MemManage_Handler
                0x0000000008002458        0x2 ./Core/Src/stm32f4xx_it.o
                0x0000000008002458                MemManage_Handler
 .text.BusFault_Handler
                0x000000000800245a        0x2 ./Core/Src/stm32f4xx_it.o
                0x000000000800245a                BusFault_Handler
 .text.UsageFault_Handler
                0x000000000800245c        0x2 ./Core/Src/stm32f4xx_it.o
                0x000000000800245c                UsageFault_Handler
 .text.DebugMon_Handler
                0x000000000800245e        0x2 ./Core/Src/stm32f4xx_it.o
                0x000000000800245e                DebugMon_Handler
 .text.SysTick_Handler
                0x0000000008002460       0x18 ./Core/Src/stm32f4xx_it.o
                0x0000000008002460                SysTick_Handler
 .text.EXTI9_5_IRQHandler
                0x0000000008002478        0x8 ./Core/Src/stm32f4xx_it.o
                0x0000000008002478                EXTI9_5_IRQHandler
 .text.TIM4_IRQHandler
                0x0000000008002480        0xc ./Core/Src/stm32f4xx_it.o
                0x0000000008002480                TIM4_IRQHandler
 .text.USART3_IRQHandler
                0x000000000800248c        0xc ./Core/Src/stm32f4xx_it.o
                0x000000000800248c                USART3_IRQHandler
 .text._sbrk    0x0000000008002498       0x40 ./Core/Src/sysmem.o
                0x0000000008002498                _sbrk
 .text.SystemInit
                0x00000000080024d8       0x14 ./Core/Src/system_stm32f4xx.o
                0x00000000080024d8                SystemInit
 .text.Reset_Handler
                0x00000000080024ec       0x50 ./Core/Startup/startup_stm32f407vetx.o
                0x00000000080024ec                Reset_Handler
 .text.Default_Handler
                0x000000000800253c        0x2 ./Core/Startup/startup_stm32f407vetx.o
                0x000000000800253c                RTC_Alarm_IRQHandler
                0x000000000800253c                HASH_RNG_IRQHandler
                0x000000000800253c                EXTI2_IRQHandler
                0x000000000800253c                TIM8_CC_IRQHandler
                0x000000000800253c                TIM1_CC_IRQHandler
                0x000000000800253c                DMA2_Stream5_IRQHandler
                0x000000000800253c                DMA1_Stream5_IRQHandler
                0x000000000800253c                PVD_IRQHandler
                0x000000000800253c                SDIO_IRQHandler
                0x000000000800253c                TAMP_STAMP_IRQHandler
                0x000000000800253c                CAN2_RX1_IRQHandler
                0x000000000800253c                EXTI3_IRQHandler
                0x000000000800253c                TIM8_TRG_COM_TIM14_IRQHandler
                0x000000000800253c                TIM1_UP_TIM10_IRQHandler
                0x000000000800253c                TIM8_UP_TIM13_IRQHandler
                0x000000000800253c                I2C3_ER_IRQHandler
                0x000000000800253c                EXTI0_IRQHandler
                0x000000000800253c                I2C2_EV_IRQHandler
                0x000000000800253c                DMA1_Stream2_IRQHandler
                0x000000000800253c                CAN1_RX0_IRQHandler
                0x000000000800253c                FPU_IRQHandler
                0x000000000800253c                OTG_HS_WKUP_IRQHandler
                0x000000000800253c                CAN2_SCE_IRQHandler
                0x000000000800253c                DMA2_Stream2_IRQHandler
                0x000000000800253c                SPI1_IRQHandler
                0x000000000800253c                TIM6_DAC_IRQHandler
                0x000000000800253c                TIM1_BRK_TIM9_IRQHandler
                0x000000000800253c                DCMI_IRQHandler
                0x000000000800253c                CAN2_RX0_IRQHandler
                0x000000000800253c                DMA2_Stream3_IRQHandler
                0x000000000800253c                USART6_IRQHandler
                0x000000000800253c                CAN1_RX1_IRQHandler
                0x000000000800253c                UART5_IRQHandler
                0x000000000800253c                DMA2_Stream0_IRQHandler
                0x000000000800253c                I2C1_EV_IRQHandler
                0x000000000800253c                DMA1_Stream6_IRQHandler
                0x000000000800253c                DMA1_Stream1_IRQHandler
                0x000000000800253c                UART4_IRQHandler
                0x000000000800253c                TIM3_IRQHandler
                0x000000000800253c                RCC_IRQHandler
                0x000000000800253c                TIM8_BRK_TIM12_IRQHandler
                0x000000000800253c                Default_Handler
                0x000000000800253c                EXTI15_10_IRQHandler
                0x000000000800253c                ADC_IRQHandler
                0x000000000800253c                DMA1_Stream7_IRQHandler
                0x000000000800253c                TIM7_IRQHandler
                0x000000000800253c                CAN2_TX_IRQHandler
                0x000000000800253c                TIM5_IRQHandler
                0x000000000800253c                DMA2_Stream7_IRQHandler
                0x000000000800253c                I2C3_EV_IRQHandler
                0x000000000800253c                RTC_WKUP_IRQHandler
                0x000000000800253c                ETH_WKUP_IRQHandler
                0x000000000800253c                SPI2_IRQHandler
                0x000000000800253c                OTG_HS_EP1_IN_IRQHandler
                0x000000000800253c                DMA1_Stream0_IRQHandler
                0x000000000800253c                CAN1_TX_IRQHandler
                0x000000000800253c                EXTI4_IRQHandler
                0x000000000800253c                FSMC_IRQHandler
                0x000000000800253c                ETH_IRQHandler
                0x000000000800253c                OTG_HS_EP1_OUT_IRQHandler
                0x000000000800253c                WWDG_IRQHandler
                0x000000000800253c                TIM2_IRQHandler
                0x000000000800253c                OTG_FS_WKUP_IRQHandler
                0x000000000800253c                TIM1_TRG_COM_TIM11_IRQHandler
                0x000000000800253c                OTG_HS_IRQHandler
                0x000000000800253c                EXTI1_IRQHandler
                0x000000000800253c                USART2_IRQHandler
                0x000000000800253c                I2C2_ER_IRQHandler
                0x000000000800253c                DMA2_Stream1_IRQHandler
                0x000000000800253c                CAN1_SCE_IRQHandler
                0x000000000800253c                FLASH_IRQHandler
                0x000000000800253c                DMA2_Stream4_IRQHandler
                0x000000000800253c                USART1_IRQHandler
                0x000000000800253c                OTG_FS_IRQHandler
                0x000000000800253c                SPI3_IRQHandler
                0x000000000800253c                DMA1_Stream4_IRQHandler
                0x000000000800253c                I2C1_ER_IRQHandler
                0x000000000800253c                DMA2_Stream6_IRQHandler
                0x000000000800253c                DMA1_Stream3_IRQHandler
 *fill*         0x000000000800253e        0x2 
 .text.HAL_InitTick
                0x0000000008002540       0x48 ./Drivers/STM32F4xx_HAL_Driver/Src/stm32f4xx_hal.o
                0x0000000008002540                HAL_InitTick
 .text.HAL_Init
                0x0000000008002588       0x34 ./Drivers/STM32F4xx_HAL_Driver/Src/stm32f4xx_hal.o
                0x0000000008002588                HAL_Init
 .text.HAL_IncTick
                0x00000000080025bc       0x18 ./Drivers/STM32F4xx_HAL_Driver/Src/stm32f4xx_hal.o
                0x00000000080025bc                HAL_IncTick
 .text.HAL_GetTick
                0x00000000080025d4        0xc ./Drivers/STM32F4xx_HAL_Driver/Src/stm32f4xx_hal.o
                0x00000000080025d4                HAL_GetTick
 .text.HAL_Delay
                0x00000000080025e0       0x28 ./Drivers/STM32F4xx_HAL_Driver/Src/stm32f4xx_hal.o
                0x00000000080025e0                HAL_Delay
 .text.HAL_ADC_Init
                0x0000000008002608      0x14c ./Drivers/STM32F4xx_HAL_Driver/Src/stm32f4xx_hal_adc.o
                0x0000000008002608                HAL_ADC_Init
 .text.HAL_ADC_Start
                0x0000000008002754      0x108 ./Drivers/STM32F4xx_HAL_Driver/Src/stm32f4xx_hal_adc.o
                0x0000000008002754                HAL_ADC_Start
 .text.HAL_ADC_PollForConversion
                0x000000000800285c       0xa6 ./Drivers/STM32F4xx_HAL_Driver/Src/stm32f4xx_hal_adc.o
                0x000000000800285c                HAL_ADC_PollForConversion
 .text.HAL_ADC_GetValue
                0x0000000008002902        0x6 ./Drivers/STM32F4xx_HAL_Driver/Src/stm32f4xx_hal_adc.o
                0x0000000008002902                HAL_ADC_GetValue
 .text.HAL_ADC_ConfigChannel
                0x0000000008002908      0x124 ./Drivers/STM32F4xx_HAL_Driver/Src/stm32f4xx_hal_adc.o
                0x0000000008002908                HAL_ADC_ConfigChannel
 .text.HAL_NVIC_SetPriorityGrouping
                0x0000000008002a2c       0x24 ./Drivers/STM32F4xx_HAL_Driver/Src/stm32f4xx_hal_cortex.o
                0x0000000008002a2c                HAL_NVIC_SetPriorityGrouping
 .text.HAL_NVIC_SetPriority
                0x0000000008002a50       0x64 ./Drivers/STM32F4xx_HAL_Driver/Src/stm32f4xx_hal_cortex.o
                0x0000000008002a50                HAL_NVIC_SetPriority
 .text.HAL_NVIC_EnableIRQ
                0x0000000008002ab4       0x1c ./Drivers/STM32F4xx_HAL_Driver/Src/stm32f4xx_hal_cortex.o
                0x0000000008002ab4                HAL_NVIC_EnableIRQ
 .text.HAL_SYSTICK_Config
                0x0000000008002ad0       0x2c ./Drivers/STM32F4xx_HAL_Driver/Src/stm32f4xx_hal_cortex.o
                0x0000000008002ad0                HAL_SYSTICK_Config
 .text.HAL_DMA_Abort
                0x0000000008002afc       0x88 ./Drivers/STM32F4xx_HAL_Driver/Src/stm32f4xx_hal_dma.o
                0x0000000008002afc                HAL_DMA_Abort
 .text.HAL_DMA_Abort_IT
                0x0000000008002b84       0x24 ./Drivers/STM32F4xx_HAL_Driver/Src/stm32f4xx_hal_dma.o
                0x0000000008002b84                HAL_DMA_Abort_IT
 .text.HAL_GPIO_Init
                0x0000000008002ba8      0x1b4 ./Drivers/STM32F4xx_HAL_Driver/Src/stm32f4xx_hal_gpio.o
                0x0000000008002ba8                HAL_GPIO_Init
 .text.HAL_GPIO_ReadPin
                0x0000000008002d5c        0xc ./Drivers/STM32F4xx_HAL_Driver/Src/stm32f4xx_hal_gpio.o
                0x0000000008002d5c                HAL_GPIO_ReadPin
 .text.HAL_GPIO_WritePin
                0x0000000008002d68        0xa ./Drivers/STM32F4xx_HAL_Driver/Src/stm32f4xx_hal_gpio.o
                0x0000000008002d68                HAL_GPIO_WritePin
 .text.HAL_GPIO_TogglePin
                0x0000000008002d72       0x12 ./Drivers/STM32F4xx_HAL_Driver/Src/stm32f4xx_hal_gpio.o
                0x0000000008002d72                HAL_GPIO_TogglePin
 .text.HAL_GPIO_EXTI_IRQHandler
                0x0000000008002d84       0x18 ./Drivers/STM32F4xx_HAL_Driver/Src/stm32f4xx_hal_gpio.o
                0x0000000008002d84                HAL_GPIO_EXTI_IRQHandler
 .text.HAL_PWR_EnableBkUpAccess
                0x0000000008002d9c       0x1c ./Drivers/STM32F4xx_HAL_Driver/Src/stm32f4xx_hal_pwr.o
                0x0000000008002d9c                HAL_PWR_EnableBkUpAccess
 .text.HAL_PWR_DisableBkUpAccess
                0x0000000008002db8       0x1c ./Drivers/STM32F4xx_HAL_Driver/Src/stm32f4xx_hal_pwr.o
                0x0000000008002db8                HAL_PWR_DisableBkUpAccess
 .text.HAL_RCC_OscConfig
                0x0000000008002dd4      0x358 ./Drivers/STM32F4xx_HAL_Driver/Src/stm32f4xx_hal_rcc.o
                0x0000000008002dd4                HAL_RCC_OscConfig
 .text.HAL_RCC_GetSysClockFreq
                0x000000000800312c       0x5c ./Drivers/STM32F4xx_HAL_Driver/Src/stm32f4xx_hal_rcc.o
                0x000000000800312c                HAL_RCC_GetSysClockFreq
 .text.HAL_RCC_ClockConfig
                0x0000000008003188      0x138 ./Drivers/STM32F4xx_HAL_Driver/Src/stm32f4xx_hal_rcc.o
                0x0000000008003188                HAL_RCC_ClockConfig
 .text.HAL_RCC_GetPCLK1Freq
                0x00000000080032c0       0x20 ./Drivers/STM32F4xx_HAL_Driver/Src/stm32f4xx_hal_rcc.o
                0x00000000080032c0                HAL_RCC_GetPCLK1Freq
 .text.HAL_RCC_GetPCLK2Freq
                0x00000000080032e0       0x20 ./Drivers/STM32F4xx_HAL_Driver/Src/stm32f4xx_hal_rcc.o
                0x00000000080032e0                HAL_RCC_GetPCLK2Freq
 .text.TIM_OC1_SetConfig
                0x0000000008003300       0x64 ./Drivers/STM32F4xx_HAL_Driver/Src/stm32f4xx_hal_tim.o
 .text.TIM_OC3_SetConfig
                0x0000000008003364       0x6c ./Drivers/STM32F4xx_HAL_Driver/Src/stm32f4xx_hal_tim.o
 .text.TIM_OC4_SetConfig
                0x00000000080033d0       0x4c ./Drivers/STM32F4xx_HAL_Driver/Src/stm32f4xx_hal_tim.o
 .text.HAL_TIM_Base_Start
                0x000000000800341c       0x6c ./Drivers/STM32F4xx_HAL_Driver/Src/stm32f4xx_hal_tim.o
                0x000000000800341c                HAL_TIM_Base_Start
 .text.HAL_TIM_Encoder_Start
                0x0000000008003488       0xb6 ./Drivers/STM32F4xx_HAL_Driver/Src/stm32f4xx_hal_tim.o
                0x0000000008003488                HAL_TIM_Encoder_Start
 .text.HAL_TIM_ReadCapturedValue
                0x000000000800353e       0x2c ./Drivers/STM32F4xx_HAL_Driver/Src/stm32f4xx_hal_tim.o
                0x000000000800353e                HAL_TIM_ReadCapturedValue
 .text.HAL_TIM_PeriodElapsedCallback
                0x000000000800356a        0x2 ./Drivers/STM32F4xx_HAL_Driver/Src/stm32f4xx_hal_tim.o
                0x000000000800356a                HAL_TIM_PeriodElapsedCallback
 .text.HAL_TIM_OC_DelayElapsedCallback
                0x000000000800356c        0x2 ./Drivers/STM32F4xx_HAL_Driver/Src/stm32f4xx_hal_tim.o
                0x000000000800356c                HAL_TIM_OC_DelayElapsedCallback
 .text.HAL_TIM_PWM_PulseFinishedCallback
                0x000000000800356e        0x2 ./Drivers/STM32F4xx_HAL_Driver/Src/stm32f4xx_hal_tim.o
                0x000000000800356e                HAL_TIM_PWM_PulseFinishedCallback
 .text.HAL_TIM_TriggerCallback
                0x0000000008003570        0x2 ./Drivers/STM32F4xx_HAL_Driver/Src/stm32f4xx_hal_tim.o
                0x0000000008003570                HAL_TIM_TriggerCallback
 .text.HAL_TIM_IRQHandler
                0x0000000008003572      0x144 ./Drivers/STM32F4xx_HAL_Driver/Src/stm32f4xx_hal_tim.o
                0x0000000008003572                HAL_TIM_IRQHandler
 *fill*         0x00000000080036b6        0x2 
 .text.TIM_Base_SetConfig
                0x00000000080036b8       0xcc ./Drivers/STM32F4xx_HAL_Driver/Src/stm32f4xx_hal_tim.o
                0x00000000080036b8                TIM_Base_SetConfig
 .text.HAL_TIM_Base_Init
                0x0000000008003784       0x58 ./Drivers/STM32F4xx_HAL_Driver/Src/stm32f4xx_hal_tim.o
                0x0000000008003784                HAL_TIM_Base_Init
 .text.HAL_TIM_PWM_Init
                0x00000000080037dc       0x58 ./Drivers/STM32F4xx_HAL_Driver/Src/stm32f4xx_hal_tim.o
                0x00000000080037dc                HAL_TIM_PWM_Init
 .text.HAL_TIM_IC_Init
                0x0000000008003834       0x58 ./Drivers/STM32F4xx_HAL_Driver/Src/stm32f4xx_hal_tim.o
                0x0000000008003834                HAL_TIM_IC_Init
 .text.HAL_TIM_Encoder_Init
                0x000000000800388c       0xaa ./Drivers/STM32F4xx_HAL_Driver/Src/stm32f4xx_hal_tim.o
                0x000000000800388c                HAL_TIM_Encoder_Init
 *fill*         0x0000000008003936        0x2 
 .text.TIM_OC2_SetConfig
                0x0000000008003938       0x6c ./Drivers/STM32F4xx_HAL_Driver/Src/stm32f4xx_hal_tim.o
                0x0000000008003938                TIM_OC2_SetConfig
 .text.HAL_TIM_PWM_ConfigChannel
                0x00000000080039a4       0xbc ./Drivers/STM32F4xx_HAL_Driver/Src/stm32f4xx_hal_tim.o
                0x00000000080039a4                HAL_TIM_PWM_ConfigChannel
 .text.TIM_TI1_SetConfig
                0x0000000008003a60       0x74 ./Drivers/STM32F4xx_HAL_Driver/Src/stm32f4xx_hal_tim.o
                0x0000000008003a60                TIM_TI1_SetConfig
 .text.HAL_TIM_IC_ConfigChannel
                0x0000000008003ad4      0x126 ./Drivers/STM32F4xx_HAL_Driver/Src/stm32f4xx_hal_tim.o
                0x0000000008003ad4                HAL_TIM_IC_ConfigChannel
 .text.TIM_ETR_SetConfig
                0x0000000008003bfa       0x14 ./Drivers/STM32F4xx_HAL_Driver/Src/stm32f4xx_hal_tim.o
                0x0000000008003bfa                TIM_ETR_SetConfig
 .text.HAL_TIM_ConfigClockSource
                0x0000000008003c0e      0x138 ./Drivers/STM32F4xx_HAL_Driver/Src/stm32f4xx_hal_tim.o
                0x0000000008003c0e                HAL_TIM_ConfigClockSource
 .text.TIM_CCxChannelCmd
                0x0000000008003d46       0x1c ./Drivers/STM32F4xx_HAL_Driver/Src/stm32f4xx_hal_tim.o
                0x0000000008003d46                TIM_CCxChannelCmd
 *fill*         0x0000000008003d62        0x2 
 .text.HAL_TIM_OC_Start
                0x0000000008003d64       0xcc ./Drivers/STM32F4xx_HAL_Driver/Src/stm32f4xx_hal_tim.o
                0x0000000008003d64                HAL_TIM_OC_Start
 .text.HAL_TIM_PWM_Start
                0x0000000008003e30        0x4 ./Drivers/STM32F4xx_HAL_Driver/Src/stm32f4xx_hal_tim.o
                0x0000000008003e30                HAL_TIM_PWM_Start
 .text.HAL_TIM_OC_Start_IT
                0x0000000008003e34       0xf4 ./Drivers/STM32F4xx_HAL_Driver/Src/stm32f4xx_hal_tim.o
                0x0000000008003e34                HAL_TIM_OC_Start_IT
 .text.HAL_TIM_PWM_Start_IT
                0x0000000008003f28        0x4 ./Drivers/STM32F4xx_HAL_Driver/Src/stm32f4xx_hal_tim.o
                0x0000000008003f28                HAL_TIM_PWM_Start_IT
 .text.HAL_TIM_IC_Start_IT
                0x0000000008003f2c      0x108 ./Drivers/STM32F4xx_HAL_Driver/Src/stm32f4xx_hal_tim.o
                0x0000000008003f2c                HAL_TIM_IC_Start_IT
 .text.HAL_TIMEx_MasterConfigSynchronization
                0x0000000008004034       0x7c ./Drivers/STM32F4xx_HAL_Driver/Src/stm32f4xx_hal_tim_ex.o
                0x0000000008004034                HAL_TIMEx_MasterConfigSynchronization
 .text.HAL_TIMEx_ConfigBreakDeadTime
                0x00000000080040b0       0x4c ./Drivers/STM32F4xx_HAL_Driver/Src/stm32f4xx_hal_tim_ex.o
                0x00000000080040b0                HAL_TIMEx_ConfigBreakDeadTime
 .text.HAL_TIMEx_CommutCallback
                0x00000000080040fc        0x2 ./Drivers/STM32F4xx_HAL_Driver/Src/stm32f4xx_hal_tim_ex.o
                0x00000000080040fc                HAL_TIMEx_CommutCallback
 .text.HAL_TIMEx_BreakCallback
                0x00000000080040fe        0x2 ./Drivers/STM32F4xx_HAL_Driver/Src/stm32f4xx_hal_tim_ex.o
                0x00000000080040fe                HAL_TIMEx_BreakCallback
 .text.UART_EndRxTransfer
                0x0000000008004100       0x5c ./Drivers/STM32F4xx_HAL_Driver/Src/stm32f4xx_hal_uart.o
 .text.UART_SetConfig
                0x000000000800415c       0xbc ./Drivers/STM32F4xx_HAL_Driver/Src/stm32f4xx_hal_uart.o
 .text.UART_WaitOnFlagUntilTimeout.constprop.0
                0x0000000008004218       0x6c ./Drivers/STM32F4xx_HAL_Driver/Src/stm32f4xx_hal_uart.o
 .text.HAL_UART_Init
                0x0000000008004284       0x5c ./Drivers/STM32F4xx_HAL_Driver/Src/stm32f4xx_hal_uart.o
                0x0000000008004284                HAL_UART_Init
 .text.HAL_UART_Transmit
                0x00000000080042e0       0xaa ./Drivers/STM32F4xx_HAL_Driver/Src/stm32f4xx_hal_uart.o
                0x00000000080042e0                HAL_UART_Transmit
 .text.HAL_UART_TxCpltCallback
                0x000000000800438a        0x2 ./Drivers/STM32F4xx_HAL_Driver/Src/stm32f4xx_hal_uart.o
                0x000000000800438a                HAL_UART_TxCpltCallback
 .text.HAL_UART_ErrorCallback
                0x000000000800438c        0x2 ./Drivers/STM32F4xx_HAL_Driver/Src/stm32f4xx_hal_uart.o
                0x000000000800438c                HAL_UART_ErrorCallback
 .text.UART_DMAAbortOnError
                0x000000000800438e       0x10 ./Drivers/STM32F4xx_HAL_Driver/Src/stm32f4xx_hal_uart.o
 .text.HAL_UARTEx_RxEventCallback
                0x000000000800439e        0x2 ./Drivers/STM32F4xx_HAL_Driver/Src/stm32f4xx_hal_uart.o
                0x000000000800439e                HAL_UARTEx_RxEventCallback
 .text.UART_Receive_IT
                0x00000000080043a0       0xb8 ./Drivers/STM32F4xx_HAL_Driver/Src/stm32f4xx_hal_uart.o
 .text.HAL_UART_IRQHandler
                0x0000000008004458      0x290 ./Drivers/STM32F4xx_HAL_Driver/Src/stm32f4xx_hal_uart.o
                0x0000000008004458                HAL_UART_IRQHandler
 .text.UART_Start_Receive_IT
                0x00000000080046e8       0x32 ./Drivers/STM32F4xx_HAL_Driver/Src/stm32f4xx_hal_uart.o
                0x00000000080046e8                UART_Start_Receive_IT
 .text.HAL_UART_Receive_IT
                0x000000000800471a       0x30 ./Drivers/STM32F4xx_HAL_Driver/Src/stm32f4xx_hal_uart.o
                0x000000000800471a                HAL_UART_Receive_IT
 *fill*         0x000000000800474a        0x2 
 .text.osKernelInitialize
                0x000000000800474c       0x24 ./Middlewares/Third_Party/FreeRTOS/Source/CMSIS_RTOS_V2/cmsis_os2.o
                0x000000000800474c                osKernelInitialize
 .text.osKernelStart
                0x0000000008004770       0x34 ./Middlewares/Third_Party/FreeRTOS/Source/CMSIS_RTOS_V2/cmsis_os2.o
                0x0000000008004770                osKernelStart
 .text.osThreadNew
                0x00000000080047a4       0x92 ./Middlewares/Third_Party/FreeRTOS/Source/CMSIS_RTOS_V2/cmsis_os2.o
                0x00000000080047a4                osThreadNew
 .text.osDelay  0x0000000008004836       0x18 ./Middlewares/Third_Party/FreeRTOS/Source/CMSIS_RTOS_V2/cmsis_os2.o
                0x0000000008004836                osDelay
 *fill*         0x000000000800484e        0x2 
 .text.vApplicationGetIdleTaskMemory
                0x0000000008004850       0x18 ./Middlewares/Third_Party/FreeRTOS/Source/CMSIS_RTOS_V2/cmsis_os2.o
                0x0000000008004850                vApplicationGetIdleTaskMemory
 .text.vApplicationGetTimerTaskMemory
                0x0000000008004868       0x18 ./Middlewares/Third_Party/FreeRTOS/Source/CMSIS_RTOS_V2/cmsis_os2.o
                0x0000000008004868                vApplicationGetTimerTaskMemory
 .text.vListInitialise
                0x0000000008004880       0x16 ./Middlewares/Third_Party/FreeRTOS/Source/list.o
                0x0000000008004880                vListInitialise
 .text.vListInitialiseItem
                0x0000000008004896        0x6 ./Middlewares/Third_Party/FreeRTOS/Source/list.o
                0x0000000008004896                vListInitialiseItem
 .text.vListInsertEnd
                0x000000000800489c       0x18 ./Middlewares/Third_Party/FreeRTOS/Source/list.o
                0x000000000800489c                vListInsertEnd
 .text.vListInsert
                0x00000000080048b4       0x2e ./Middlewares/Third_Party/FreeRTOS/Source/list.o
                0x00000000080048b4                vListInsert
 .text.uxListRemove
                0x00000000080048e2       0x20 ./Middlewares/Third_Party/FreeRTOS/Source/list.o
                0x00000000080048e2                uxListRemove
 .text.prvIsQueueEmpty
                0x0000000008004902       0x16 ./Middlewares/Third_Party/FreeRTOS/Source/queue.o
 .text.prvCopyDataToQueue
                0x0000000008004918       0x6a ./Middlewares/Third_Party/FreeRTOS/Source/queue.o
 .text.prvCopyDataFromQueue
                0x0000000008004982       0x2c ./Middlewares/Third_Party/FreeRTOS/Source/queue.o
 .text.prvUnlockQueue
                0x00000000080049ae       0x70 ./Middlewares/Third_Party/FreeRTOS/Source/queue.o
 *fill*         0x0000000008004a1e        0x2 
 .text.xQueueGenericReset
                0x0000000008004a20       0x80 ./Middlewares/Third_Party/FreeRTOS/Source/queue.o
                0x0000000008004a20                xQueueGenericReset
 .text.xQueueGenericCreateStatic
                0x0000000008004aa0       0x9c ./Middlewares/Third_Party/FreeRTOS/Source/queue.o
                0x0000000008004aa0                xQueueGenericCreateStatic
 .text.xQueueGenericSend
                0x0000000008004b3c      0x164 ./Middlewares/Third_Party/FreeRTOS/Source/queue.o
                0x0000000008004b3c                xQueueGenericSend
 .text.xQueueGenericSendFromISR
                0x0000000008004ca0       0xc4 ./Middlewares/Third_Party/FreeRTOS/Source/queue.o
                0x0000000008004ca0                xQueueGenericSendFromISR
 .text.xQueueReceive
                0x0000000008004d64      0x140 ./Middlewares/Third_Party/FreeRTOS/Source/queue.o
                0x0000000008004d64                xQueueReceive
 .text.vQueueAddToRegistry
                0x0000000008004ea4       0x24 ./Middlewares/Third_Party/FreeRTOS/Source/queue.o
                0x0000000008004ea4                vQueueAddToRegistry
 .text.vQueueWaitForMessageRestricted
                0x0000000008004ec8       0x46 ./Middlewares/Third_Party/FreeRTOS/Source/queue.o
                0x0000000008004ec8                vQueueWaitForMessageRestricted
 *fill*         0x0000000008004f0e        0x2 
 .text.prvAddNewTaskToReadyList
                0x0000000008004f10      0x100 ./Middlewares/Third_Party/FreeRTOS/Source/tasks.o
 .text.prvResetNextTaskUnblockTime
                0x0000000008005010       0x24 ./Middlewares/Third_Party/FreeRTOS/Source/tasks.o
 .text.prvInitialiseNewTask.isra.0
                0x0000000008005034       0x9c ./Middlewares/Third_Party/FreeRTOS/Source/tasks.o
 .text.prvDeleteTCB
                0x00000000080050d0       0x36 ./Middlewares/Third_Party/FreeRTOS/Source/tasks.o
 *fill*         0x0000000008005106        0x2 
 .text.prvIdleTask
                0x0000000008005108       0x64 ./Middlewares/Third_Party/FreeRTOS/Source/tasks.o
 .text.prvAddCurrentTaskToDelayedList
                0x000000000800516c       0x74 ./Middlewares/Third_Party/FreeRTOS/Source/tasks.o
 .text.xTaskCreateStatic
                0x00000000080051e0       0x70 ./Middlewares/Third_Party/FreeRTOS/Source/tasks.o
                0x00000000080051e0                xTaskCreateStatic
 .text.xTaskCreate
                0x0000000008005250       0x5a ./Middlewares/Third_Party/FreeRTOS/Source/tasks.o
                0x0000000008005250                xTaskCreate
 *fill*         0x00000000080052aa        0x2 
 .text.vTaskStartScheduler
                0x00000000080052ac       0x88 ./Middlewares/Third_Party/FreeRTOS/Source/tasks.o
                0x00000000080052ac                vTaskStartScheduler
 .text.vTaskSuspendAll
                0x0000000008005334       0x10 ./Middlewares/Third_Party/FreeRTOS/Source/tasks.o
                0x0000000008005334                vTaskSuspendAll
 .text.xTaskGetTickCount
                0x0000000008005344        0xc ./Middlewares/Third_Party/FreeRTOS/Source/tasks.o
                0x0000000008005344                xTaskGetTickCount
 .text.xTaskIncrementTick
                0x0000000008005350      0x12c ./Middlewares/Third_Party/FreeRTOS/Source/tasks.o
                0x0000000008005350                xTaskIncrementTick
 .text.xTaskResumeAll
                0x000000000800547c       0xe8 ./Middlewares/Third_Party/FreeRTOS/Source/tasks.o
                0x000000000800547c                xTaskResumeAll
 .text.vTaskDelay
                0x0000000008005564       0x48 ./Middlewares/Third_Party/FreeRTOS/Source/tasks.o
                0x0000000008005564                vTaskDelay
 .text.vTaskSwitchContext
                0x00000000080055ac       0x78 ./Middlewares/Third_Party/FreeRTOS/Source/tasks.o
                0x00000000080055ac                vTaskSwitchContext
 .text.vTaskPlaceOnEventList
                0x0000000008005624       0x34 ./Middlewares/Third_Party/FreeRTOS/Source/tasks.o
                0x0000000008005624                vTaskPlaceOnEventList
 .text.vTaskPlaceOnEventListRestricted
                0x0000000008005658       0x3c ./Middlewares/Third_Party/FreeRTOS/Source/tasks.o
                0x0000000008005658                vTaskPlaceOnEventListRestricted
 .text.xTaskRemoveFromEventList
                0x0000000008005694       0x88 ./Middlewares/Third_Party/FreeRTOS/Source/tasks.o
                0x0000000008005694                xTaskRemoveFromEventList
 .text.vTaskInternalSetTimeOutState
                0x000000000800571c       0x18 ./Middlewares/Third_Party/FreeRTOS/Source/tasks.o
                0x000000000800571c                vTaskInternalSetTimeOutState
 .text.xTaskCheckForTimeOut
                0x0000000008005734       0x78 ./Middlewares/Third_Party/FreeRTOS/Source/tasks.o
                0x0000000008005734                xTaskCheckForTimeOut
 .text.vTaskMissedYield
                0x00000000080057ac        0xc ./Middlewares/Third_Party/FreeRTOS/Source/tasks.o
                0x00000000080057ac                vTaskMissedYield
 .text.xTaskGetSchedulerState
                0x00000000080057b8       0x20 ./Middlewares/Third_Party/FreeRTOS/Source/tasks.o
                0x00000000080057b8                xTaskGetSchedulerState
 .text.xTaskPriorityDisinherit
                0x00000000080057d8       0x88 ./Middlewares/Third_Party/FreeRTOS/Source/tasks.o
                0x00000000080057d8                xTaskPriorityDisinherit
 .text.prvCheckForValidListAndQueue
                0x0000000008005860       0x68 ./Middlewares/Third_Party/FreeRTOS/Source/timers.o
 .text.prvInsertTimerInActiveList
                0x00000000080058c8       0x3c ./Middlewares/Third_Party/FreeRTOS/Source/timers.o
 .text.xTimerCreateTimerTask
                0x0000000008005904       0x64 ./Middlewares/Third_Party/FreeRTOS/Source/timers.o
                0x0000000008005904                xTimerCreateTimerTask
 .text.xTimerGenericCommand
                0x0000000008005968       0x58 ./Middlewares/Third_Party/FreeRTOS/Source/timers.o
                0x0000000008005968                xTimerGenericCommand
 .text.prvSwitchTimerLists
                0x00000000080059c0       0x7c ./Middlewares/Third_Party/FreeRTOS/Source/timers.o
 .text.prvTimerTask
                0x0000000008005a3c      0x1f8 ./Middlewares/Third_Party/FreeRTOS/Source/timers.o
 .text.prvPortStartFirstTask
                0x0000000008005c34       0x28 ./Middlewares/Third_Party/FreeRTOS/Source/portable/GCC/ARM_CM4F/port.o
 .text.vPortEnableVFP
                0x0000000008005c5c       0x14 ./Middlewares/Third_Party/FreeRTOS/Source/portable/GCC/ARM_CM4F/port.o
 .text.prvTaskExitError
                0x0000000008005c70       0x40 ./Middlewares/Third_Party/FreeRTOS/Source/portable/GCC/ARM_CM4F/port.o
 .text.pxPortInitialiseStack
                0x0000000008005cb0       0x2c ./Middlewares/Third_Party/FreeRTOS/Source/portable/GCC/ARM_CM4F/port.o
                0x0000000008005cb0                pxPortInitialiseStack
 *fill*         0x0000000008005cdc        0x4 
 .text.SVC_Handler
                0x0000000008005ce0       0x24 ./Middlewares/Third_Party/FreeRTOS/Source/portable/GCC/ARM_CM4F/port.o
                0x0000000008005ce0                SVC_Handler
 .text.vPortEnterCritical
                0x0000000008005d04       0x44 ./Middlewares/Third_Party/FreeRTOS/Source/portable/GCC/ARM_CM4F/port.o
                0x0000000008005d04                vPortEnterCritical
 .text.vPortExitCritical
                0x0000000008005d48       0x28 ./Middlewares/Third_Party/FreeRTOS/Source/portable/GCC/ARM_CM4F/port.o
                0x0000000008005d48                vPortExitCritical
 .text.PendSV_Handler
                0x0000000008005d70       0x64 ./Middlewares/Third_Party/FreeRTOS/Source/portable/GCC/ARM_CM4F/port.o
                0x0000000008005d70                PendSV_Handler
 .text.xPortSysTickHandler
                0x0000000008005dd4       0x2c ./Middlewares/Third_Party/FreeRTOS/Source/portable/GCC/ARM_CM4F/port.o
                0x0000000008005dd4                xPortSysTickHandler
 .text.vPortSetupTimerInterrupt
                0x0000000008005e00       0x34 ./Middlewares/Third_Party/FreeRTOS/Source/portable/GCC/ARM_CM4F/port.o
                0x0000000008005e00                vPortSetupTimerInterrupt
 .text.xPortStartScheduler
                0x0000000008005e34      0x108 ./Middlewares/Third_Party/FreeRTOS/Source/portable/GCC/ARM_CM4F/port.o
                0x0000000008005e34                xPortStartScheduler
 .text.vPortValidateInterruptPriority
                0x0000000008005f3c       0x5c ./Middlewares/Third_Party/FreeRTOS/Source/portable/GCC/ARM_CM4F/port.o
                0x0000000008005f3c                vPortValidateInterruptPriority
 .text.prvInsertBlockIntoFreeList
                0x0000000008005f98       0x48 ./Middlewares/Third_Party/FreeRTOS/Source/portable/MemMang/heap_4.o
 .text.pvPortMalloc
                0x0000000008005fe0      0x124 ./Middlewares/Third_Party/FreeRTOS/Source/portable/MemMang/heap_4.o
                0x0000000008005fe0                pvPortMalloc
 .text.vPortFree
                0x0000000008006104       0x7c ./Middlewares/Third_Party/FreeRTOS/Source/portable/MemMang/heap_4.o
                0x0000000008006104                vPortFree
 .text.OLED_WR_Byte
                0x0000000008006180       0x5c ./PeripheralDriver/Src/oled.o
                0x0000000008006180                OLED_WR_Byte
 .text.OLED_Refresh_Gram
                0x00000000080061dc       0x44 ./PeripheralDriver/Src/oled.o
                0x00000000080061dc                OLED_Refresh_Gram
 .text.OLED_Clear
                0x0000000008006220       0x28 ./PeripheralDriver/Src/oled.o
                0x0000000008006220                OLED_Clear
 .text.OLED_DrawPoint
                0x0000000008006248       0x3c ./PeripheralDriver/Src/oled.o
                0x0000000008006248                OLED_DrawPoint
 .text.OLED_ShowChar
                0x0000000008006284       0x90 ./PeripheralDriver/Src/oled.o
                0x0000000008006284                OLED_ShowChar
 .text.OLED_ShowString
                0x0000000008006314       0x3e ./PeripheralDriver/Src/oled.o
                0x0000000008006314                OLED_ShowString
 *fill*         0x0000000008006352        0x2 
 .text.OLED_Init
                0x0000000008006354      0x110 ./PeripheralDriver/Src/oled.o
                0x0000000008006354                OLED_Init
 .text.atoi     0x0000000008006464        0x8 c:/st/stm32cubeide_1.8.0/stm32cubeide/plugins/com.st.stm32cube.ide.mcu.externaltools.gnu-tools-for-stm32.9-2020-q2-update.win32_2.0.0.202105311346/tools/bin/../lib/gcc/arm-none-eabi/9.3.1/../../../../arm-none-eabi/lib/thumb/v7e-m+fp/hard\libc_nano.a(lib_a-atoi.o)
                0x0000000008006464                atoi
 .text.__errno  0x000000000800646c        0xc c:/st/stm32cubeide_1.8.0/stm32cubeide/plugins/com.st.stm32cube.ide.mcu.externaltools.gnu-tools-for-stm32.9-2020-q2-update.win32_2.0.0.202105311346/tools/bin/../lib/gcc/arm-none-eabi/9.3.1/../../../../arm-none-eabi/lib/thumb/v7e-m+fp/hard\libc_nano.a(lib_a-errno.o)
                0x000000000800646c                __errno
 .text.__libc_init_array
                0x0000000008006478       0x48 c:/st/stm32cubeide_1.8.0/stm32cubeide/plugins/com.st.stm32cube.ide.mcu.externaltools.gnu-tools-for-stm32.9-2020-q2-update.win32_2.0.0.202105311346/tools/bin/../lib/gcc/arm-none-eabi/9.3.1/../../../../arm-none-eabi/lib/thumb/v7e-m+fp/hard\libc_nano.a(lib_a-init.o)
                0x0000000008006478                __libc_init_array
 .text.memcpy   0x00000000080064c0       0x1c c:/st/stm32cubeide_1.8.0/stm32cubeide/plugins/com.st.stm32cube.ide.mcu.externaltools.gnu-tools-for-stm32.9-2020-q2-update.win32_2.0.0.202105311346/tools/bin/../lib/gcc/arm-none-eabi/9.3.1/../../../../arm-none-eabi/lib/thumb/v7e-m+fp/hard\libc_nano.a(lib_a-memcpy-stub.o)
                0x00000000080064c0                memcpy
 .text.memset   0x00000000080064dc       0x10 c:/st/stm32cubeide_1.8.0/stm32cubeide/plugins/com.st.stm32cube.ide.mcu.externaltools.gnu-tools-for-stm32.9-2020-q2-update.win32_2.0.0.202105311346/tools/bin/../lib/gcc/arm-none-eabi/9.3.1/../../../../arm-none-eabi/lib/thumb/v7e-m+fp/hard\libc_nano.a(lib_a-memset.o)
                0x00000000080064dc                memset
 .text.sprintf  0x00000000080064ec       0x40 c:/st/stm32cubeide_1.8.0/stm32cubeide/plugins/com.st.stm32cube.ide.mcu.externaltools.gnu-tools-for-stm32.9-2020-q2-update.win32_2.0.0.202105311346/tools/bin/../lib/gcc/arm-none-eabi/9.3.1/../../../../arm-none-eabi/lib/thumb/v7e-m+fp/hard\libc_nano.a(lib_a-sprintf.o)
                0x00000000080064ec                siprintf
                0x00000000080064ec                sprintf
 .text.strcpy   0x000000000800652c       0x10 c:/st/stm32cubeide_1.8.0/stm32cubeide/plugins/com.st.stm32cube.ide.mcu.externaltools.gnu-tools-for-stm32.9-2020-q2-update.win32_2.0.0.202105311346/tools/bin/../lib/gcc/arm-none-eabi/9.3.1/../../../../arm-none-eabi/lib/thumb/v7e-m+fp/hard\libc_nano.a(lib_a-strcpy.o)
                0x000000000800652c                strcpy
 .text.strncpy  0x000000000800653c       0x26 c:/st/stm32cubeide_1.8.0/stm32cubeide/plugins/com.st.stm32cube.ide.mcu.externaltools.gnu-tools-for-stm32.9-2020-q2-update.win32_2.0.0.202105311346/tools/bin/../lib/gcc/arm-none-eabi/9.3.1/../../../../arm-none-eabi/lib/thumb/v7e-m+fp/hard\libc_nano.a(lib_a-strncpy.o)
                0x000000000800653c                strncpy
 *fill*         0x0000000008006562        0x2 
 .text._strtol_l.isra.0
                0x0000000008006564      0x108 c:/st/stm32cubeide_1.8.0/stm32cubeide/plugins/com.st.stm32cube.ide.mcu.externaltools.gnu-tools-for-stm32.9-2020-q2-update.win32_2.0.0.202105311346/tools/bin/../lib/gcc/arm-none-eabi/9.3.1/../../../../arm-none-eabi/lib/thumb/v7e-m+fp/hard\libc_nano.a(lib_a-strtol.o)
 .text.strtol   0x000000000800666c       0x14 c:/st/stm32cubeide_1.8.0/stm32cubeide/plugins/com.st.stm32cube.ide.mcu.externaltools.gnu-tools-for-stm32.9-2020-q2-update.win32_2.0.0.202105311346/tools/bin/../lib/gcc/arm-none-eabi/9.3.1/../../../../arm-none-eabi/lib/thumb/v7e-m+fp/hard\libc_nano.a(lib_a-strtol.o)
                0x000000000800666c                strtol
 .text.__ssputs_r
                0x0000000008006680       0xb6 c:/st/stm32cubeide_1.8.0/stm32cubeide/plugins/com.st.stm32cube.ide.mcu.externaltools.gnu-tools-for-stm32.9-2020-q2-update.win32_2.0.0.202105311346/tools/bin/../lib/gcc/arm-none-eabi/9.3.1/../../../../arm-none-eabi/lib/thumb/v7e-m+fp/hard\libc_nano.a(lib_a-nano-svfprintf.o)
                0x0000000008006680                __ssputs_r
 *fill*         0x0000000008006736        0x2 
 .text._svfprintf_r
                0x0000000008006738      0x200 c:/st/stm32cubeide_1.8.0/stm32cubeide/plugins/com.st.stm32cube.ide.mcu.externaltools.gnu-tools-for-stm32.9-2020-q2-update.win32_2.0.0.202105311346/tools/bin/../lib/gcc/arm-none-eabi/9.3.1/../../../../arm-none-eabi/lib/thumb/v7e-m+fp/hard\libc_nano.a(lib_a-nano-svfprintf.o)
                0x0000000008006738                _svfiprintf_r
                0x0000000008006738                _svfprintf_r
 .text._printf_common
                0x0000000008006938       0xda c:/st/stm32cubeide_1.8.0/stm32cubeide/plugins/com.st.stm32cube.ide.mcu.externaltools.gnu-tools-for-stm32.9-2020-q2-update.win32_2.0.0.202105311346/tools/bin/../lib/gcc/arm-none-eabi/9.3.1/../../../../arm-none-eabi/lib/thumb/v7e-m+fp/hard\libc_nano.a(lib_a-nano-vfprintf_i.o)
                0x0000000008006938                _printf_common
 *fill*         0x0000000008006a12        0x2 
 .text._printf_i
                0x0000000008006a14      0x24c c:/st/stm32cubeide_1.8.0/stm32cubeide/plugins/com.st.stm32cube.ide.mcu.externaltools.gnu-tools-for-stm32.9-2020-q2-update.win32_2.0.0.202105311346/tools/bin/../lib/gcc/arm-none-eabi/9.3.1/../../../../arm-none-eabi/lib/thumb/v7e-m+fp/hard\libc_nano.a(lib_a-nano-vfprintf_i.o)
                0x0000000008006a14                _printf_i
 .text.memmove  0x0000000008006c60       0x34 c:/st/stm32cubeide_1.8.0/stm32cubeide/plugins/com.st.stm32cube.ide.mcu.externaltools.gnu-tools-for-stm32.9-2020-q2-update.win32_2.0.0.202105311346/tools/bin/../lib/gcc/arm-none-eabi/9.3.1/../../../../arm-none-eabi/lib/thumb/v7e-m+fp/hard\libc_nano.a(lib_a-memmove.o)
                0x0000000008006c60                memmove
 .text._free_r  0x0000000008006c94       0xa0 c:/st/stm32cubeide_1.8.0/stm32cubeide/plugins/com.st.stm32cube.ide.mcu.externaltools.gnu-tools-for-stm32.9-2020-q2-update.win32_2.0.0.202105311346/tools/bin/../lib/gcc/arm-none-eabi/9.3.1/../../../../arm-none-eabi/lib/thumb/v7e-m+fp/hard\libc_nano.a(lib_a-nano-freer.o)
                0x0000000008006c94                _free_r
 .text._malloc_r
                0x0000000008006d34       0xb4 c:/st/stm32cubeide_1.8.0/stm32cubeide/plugins/com.st.stm32cube.ide.mcu.externaltools.gnu-tools-for-stm32.9-2020-q2-update.win32_2.0.0.202105311346/tools/bin/../lib/gcc/arm-none-eabi/9.3.1/../../../../arm-none-eabi/lib/thumb/v7e-m+fp/hard\libc_nano.a(lib_a-nano-mallocr.o)
                0x0000000008006d34                _malloc_r
 .text._realloc_r
                0x0000000008006de8       0x4c c:/st/stm32cubeide_1.8.0/stm32cubeide/plugins/com.st.stm32cube.ide.mcu.externaltools.gnu-tools-for-stm32.9-2020-q2-update.win32_2.0.0.202105311346/tools/bin/../lib/gcc/arm-none-eabi/9.3.1/../../../../arm-none-eabi/lib/thumb/v7e-m+fp/hard\libc_nano.a(lib_a-nano-reallocr.o)
                0x0000000008006de8                _realloc_r
 .text._sbrk_r  0x0000000008006e34       0x20 c:/st/stm32cubeide_1.8.0/stm32cubeide/plugins/com.st.stm32cube.ide.mcu.externaltools.gnu-tools-for-stm32.9-2020-q2-update.win32_2.0.0.202105311346/tools/bin/../lib/gcc/arm-none-eabi/9.3.1/../../../../arm-none-eabi/lib/thumb/v7e-m+fp/hard\libc_nano.a(lib_a-sbrkr.o)
                0x0000000008006e34                _sbrk_r
 .text.__malloc_lock
                0x0000000008006e54        0xc c:/st/stm32cubeide_1.8.0/stm32cubeide/plugins/com.st.stm32cube.ide.mcu.externaltools.gnu-tools-for-stm32.9-2020-q2-update.win32_2.0.0.202105311346/tools/bin/../lib/gcc/arm-none-eabi/9.3.1/../../../../arm-none-eabi/lib/thumb/v7e-m+fp/hard\libc_nano.a(lib_a-mlock.o)
                0x0000000008006e54                __malloc_lock
 .text.__malloc_unlock
                0x0000000008006e60        0xc c:/st/stm32cubeide_1.8.0/stm32cubeide/plugins/com.st.stm32cube.ide.mcu.externaltools.gnu-tools-for-stm32.9-2020-q2-update.win32_2.0.0.202105311346/tools/bin/../lib/gcc/arm-none-eabi/9.3.1/../../../../arm-none-eabi/lib/thumb/v7e-m+fp/hard\libc_nano.a(lib_a-mlock.o)
                0x0000000008006e60                __malloc_unlock
 .text._malloc_usable_size_r
                0x0000000008006e6c       0x10 c:/st/stm32cubeide_1.8.0/stm32cubeide/plugins/com.st.stm32cube.ide.mcu.externaltools.gnu-tools-for-stm32.9-2020-q2-update.win32_2.0.0.202105311346/tools/bin/../lib/gcc/arm-none-eabi/9.3.1/../../../../arm-none-eabi/lib/thumb/v7e-m+fp/hard\libc_nano.a(lib_a-nano-msizer.o)
                0x0000000008006e6c                _malloc_usable_size_r
 .text.__retarget_lock_acquire_recursive
                0x0000000008006e7c        0x2 c:/st/stm32cubeide_1.8.0/stm32cubeide/plugins/com.st.stm32cube.ide.mcu.externaltools.gnu-tools-for-stm32.9-2020-q2-update.win32_2.0.0.202105311346/tools/bin/../lib/gcc/arm-none-eabi/9.3.1/../../../../arm-none-eabi/lib/thumb/v7e-m+fp/hard\libc_nano.a(lib_a-lock.o)
                0x0000000008006e7c                __retarget_lock_acquire_recursive
 .text.__retarget_lock_release_recursive
                0x0000000008006e7e        0x2 c:/st/stm32cubeide_1.8.0/stm32cubeide/plugins/com.st.stm32cube.ide.mcu.externaltools.gnu-tools-for-stm32.9-2020-q2-update.win32_2.0.0.202105311346/tools/bin/../lib/gcc/arm-none-eabi/9.3.1/../../../../arm-none-eabi/lib/thumb/v7e-m+fp/hard\libc_nano.a(lib_a-lock.o)
                0x0000000008006e7e                __retarget_lock_release_recursive
 *(.glue_7)
 .glue_7        0x0000000008006e80        0x0 linker stubs
 *(.glue_7t)
 .glue_7t       0x0000000008006e80        0x0 linker stubs
 *(.eh_frame)
 .eh_frame      0x0000000008006e80        0x0 c:/st/stm32cubeide_1.8.0/stm32cubeide/plugins/com.st.stm32cube.ide.mcu.externaltools.gnu-tools-for-stm32.9-2020-q2-update.win32_2.0.0.202105311346/tools/bin/../lib/gcc/arm-none-eabi/9.3.1/thumb/v7e-m+fp/hard/crtbegin.o
 *(.init)
 .init          0x0000000008006e80        0x4 c:/st/stm32cubeide_1.8.0/stm32cubeide/plugins/com.st.stm32cube.ide.mcu.externaltools.gnu-tools-for-stm32.9-2020-q2-update.win32_2.0.0.202105311346/tools/bin/../lib/gcc/arm-none-eabi/9.3.1/thumb/v7e-m+fp/hard/crti.o
                0x0000000008006e80                _init
 .init          0x0000000008006e84        0x8 c:/st/stm32cubeide_1.8.0/stm32cubeide/plugins/com.st.stm32cube.ide.mcu.externaltools.gnu-tools-for-stm32.9-2020-q2-update.win32_2.0.0.202105311346/tools/bin/../lib/gcc/arm-none-eabi/9.3.1/thumb/v7e-m+fp/hard/crtn.o
 *(.fini)
 .fini          0x0000000008006e8c        0x4 c:/st/stm32cubeide_1.8.0/stm32cubeide/plugins/com.st.stm32cube.ide.mcu.externaltools.gnu-tools-for-stm32.9-2020-q2-update.win32_2.0.0.202105311346/tools/bin/../lib/gcc/arm-none-eabi/9.3.1/thumb/v7e-m+fp/hard/crti.o
                0x0000000008006e8c                _fini
 .fini          0x0000000008006e90        0x8 c:/st/stm32cubeide_1.8.0/stm32cubeide/plugins/com.st.stm32cube.ide.mcu.externaltools.gnu-tools-for-stm32.9-2020-q2-update.win32_2.0.0.202105311346/tools/bin/../lib/gcc/arm-none-eabi/9.3.1/thumb/v7e-m+fp/hard/crtn.o
                0x0000000008006e98                . = ALIGN (0x4)
                0x0000000008006e98                _etext = .

.vfp11_veneer   0x0000000008006e98        0x0
 .vfp11_veneer  0x0000000008006e98        0x0 linker stubs

.v4_bx          0x0000000008006e98        0x0
 .v4_bx         0x0000000008006e98        0x0 linker stubs

.iplt           0x0000000008006e98        0x0
 .iplt          0x0000000008006e98        0x0 c:/st/stm32cubeide_1.8.0/stm32cubeide/plugins/com.st.stm32cube.ide.mcu.externaltools.gnu-tools-for-stm32.9-2020-q2-update.win32_2.0.0.202105311346/tools/bin/../lib/gcc/arm-none-eabi/9.3.1/thumb/v7e-m+fp/hard/crtbegin.o

.rodata         0x0000000008006e98      0xe04
                0x0000000008006e98                . = ALIGN (0x4)
 *(.rodata)
 *(.rodata*)
 .rodata.oled.str1.1
                0x0000000008006e98       0x3c ./Core/Src/main.o
 .rodata.battery.str1.1
                0x0000000008006ed4       0x2b ./Core/Src/main.o
 .rodata.main.str1.1
                0x0000000008006eff        0xb ./Core/Src/main.o
 .rodata.pid.str1.1
                0x0000000008006f0a        0xa ./Core/Src/main.o
 .rodata.str1.1
                0x0000000008006f14       0x5b ./Core/Src/main.o
                                         0x63 (size before relaxing)
 *fill*         0x0000000008006f6f        0x1 
 .rodata.BatteryTask_attributes
                0x0000000008006f70       0x24 ./Core/Src/main.o
                0x0000000008006f70                BatteryTask_attributes
 .rodata.DispatchTask_attributes
                0x0000000008006f94       0x24 ./Core/Src/main.o
                0x0000000008006f94                DispatchTask_attributes
 .rodata.EncoderTask_attributes
                0x0000000008006fb8       0x24 ./Core/Src/main.o
                0x0000000008006fb8                EncoderTask_attributes
 .rodata.IRTask_attributes
                0x0000000008006fdc       0x24 ./Core/Src/main.o
                0x0000000008006fdc                IRTask_attributes
 .rodata.LEDTask_attributes
                0x0000000008007000       0x24 ./Core/Src/main.o
                0x0000000008007000                LEDTask_attributes
 .rodata.MotorTask_attributes
                0x0000000008007024       0x24 ./Core/Src/main.o
                0x0000000008007024                MotorTask_attributes
 .rodata.OLEDTask_attributes
                0x0000000008007048       0x24 ./Core/Src/main.o
                0x0000000008007048                OLEDTask_attributes
 .rodata.RPiTask_attributes
                0x000000000800706c       0x24 ./Core/Src/main.o
                0x000000000800706c                RPiTask_attributes
 .rodata.ServoTask_attributes
                0x0000000008007090       0x24 ./Core/Src/main.o
                0x0000000008007090                ServoTask_attributes
 .rodata.UltraTask_attributes
                0x00000000080070b4       0x24 ./Core/Src/main.o
                0x00000000080070b4                UltraTask_attributes
 .rodata.AHBPrescTable
                0x00000000080070d8       0x10 ./Core/Src/system_stm32f4xx.o
                0x00000000080070d8                AHBPrescTable
 .rodata.APBPrescTable
                0x00000000080070e8        0x8 ./Core/Src/system_stm32f4xx.o
                0x00000000080070e8                APBPrescTable
 .rodata.vTaskStartScheduler.str1.1
                0x00000000080070f0        0x5 ./Middlewares/Third_Party/FreeRTOS/Source/tasks.o
 .rodata.prvCheckForValidListAndQueue.str1.1
                0x00000000080070f5        0x5 ./Middlewares/Third_Party/FreeRTOS/Source/timers.o
 .rodata.xTimerCreateTimerTask.str1.1
                0x00000000080070fa        0x8 ./Middlewares/Third_Party/FreeRTOS/Source/timers.o
 .rodata.oled_asc2_1206
                0x0000000008007102      0x474 ./PeripheralDriver/Src/oled.o
                0x0000000008007102                oled_asc2_1206
 .rodata.oled_asc2_1608
                0x0000000008007576      0x5f0 ./PeripheralDriver/Src/oled.o
                0x0000000008007576                oled_asc2_1608
 .rodata._ctype_
                0x0000000008007b66      0x101 c:/st/stm32cubeide_1.8.0/stm32cubeide/plugins/com.st.stm32cube.ide.mcu.externaltools.gnu-tools-for-stm32.9-2020-q2-update.win32_2.0.0.202105311346/tools/bin/../lib/gcc/arm-none-eabi/9.3.1/../../../../arm-none-eabi/lib/thumb/v7e-m+fp/hard\libc_nano.a(lib_a-ctype_.o)
                0x0000000008007b66                _ctype_
 .rodata._svfprintf_r.str1.1
                0x0000000008007c67       0x11 c:/st/stm32cubeide_1.8.0/stm32cubeide/plugins/com.st.stm32cube.ide.mcu.externaltools.gnu-tools-for-stm32.9-2020-q2-update.win32_2.0.0.202105311346/tools/bin/../lib/gcc/arm-none-eabi/9.3.1/../../../../arm-none-eabi/lib/thumb/v7e-m+fp/hard\libc_nano.a(lib_a-nano-svfprintf.o)
 .rodata._printf_i.str1.1
                0x0000000008007c78       0x22 c:/st/stm32cubeide_1.8.0/stm32cubeide/plugins/com.st.stm32cube.ide.mcu.externaltools.gnu-tools-for-stm32.9-2020-q2-update.win32_2.0.0.202105311346/tools/bin/../lib/gcc/arm-none-eabi/9.3.1/../../../../arm-none-eabi/lib/thumb/v7e-m+fp/hard\libc_nano.a(lib_a-nano-vfprintf_i.o)
                0x0000000008007c9c                . = ALIGN (0x4)
 *fill*         0x0000000008007c9a        0x2 

.ARM.extab      0x0000000008007c9c        0x0
                0x0000000008007c9c                . = ALIGN (0x4)
 *(.ARM.extab* .gnu.linkonce.armextab.*)
                0x0000000008007c9c                . = ALIGN (0x4)

.ARM            0x0000000008007c9c        0x8
                0x0000000008007c9c                . = ALIGN (0x4)
                0x0000000008007c9c                __exidx_start = .
 *(.ARM.exidx*)
 .ARM.exidx     0x0000000008007c9c        0x8 c:/st/stm32cubeide_1.8.0/stm32cubeide/plugins/com.st.stm32cube.ide.mcu.externaltools.gnu-tools-for-stm32.9-2020-q2-update.win32_2.0.0.202105311346/tools/bin/../lib/gcc/arm-none-eabi/9.3.1/thumb/v7e-m+fp/hard\libgcc.a(_udivmoddi4.o)
                0x0000000008007ca4                __exidx_end = .
                0x0000000008007ca4                . = ALIGN (0x4)

.rel.dyn        0x0000000008007ca4        0x0
 .rel.iplt      0x0000000008007ca4        0x0 c:/st/stm32cubeide_1.8.0/stm32cubeide/plugins/com.st.stm32cube.ide.mcu.externaltools.gnu-tools-for-stm32.9-2020-q2-update.win32_2.0.0.202105311346/tools/bin/../lib/gcc/arm-none-eabi/9.3.1/thumb/v7e-m+fp/hard/crtbegin.o

.preinit_array  0x0000000008007ca4        0x0
                0x0000000008007ca4                . = ALIGN (0x4)
                0x0000000008007ca4                PROVIDE (__preinit_array_start = .)
 *(.preinit_array*)
                0x0000000008007ca4                PROVIDE (__preinit_array_end = .)
                0x0000000008007ca4                . = ALIGN (0x4)

.init_array     0x0000000008007ca4        0x4
                0x0000000008007ca4                . = ALIGN (0x4)
                0x0000000008007ca4                PROVIDE (__init_array_start = .)
 *(SORT_BY_NAME(.init_array.*))
 *(.init_array*)
 .init_array    0x0000000008007ca4        0x4 c:/st/stm32cubeide_1.8.0/stm32cubeide/plugins/com.st.stm32cube.ide.mcu.externaltools.gnu-tools-for-stm32.9-2020-q2-update.win32_2.0.0.202105311346/tools/bin/../lib/gcc/arm-none-eabi/9.3.1/thumb/v7e-m+fp/hard/crtbegin.o
                0x0000000008007ca8                PROVIDE (__init_array_end = .)
                0x0000000008007ca8                . = ALIGN (0x4)

.fini_array     0x0000000008007ca8        0x4
                0x0000000008007ca8                . = ALIGN (0x4)
                [!provide]                        PROVIDE (__fini_array_start = .)
 *(SORT_BY_NAME(.fini_array.*))
 *(.fini_array*)
 .fini_array    0x0000000008007ca8        0x4 c:/st/stm32cubeide_1.8.0/stm32cubeide/plugins/com.st.stm32cube.ide.mcu.externaltools.gnu-tools-for-stm32.9-2020-q2-update.win32_2.0.0.202105311346/tools/bin/../lib/gcc/arm-none-eabi/9.3.1/thumb/v7e-m+fp/hard/crtbegin.o
                [!provide]                        PROVIDE (__fini_array_end = .)
                0x0000000008007cac                . = ALIGN (0x4)
                0x0000000008007cac                _sidata = LOADADDR (.data)

.data           0x0000000020000000       0x74 load address 0x0000000008007cac
                0x0000000020000000                . = ALIGN (0x4)
                0x0000000020000000                _sdata = .
 *(.data)
 *(.data*)
 .data.SystemCoreClock
                0x0000000020000000        0x4 ./Core/Src/system_stm32f4xx.o
                0x0000000020000000                SystemCoreClock
 .data.uwTickFreq
                0x0000000020000004        0x1 ./Drivers/STM32F4xx_HAL_Driver/Src/stm32f4xx_hal.o
                0x0000000020000004                uwTickFreq
 *fill*         0x0000000020000005        0x3 
 .data.uwTickPrio
                0x0000000020000008        0x4 ./Drivers/STM32F4xx_HAL_Driver/Src/stm32f4xx_hal.o
                0x0000000020000008                uwTickPrio
 .data.uxCriticalNesting
                0x000000002000000c        0x4 ./Middlewares/Third_Party/FreeRTOS/Source/portable/GCC/ARM_CM4F/port.o
 .data._impure_ptr
                0x0000000020000010        0x4 c:/st/stm32cubeide_1.8.0/stm32cubeide/plugins/com.st.stm32cube.ide.mcu.externaltools.gnu-tools-for-stm32.9-2020-q2-update.win32_2.0.0.202105311346/tools/bin/../lib/gcc/arm-none-eabi/9.3.1/../../../../arm-none-eabi/lib/thumb/v7e-m+fp/hard\libc_nano.a(lib_a-impure.o)
                0x0000000020000010                _impure_ptr
 .data.impure_data
                0x0000000020000014       0x60 c:/st/stm32cubeide_1.8.0/stm32cubeide/plugins/com.st.stm32cube.ide.mcu.externaltools.gnu-tools-for-stm32.9-2020-q2-update.win32_2.0.0.202105311346/tools/bin/../lib/gcc/arm-none-eabi/9.3.1/../../../../arm-none-eabi/lib/thumb/v7e-m+fp/hard\libc_nano.a(lib_a-impure.o)
 *(.RamFunc)
 *(.RamFunc*)
                0x0000000020000074                . = ALIGN (0x4)
                0x0000000020000074                _edata = .
                0x0000000008007d20                _siccmram = LOADADDR (.ccmram)

.igot.plt       0x0000000020000074        0x0 load address 0x0000000008007d20
 .igot.plt      0x0000000020000074        0x0 c:/st/stm32cubeide_1.8.0/stm32cubeide/plugins/com.st.stm32cube.ide.mcu.externaltools.gnu-tools-for-stm32.9-2020-q2-update.win32_2.0.0.202105311346/tools/bin/../lib/gcc/arm-none-eabi/9.3.1/thumb/v7e-m+fp/hard/crtbegin.o

.ccmram         0x0000000010000000        0x0 load address 0x0000000008007d20
                0x0000000010000000                . = ALIGN (0x4)
                0x0000000010000000                _sccmram = .
 *(.ccmram)
 *(.ccmram*)
                0x0000000010000000                . = ALIGN (0x4)
                0x0000000010000000                _eccmram = .
                0x0000000010000000                . = ALIGN (0x4)

.bss            0x0000000020000074     0x9fe0
                0x0000000020000074                _sbss = .
                0x0000000020000074                __bss_start__ = _sbss
 *(.bss)
 .bss           0x0000000020000074       0x1c c:/st/stm32cubeide_1.8.0/stm32cubeide/plugins/com.st.stm32cube.ide.mcu.externaltools.gnu-tools-for-stm32.9-2020-q2-update.win32_2.0.0.202105311346/tools/bin/../lib/gcc/arm-none-eabi/9.3.1/thumb/v7e-m+fp/hard/crtbegin.o
 *(.bss*)
 .bss.__sbrk_heap_end
                0x0000000020000090        0x4 ./Core/Src/sysmem.o
 .bss.Idle_Stack.10621
                0x0000000020000094      0x200 ./Middlewares/Third_Party/FreeRTOS/Source/CMSIS_RTOS_V2/cmsis_os2.o
 .bss.Idle_TCB.10620
                0x0000000020000294       0x5c ./Middlewares/Third_Party/FreeRTOS/Source/CMSIS_RTOS_V2/cmsis_os2.o
 .bss.KernelState
                0x00000000200002f0        0x4 ./Middlewares/Third_Party/FreeRTOS/Source/CMSIS_RTOS_V2/cmsis_os2.o
 .bss.Timer_Stack.10628
                0x00000000200002f4      0x400 ./Middlewares/Third_Party/FreeRTOS/Source/CMSIS_RTOS_V2/cmsis_os2.o
 .bss.Timer_TCB.10627
                0x00000000200006f4       0x5c ./Middlewares/Third_Party/FreeRTOS/Source/CMSIS_RTOS_V2/cmsis_os2.o
 .bss.pxCurrentTCB
                0x0000000020000750        0x4 ./Middlewares/Third_Party/FreeRTOS/Source/tasks.o
                0x0000000020000750                pxCurrentTCB
 .bss.pxDelayedTaskList
                0x0000000020000754        0x4 ./Middlewares/Third_Party/FreeRTOS/Source/tasks.o
 .bss.pxOverflowDelayedTaskList
                0x0000000020000758        0x4 ./Middlewares/Third_Party/FreeRTOS/Source/tasks.o
 .bss.pxReadyTasksLists
                0x000000002000075c      0x460 ./Middlewares/Third_Party/FreeRTOS/Source/tasks.o
 .bss.uxCurrentNumberOfTasks
                0x0000000020000bbc        0x4 ./Middlewares/Third_Party/FreeRTOS/Source/tasks.o
 .bss.uxDeletedTasksWaitingCleanUp
                0x0000000020000bc0        0x4 ./Middlewares/Third_Party/FreeRTOS/Source/tasks.o
 .bss.uxSchedulerSuspended
                0x0000000020000bc4        0x4 ./Middlewares/Third_Party/FreeRTOS/Source/tasks.o
 .bss.uxTaskNumber
                0x0000000020000bc8        0x4 ./Middlewares/Third_Party/FreeRTOS/Source/tasks.o
 .bss.uxTopReadyPriority
                0x0000000020000bcc        0x4 ./Middlewares/Third_Party/FreeRTOS/Source/tasks.o
 .bss.xDelayedTaskList1
                0x0000000020000bd0       0x14 ./Middlewares/Third_Party/FreeRTOS/Source/tasks.o
 .bss.xDelayedTaskList2
                0x0000000020000be4       0x14 ./Middlewares/Third_Party/FreeRTOS/Source/tasks.o
 .bss.xNextTaskUnblockTime
                0x0000000020000bf8        0x4 ./Middlewares/Third_Party/FreeRTOS/Source/tasks.o
 .bss.xNumOfOverflows
                0x0000000020000bfc        0x4 ./Middlewares/Third_Party/FreeRTOS/Source/tasks.o
 .bss.xPendedTicks
                0x0000000020000c00        0x4 ./Middlewares/Third_Party/FreeRTOS/Source/tasks.o
 .bss.xPendingReadyList
                0x0000000020000c04       0x14 ./Middlewares/Third_Party/FreeRTOS/Source/tasks.o
 .bss.xSchedulerRunning
                0x0000000020000c18        0x4 ./Middlewares/Third_Party/FreeRTOS/Source/tasks.o
 .bss.xSuspendedTaskList
                0x0000000020000c1c       0x14 ./Middlewares/Third_Party/FreeRTOS/Source/tasks.o
 .bss.xTasksWaitingTermination
                0x0000000020000c30       0x14 ./Middlewares/Third_Party/FreeRTOS/Source/tasks.o
 .bss.xTickCount
                0x0000000020000c44        0x4 ./Middlewares/Third_Party/FreeRTOS/Source/tasks.o
 .bss.xYieldPending
                0x0000000020000c48        0x4 ./Middlewares/Third_Party/FreeRTOS/Source/tasks.o
 .bss.pxCurrentTimerList
                0x0000000020000c4c        0x4 ./Middlewares/Third_Party/FreeRTOS/Source/timers.o
 .bss.pxOverflowTimerList
                0x0000000020000c50        0x4 ./Middlewares/Third_Party/FreeRTOS/Source/timers.o
 .bss.ucStaticTimerQueueStorage.6978
                0x0000000020000c54       0xa0 ./Middlewares/Third_Party/FreeRTOS/Source/timers.o
 .bss.xActiveTimerList1
                0x0000000020000cf4       0x14 ./Middlewares/Third_Party/FreeRTOS/Source/timers.o
 .bss.xActiveTimerList2
                0x0000000020000d08       0x14 ./Middlewares/Third_Party/FreeRTOS/Source/timers.o
 .bss.xLastTime.6927
                0x0000000020000d1c        0x4 ./Middlewares/Third_Party/FreeRTOS/Source/timers.o
 .bss.xStaticTimerQueue.6977
                0x0000000020000d20       0x50 ./Middlewares/Third_Party/FreeRTOS/Source/timers.o
 .bss.xTimerQueue
                0x0000000020000d70        0x4 ./Middlewares/Third_Party/FreeRTOS/Source/timers.o
 .bss.xTimerTaskHandle
                0x0000000020000d74        0x4 ./Middlewares/Third_Party/FreeRTOS/Source/timers.o
 .bss.ucMaxSysCallPriority
                0x0000000020000d78        0x1 ./Middlewares/Third_Party/FreeRTOS/Source/portable/GCC/ARM_CM4F/port.o
 *fill*         0x0000000020000d79        0x3 
 .bss.ulMaxPRIGROUPValue
                0x0000000020000d7c        0x4 ./Middlewares/Third_Party/FreeRTOS/Source/portable/GCC/ARM_CM4F/port.o
 .bss.pxEnd     0x0000000020000d80        0x4 ./Middlewares/Third_Party/FreeRTOS/Source/portable/MemMang/heap_4.o
 .bss.ucHeap    0x0000000020000d84     0x3c00 ./Middlewares/Third_Party/FreeRTOS/Source/portable/MemMang/heap_4.o
 .bss.xBlockAllocatedBit
                0x0000000020004984        0x4 ./Middlewares/Third_Party/FreeRTOS/Source/portable/MemMang/heap_4.o
 .bss.xFreeBytesRemaining
                0x0000000020004988        0x4 ./Middlewares/Third_Party/FreeRTOS/Source/portable/MemMang/heap_4.o
 .bss.xMinimumEverFreeBytesRemaining
                0x000000002000498c        0x4 ./Middlewares/Third_Party/FreeRTOS/Source/portable/MemMang/heap_4.o
 .bss.xNumberOfSuccessfulAllocations
                0x0000000020004990        0x4 ./Middlewares/Third_Party/FreeRTOS/Source/portable/MemMang/heap_4.o
 .bss.xNumberOfSuccessfulFrees
                0x0000000020004994        0x4 ./Middlewares/Third_Party/FreeRTOS/Source/portable/MemMang/heap_4.o
 .bss.xStart    0x0000000020004998        0x8 ./Middlewares/Third_Party/FreeRTOS/Source/portable/MemMang/heap_4.o
 .bss.__malloc_free_list
                0x00000000200049a0        0x4 c:/st/stm32cubeide_1.8.0/stm32cubeide/plugins/com.st.stm32cube.ide.mcu.externaltools.gnu-tools-for-stm32.9-2020-q2-update.win32_2.0.0.202105311346/tools/bin/../lib/gcc/arm-none-eabi/9.3.1/../../../../arm-none-eabi/lib/thumb/v7e-m+fp/hard\libc_nano.a(lib_a-nano-mallocr.o)
                0x00000000200049a0                __malloc_free_list
 .bss.__malloc_sbrk_start
                0x00000000200049a4        0x4 c:/st/stm32cubeide_1.8.0/stm32cubeide/plugins/com.st.stm32cube.ide.mcu.externaltools.gnu-tools-for-stm32.9-2020-q2-update.win32_2.0.0.202105311346/tools/bin/../lib/gcc/arm-none-eabi/9.3.1/../../../../arm-none-eabi/lib/thumb/v7e-m+fp/hard\libc_nano.a(lib_a-nano-mallocr.o)
                0x00000000200049a4                __malloc_sbrk_start
 *(COMMON)
 COMMON         0x00000000200049a8     0x5258 ./Core/Src/main.o
                0x00000000200049a8                fillCounter
                0x00000000200049ac                kdb
                0x00000000200049b0                encoderTarget
                0x00000000200049b4                LEDTaskHandle
                0x00000000200049b8                encoderDelay
                0x00000000200049bc                kpb
                0x00000000200049c0                ledDelay
                0x00000000200049c4                tempB
                0x00000000200049c8                ultraCounter
                0x00000000200049cc                rfInt
                0x00000000200049d0                ServoTaskHandle
                0x00000000200049d4                irInt
                0x00000000200049d8                tempA
                0x00000000200049dc                irVal
                0x00000000200049f0                htim8
                0x0000000020004a38                turningDelay
                0x0000000020004a3c                driveMotorPWM
                0x0000000020004a40                BatteryTaskHandle
                0x0000000020004a44                htim4
                0x0000000020004a8c                rfGrad
                0x0000000020004a90                lbGrad
                0x0000000020004a94                servoLeft
                0x0000000020004a98                huart3
                0x0000000020004adc                rpiDelay
                0x0000000020004ae0                hadc2
                0x0000000020004b28                enablePID
                0x0000000020004b2c                radius
                0x0000000020004b30                ultraInt
                0x0000000020004b34                kib
                0x0000000020004b38                motorBVal
                0x0000000020004b3c                servoVal
                0x0000000020004b40                batteryState
                0x0000000020004b4c                iTermA
                0x0000000020004b50                encoderBVal
                0x0000000020004b54                MotorTaskHandle
                0x0000000020004b58                errorB
                0x0000000020004b5c                turnOffset
                0x0000000020004b60                htim5
                0x0000000020004ba8                ultraVal
                0x0000000020004bbc                EncoderTaskHandle
                0x0000000020004bc0                kpf
                0x0000000020004bc4                htim3
                0x0000000020004c0c                ultraGrad
                0x0000000020004c10                kdf
                0x0000000020004c14                turnMotorPWM
                0x0000000020004c18                OLEDTaskHandle
                0x0000000020004c1c                angleCmd
                0x0000000020004c20                hadc1
                0x0000000020004c68                encoderInt
                0x0000000020004c6c                motorDelay
                0x0000000020004c70                maxMotorPWM
                0x0000000020004c74                distOffset
                0x0000000020004c78                stoppingDelay
                0x0000000020004c7c                irDelay
                0x0000000020004c80                prevEncoderB
                0x0000000020004c84                servoDelay
                0x0000000020004c88                distA
                0x0000000020004c8c                actionCounter
                0x0000000020004c90                DispatchTaskHandle
                0x0000000020004c94                UltraTaskHandle
                0x0000000020004c98                startPID
                0x0000000020004c99                ultraCapture
                0x0000000020004c9a                profile
                0x0000000020004c9b                startDriving
                0x0000000020004c9c                batteryCounter
                0x0000000020004ca0                robotAngle
                0x0000000020004ca4                dispatchDelay
                0x0000000020004ca8                iTermB
                0x0000000020004cac                rxBuffer
                0x0000000020004cc0                htim1
                0x0000000020004d08                batteryDelay
                0x0000000020004d0c                errorA
                0x0000000020004d10                txBuffer
                0x0000000020004d24                lfInt
                0x0000000020004d28                lfGrad
                0x0000000020004d2c                oledDelay
                0x0000000020004d30                lbInt
                0x0000000020004d34                encoderAVal
                0x0000000020004d38                distBuffer
                0x0000000020004d3c                distB
                0x0000000020004d40                RPiTaskHandle
                0x0000000020004d44                irCounter
                0x0000000020004d48                IRTaskHandle
                0x0000000020004d4c                motorAVal
                0x0000000020004d50                batteryVal
                0x0000000020004d64                htim2
                0x0000000020004dac                cmdState
                0x0000000020004db0                kif
                0x0000000020004db4                pi
                0x0000000020004db8                prevEncoderA
                0x0000000020004dbc                encoderGrad
                0x0000000020004dc0                ultraDelay
                0x0000000020004dc4                cmds
                0x0000000020009be4                servoRight
                0x0000000020009be8                rbGrad
                0x0000000020009bec                driveCmd
                0x0000000020009bf0                irGrad
                0x0000000020009bf4                rbInt
                0x0000000020009bf8                robotDist
                0x0000000020009bfc                servoCenter
 COMMON         0x0000000020009c00        0x4 ./Drivers/STM32F4xx_HAL_Driver/Src/stm32f4xx_hal.o
                0x0000000020009c00                uwTick
 COMMON         0x0000000020009c04       0x40 ./Middlewares/Third_Party/FreeRTOS/Source/queue.o
                0x0000000020009c04                xQueueRegistry
 COMMON         0x0000000020009c44      0x400 ./PeripheralDriver/Src/oled.o
                0x0000000020009c44                OLED_GRAM
 COMMON         0x000000002000a044        0x4 c:/st/stm32cubeide_1.8.0/stm32cubeide/plugins/com.st.stm32cube.ide.mcu.externaltools.gnu-tools-for-stm32.9-2020-q2-update.win32_2.0.0.202105311346/tools/bin/../lib/gcc/arm-none-eabi/9.3.1/../../../../arm-none-eabi/lib/thumb/v7e-m+fp/hard\libc_nano.a(lib_a-reent.o)
                0x000000002000a044                errno
 COMMON         0x000000002000a048        0x9 c:/st/stm32cubeide_1.8.0/stm32cubeide/plugins/com.st.stm32cube.ide.mcu.externaltools.gnu-tools-for-stm32.9-2020-q2-update.win32_2.0.0.202105311346/tools/bin/../lib/gcc/arm-none-eabi/9.3.1/../../../../arm-none-eabi/lib/thumb/v7e-m+fp/hard\libc_nano.a(lib_a-lock.o)
                0x000000002000a048                __lock___atexit_recursive_mutex
                0x000000002000a049                __lock___arc4random_mutex
                0x000000002000a04a                __lock___env_recursive_mutex
                0x000000002000a04b                __lock___sinit_recursive_mutex
                0x000000002000a04c                __lock___malloc_recursive_mutex
                0x000000002000a04d                __lock___at_quick_exit_mutex
                0x000000002000a04e                __lock___dd_hash_mutex
                0x000000002000a04f                __lock___tz_mutex
                0x000000002000a050                __lock___sfp_recursive_mutex
                0x000000002000a054                . = ALIGN (0x4)
 *fill*         0x000000002000a051        0x3 
                0x000000002000a054                _ebss = .
                0x000000002000a054                __bss_end__ = _ebss

._user_heap_stack
                0x000000002000a054      0x604
                0x000000002000a058                . = ALIGN (0x8)
 *fill*         0x000000002000a054        0x4 
                [!provide]                        PROVIDE (end = .)
                0x000000002000a058                PROVIDE (_end = .)
                0x000000002000a258                . = (. + _Min_Heap_Size)
 *fill*         0x000000002000a058      0x200 
                0x000000002000a658                . = (. + _Min_Stack_Size)
 *fill*         0x000000002000a258      0x400 
                0x000000002000a658                . = ALIGN (0x8)

/DISCARD/
 libc.a(*)
 libm.a(*)
 libgcc.a(*)

.ARM.attributes
                0x0000000000000000       0x30
 *(.ARM.attributes)
 .ARM.attributes
                0x0000000000000000       0x1e c:/st/stm32cubeide_1.8.0/stm32cubeide/plugins/com.st.stm32cube.ide.mcu.externaltools.gnu-tools-for-stm32.9-2020-q2-update.win32_2.0.0.202105311346/tools/bin/../lib/gcc/arm-none-eabi/9.3.1/thumb/v7e-m+fp/hard/crti.o
 .ARM.attributes
                0x000000000000001e       0x34 c:/st/stm32cubeide_1.8.0/stm32cubeide/plugins/com.st.stm32cube.ide.mcu.externaltools.gnu-tools-for-stm32.9-2020-q2-update.win32_2.0.0.202105311346/tools/bin/../lib/gcc/arm-none-eabi/9.3.1/thumb/v7e-m+fp/hard/crtbegin.o
 .ARM.attributes
                0x0000000000000052       0x34 ./Core/Src/main.o
 .ARM.attributes
                0x0000000000000086       0x34 ./Core/Src/stm32f4xx_hal_msp.o
 .ARM.attributes
                0x00000000000000ba       0x34 ./Core/Src/stm32f4xx_it.o
 .ARM.attributes
                0x00000000000000ee       0x34 ./Core/Src/sysmem.o
 .ARM.attributes
                0x0000000000000122       0x34 ./Core/Src/system_stm32f4xx.o
 .ARM.attributes
                0x0000000000000156       0x21 ./Core/Startup/startup_stm32f407vetx.o
 .ARM.attributes
                0x0000000000000177       0x34 ./Drivers/STM32F4xx_HAL_Driver/Src/stm32f4xx_hal.o
 .ARM.attributes
                0x00000000000001ab       0x34 ./Drivers/STM32F4xx_HAL_Driver/Src/stm32f4xx_hal_adc.o
 .ARM.attributes
                0x00000000000001df       0x34 ./Drivers/STM32F4xx_HAL_Driver/Src/stm32f4xx_hal_cortex.o
 .ARM.attributes
                0x0000000000000213       0x34 ./Drivers/STM32F4xx_HAL_Driver/Src/stm32f4xx_hal_dma.o
 .ARM.attributes
                0x0000000000000247       0x34 ./Drivers/STM32F4xx_HAL_Driver/Src/stm32f4xx_hal_gpio.o
 .ARM.attributes
                0x000000000000027b       0x34 ./Drivers/STM32F4xx_HAL_Driver/Src/stm32f4xx_hal_pwr.o
 .ARM.attributes
                0x00000000000002af       0x34 ./Drivers/STM32F4xx_HAL_Driver/Src/stm32f4xx_hal_rcc.o
 .ARM.attributes
                0x00000000000002e3       0x34 ./Drivers/STM32F4xx_HAL_Driver/Src/stm32f4xx_hal_tim.o
 .ARM.attributes
                0x0000000000000317       0x34 ./Drivers/STM32F4xx_HAL_Driver/Src/stm32f4xx_hal_tim_ex.o
 .ARM.attributes
                0x000000000000034b       0x34 ./Drivers/STM32F4xx_HAL_Driver/Src/stm32f4xx_hal_uart.o
 .ARM.attributes
                0x000000000000037f       0x34 ./Middlewares/Third_Party/FreeRTOS/Source/CMSIS_RTOS_V2/cmsis_os2.o
 .ARM.attributes
                0x00000000000003b3       0x34 ./Middlewares/Third_Party/FreeRTOS/Source/list.o
 .ARM.attributes
                0x00000000000003e7       0x34 ./Middlewares/Third_Party/FreeRTOS/Source/queue.o
 .ARM.attributes
                0x000000000000041b       0x34 ./Middlewares/Third_Party/FreeRTOS/Source/tasks.o
 .ARM.attributes
                0x000000000000044f       0x34 ./Middlewares/Third_Party/FreeRTOS/Source/timers.o
 .ARM.attributes
                0x0000000000000483       0x34 ./Middlewares/Third_Party/FreeRTOS/Source/portable/GCC/ARM_CM4F/port.o
 .ARM.attributes
                0x00000000000004b7       0x34 ./Middlewares/Third_Party/FreeRTOS/Source/portable/MemMang/heap_4.o
 .ARM.attributes
                0x00000000000004eb       0x34 ./PeripheralDriver/Src/oled.o
 .ARM.attributes
                0x000000000000051f       0x34 c:/st/stm32cubeide_1.8.0/stm32cubeide/plugins/com.st.stm32cube.ide.mcu.externaltools.gnu-tools-for-stm32.9-2020-q2-update.win32_2.0.0.202105311346/tools/bin/../lib/gcc/arm-none-eabi/9.3.1/../../../../arm-none-eabi/lib/thumb/v7e-m+fp/hard\libc_nano.a(lib_a-atoi.o)
 .ARM.attributes
                0x0000000000000553       0x34 c:/st/stm32cubeide_1.8.0/stm32cubeide/plugins/com.st.stm32cube.ide.mcu.externaltools.gnu-tools-for-stm32.9-2020-q2-update.win32_2.0.0.202105311346/tools/bin/../lib/gcc/arm-none-eabi/9.3.1/../../../../arm-none-eabi/lib/thumb/v7e-m+fp/hard\libc_nano.a(lib_a-errno.o)
 .ARM.attributes
                0x0000000000000587       0x32 c:/st/stm32cubeide_1.8.0/stm32cubeide/plugins/com.st.stm32cube.ide.mcu.externaltools.gnu-tools-for-stm32.9-2020-q2-update.win32_2.0.0.202105311346/tools/bin/../lib/gcc/arm-none-eabi/9.3.1/../../../../arm-none-eabi/lib/thumb/v7e-m+fp/hard\libc_nano.a(lib_a-impure.o)
 .ARM.attributes
                0x00000000000005b9       0x34 c:/st/stm32cubeide_1.8.0/stm32cubeide/plugins/com.st.stm32cube.ide.mcu.externaltools.gnu-tools-for-stm32.9-2020-q2-update.win32_2.0.0.202105311346/tools/bin/../lib/gcc/arm-none-eabi/9.3.1/../../../../arm-none-eabi/lib/thumb/v7e-m+fp/hard\libc_nano.a(lib_a-init.o)
 .ARM.attributes
                0x00000000000005ed       0x34 c:/st/stm32cubeide_1.8.0/stm32cubeide/plugins/com.st.stm32cube.ide.mcu.externaltools.gnu-tools-for-stm32.9-2020-q2-update.win32_2.0.0.202105311346/tools/bin/../lib/gcc/arm-none-eabi/9.3.1/../../../../arm-none-eabi/lib/thumb/v7e-m+fp/hard\libc_nano.a(lib_a-memcpy-stub.o)
 .ARM.attributes
                0x0000000000000621       0x34 c:/st/stm32cubeide_1.8.0/stm32cubeide/plugins/com.st.stm32cube.ide.mcu.externaltools.gnu-tools-for-stm32.9-2020-q2-update.win32_2.0.0.202105311346/tools/bin/../lib/gcc/arm-none-eabi/9.3.1/../../../../arm-none-eabi/lib/thumb/v7e-m+fp/hard\libc_nano.a(lib_a-memset.o)
 .ARM.attributes
                0x0000000000000655       0x34 c:/st/stm32cubeide_1.8.0/stm32cubeide/plugins/com.st.stm32cube.ide.mcu.externaltools.gnu-tools-for-stm32.9-2020-q2-update.win32_2.0.0.202105311346/tools/bin/../lib/gcc/arm-none-eabi/9.3.1/../../../../arm-none-eabi/lib/thumb/v7e-m+fp/hard\libc_nano.a(lib_a-sprintf.o)
 .ARM.attributes
                0x0000000000000689       0x34 c:/st/stm32cubeide_1.8.0/stm32cubeide/plugins/com.st.stm32cube.ide.mcu.externaltools.gnu-tools-for-stm32.9-2020-q2-update.win32_2.0.0.202105311346/tools/bin/../lib/gcc/arm-none-eabi/9.3.1/../../../../arm-none-eabi/lib/thumb/v7e-m+fp/hard\libc_nano.a(lib_a-strcpy.o)
 .ARM.attributes
                0x00000000000006bd       0x34 c:/st/stm32cubeide_1.8.0/stm32cubeide/plugins/com.st.stm32cube.ide.mcu.externaltools.gnu-tools-for-stm32.9-2020-q2-update.win32_2.0.0.202105311346/tools/bin/../lib/gcc/arm-none-eabi/9.3.1/../../../../arm-none-eabi/lib/thumb/v7e-m+fp/hard\libc_nano.a(lib_a-strncpy.o)
 .ARM.attributes
                0x00000000000006f1       0x34 c:/st/stm32cubeide_1.8.0/stm32cubeide/plugins/com.st.stm32cube.ide.mcu.externaltools.gnu-tools-for-stm32.9-2020-q2-update.win32_2.0.0.202105311346/tools/bin/../lib/gcc/arm-none-eabi/9.3.1/../../../../arm-none-eabi/lib/thumb/v7e-m+fp/hard\libc_nano.a(lib_a-strtol.o)
 .ARM.attributes
                0x0000000000000725       0x32 c:/st/stm32cubeide_1.8.0/stm32cubeide/plugins/com.st.stm32cube.ide.mcu.externaltools.gnu-tools-for-stm32.9-2020-q2-update.win32_2.0.0.202105311346/tools/bin/../lib/gcc/arm-none-eabi/9.3.1/../../../../arm-none-eabi/lib/thumb/v7e-m+fp/hard\libc_nano.a(lib_a-ctype_.o)
 .ARM.attributes