stm32f4xx_hal_i2c.c:7464:26:I2C_IsAcknowledgeFailed	0	static
stm32f4xx_hal_i2c.c:7230:26:I2C_WaitOnMasterAddressFlagUntilTimeout	24	static
stm32f4xx_hal_i2c.c:7319:26:I2C_WaitOnBTFFlagUntilTimeout	16	static
stm32f4xx_hal_i2c.c:7419:26:I2C_WaitOnRXNEFlagUntilTimeout	16	static
stm32f4xx_hal_i2c.c:7196:26:I2C_WaitOnFlagUntilTimeout	32	static
stm32f4xx_hal_i2c.c:7281:26:I2C_WaitOnTXEFlagUntilTimeout	16	static
stm32f4xx_hal_i2c.c:6725:26:I2C_RequestMemoryWrite	48	static
stm32f4xx_hal_i2c.c:6805:26:I2C_RequestMemoryRead	48	static
stm32f4xx_hal_i2c.c:597:13:HAL_I2C_MspInit	0	static
stm32f4xx_hal_i2c.c:436:19:HAL_I2C_Init	16	static
stm32f4xx_hal_i2c.c:613:13:HAL_I2C_MspDeInit	0	static
stm32f4xx_hal_i2c.c:551:19:HAL_I2C_DeInit	8	static
stm32f4xx_hal_i2c.c:1033:19:HAL_I2C_Master_Transmit	48	static
stm32f4xx_hal_i2c.c:1154:19:HAL_I2C_Master_Receive	64	static
stm32f4xx_hal_i2c.c:1398:19:HAL_I2C_Slave_Transmit	48	static
stm32f4xx_hal_i2c.c:1528:19:HAL_I2C_Slave_Receive	48	static
stm32f4xx_hal_i2c.c:1649:19:HAL_I2C_Master_Transmit_IT	24	static
stm32f4xx_hal_i2c.c:1729:19:HAL_I2C_Master_Receive_IT	24	static
stm32f4xx_hal_i2c.c:1812:19:HAL_I2C_Slave_Transmit_IT	8	static
stm32f4xx_hal_i2c.c:1874:19:HAL_I2C_Slave_Receive_IT	8	static
stm32f4xx_hal_i2c.c:1938:19:HAL_I2C_Master_Transmit_DMA	32	static
stm32f4xx_hal_i2c.c:2096:19:HAL_I2C_Master_Receive_DMA	24	static
stm32f4xx_hal_i2c.c:2252:19:HAL_I2C_Slave_Transmit_DMA	24	static
stm32f4xx_hal_i2c.c:2366:19:HAL_I2C_Slave_Receive_DMA	24	static
stm32f4xx_hal_i2c.c:2485:19:HAL_I2C_Mem_Write	40	static
stm32f4xx_hal_i2c.c:2608:19:HAL_I2C_Mem_Read	56	static
stm32f4xx_hal_i2c.c:2855:19:HAL_I2C_Mem_Write_IT	24	static
stm32f4xx_hal_i2c.c:2943:19:HAL_I2C_Mem_Read_IT	32	static
stm32f4xx_hal_i2c.c:3037:19:HAL_I2C_Mem_Write_DMA	48	static
stm32f4xx_hal_i2c.c:3222:19:HAL_I2C_Mem_Read_DMA	56	static
stm32f4xx_hal_i2c.c:3421:19:HAL_I2C_IsDeviceReady	56	static
stm32f4xx_hal_i2c.c:3557:19:HAL_I2C_Master_Seq_Transmit_IT	32	static
stm32f4xx_hal_i2c.c:3655:19:HAL_I2C_Master_Seq_Transmit_DMA	32	static
stm32f4xx_hal_i2c.c:3838:19:HAL_I2C_Master_Seq_Receive_IT	32	static
stm32f4xx_hal_i2c.c:3962:19:HAL_I2C_Master_Seq_Receive_DMA	32	static
stm32f4xx_hal_i2c.c:4180:19:HAL_I2C_Slave_Seq_Transmit_IT	24	static
stm32f4xx_hal_i2c.c:4246:19:HAL_I2C_Slave_Seq_Transmit_DMA	40	static
stm32f4xx_hal_i2c.c:4420:19:HAL_I2C_Slave_Seq_Receive_IT	24	static
stm32f4xx_hal_i2c.c:4486:19:HAL_I2C_Slave_Seq_Receive_DMA	40	static
stm32f4xx_hal_i2c.c:4656:19:HAL_I2C_EnableListen_IT	0	static
stm32f4xx_hal_i2c.c:4689:19:HAL_I2C_DisableListen_IT	0	static
stm32f4xx_hal_i2c.c:5032:13:HAL_I2C_MasterTxCpltCallback	0	static
stm32f4xx_hal_i2c.c:5048:13:HAL_I2C_MasterRxCpltCallback	0	static
stm32f4xx_hal_i2c.c:5063:13:HAL_I2C_SlaveTxCpltCallback	0	static
stm32f4xx_hal_i2c.c:5079:13:HAL_I2C_SlaveRxCpltCallback	0	static
stm32f4xx_hal_i2c.c:5097:13:HAL_I2C_AddrCallback	0	static
stm32f4xx_hal_i2c.c:5115:13:HAL_I2C_ListenCpltCallback	0	static
stm32f4xx_hal_i2c.c:5131:13:HAL_I2C_MemTxCpltCallback	0	static
stm32f4xx_hal_i2c.c:5433:13:I2C_MemoryTransmit_TXE_BTF	8	static
stm32f4xx_hal_i2c.c:5147:13:HAL_I2C_MemRxCpltCallback	0	static
stm32f4xx_hal_i2c.c:5163:13:HAL_I2C_ErrorCallback	0	static
stm32f4xx_hal_i2c.c:7052:13:I2C_DMAError	8	static
stm32f4xx_hal_i2c.c:6914:13:I2C_DMAXferCplt	16	static
stm32f4xx_hal_i2c.c:5179:13:HAL_I2C_AbortCpltCallback	0	static
stm32f4xx_hal_i2c.c:7093:13:I2C_DMAAbort	24	static
stm32f4xx_hal_i2c.c:6389:13:I2C_ITError	8	static
stm32f4xx_hal_i2c.c:4724:19:HAL_I2C_Master_Abort_IT	8	static
stm32f4xx_hal_i2c.c:4783:6:HAL_I2C_EV_IRQHandler	80	static
stm32f4xx_hal_i2c.c:4952:6:HAL_I2C_ER_IRQHandler	24	static
stm32f4xx_hal_i2c.c:5214:22:HAL_I2C_GetState	0	static
stm32f4xx_hal_i2c.c:5226:21:HAL_I2C_GetMode	0	static
stm32f4xx_hal_i2c.c:5237:10:HAL_I2C_GetError	0	static
