../PeripheralDriver/Src/icm20948.c:439:13:select_user_bank	0	static
../PeripheralDriver/Src/icm20948.c:483:17:read_multiple_icm20948_reg	24	static
../PeripheralDriver/Src/icm20948.c:468:13:write_single_icm20948_reg	16	static
../PeripheralDriver/Src/icm20948.c:522:13:write_single_ak09916_reg	16	static
../PeripheralDriver/Src/icm20948.c:452:16:read_single_icm20948_reg	24	static
../PeripheralDriver/Src/icm20948.c:512:16:read_single_ak09916_reg	8	static
../PeripheralDriver/Src/icm20948.c:499:13:write_multiple_icm20948_reg	24	static
../PeripheralDriver/Src/icm20948.c:70:6:icm20948_gyro_read	8	static
../PeripheralDriver/Src/icm20948.c:79:6:icm20948_accel_read	8	static
../PeripheralDriver/Src/icm20948.c:89:6:ak09916_mag_read	16	static
../PeripheralDriver/Src/icm20948.c:109:6:icm20948_gyro_read_dps	8	static
../PeripheralDriver/Src/icm20948.c:118:6:icm20948_accel_read_g	8	static
../PeripheralDriver/Src/icm20948.c:127:6:ak09916_mag_read_uT	32	static
../PeripheralDriver/Src/icm20948.c:142:6:icm20948_who_am_i	8	static
../PeripheralDriver/Src/icm20948.c:152:6:ak09916_who_am_i	8	static
../PeripheralDriver/Src/icm20948.c:162:6:icm20948_device_reset	8	static
../PeripheralDriver/Src/icm20948.c:168:6:ak09916_soft_reset	8	static
../PeripheralDriver/Src/icm20948.c:174:6:icm20948_wakeup	8	static
../PeripheralDriver/Src/icm20948.c:183:6:icm20948_sleep	8	static
../PeripheralDriver/Src/icm20948.c:192:6:icm20948_no_cycle	8	static
../PeripheralDriver/Src/icm20948.c:201:6:icm20948_spi_slave_enable	8	static
../PeripheralDriver/Src/icm20948.c:209:6:icm20948_i2c_master_reset	8	static
../PeripheralDriver/Src/icm20948.c:217:6:icm20948_i2c_master_enable	8	static
../PeripheralDriver/Src/icm20948.c:226:6:icm20948_i2c_master_clk_frq	8	static
../PeripheralDriver/Src/icm20948.c:234:6:icm20948_clock_source	8	static
../PeripheralDriver/Src/icm20948.c:242:6:icm20948_odr_align_enable	0	static
../PeripheralDriver/Src/icm20948.c:247:6:icm20948_gyro_low_pass_filter	8	static
../PeripheralDriver/Src/icm20948.c:255:6:icm20948_accel_low_pass_filter	8	static
../PeripheralDriver/Src/icm20948.c:263:6:icm20948_gyro_sample_rate_divider	0	static
../PeripheralDriver/Src/icm20948.c:268:6:icm20948_accel_sample_rate_divider	8	static
../PeripheralDriver/Src/icm20948.c:277:6:ak09916_operation_mode_setting	8	static
../PeripheralDriver/Src/icm20948.c:58:6:ak09916_init	8	static
../PeripheralDriver/Src/icm20948.c:283:6:icm20948_gyro_calibration	48	static
../PeripheralDriver/Src/icm20948.c:315:6:icm20948_accel_calibration	64	static
../PeripheralDriver/Src/icm20948.c:373:6:icm20948_gyro_full_scale_select	8	static
../PeripheralDriver/Src/icm20948.c:400:6:icm20948_accel_full_scale_select	8	static
../PeripheralDriver/Src/icm20948.c:33:6:icm20948_init	8	static
../PeripheralDriver/Src/icm20948.c:540:9:icm20948_ready	8	static
