icm20948.c:398:13:select_user_bank	0	static
icm20948.c:431:17:read_multiple_icm20948_reg	24	static
icm20948.c:419:13:write_single_icm20948_reg	16	static
icm20948.c:460:13:write_single_ak09916_reg	16	static
icm20948.c:408:16:read_single_icm20948_reg	24	static
icm20948.c:450:16:read_single_ak09916_reg	8	static
icm20948.c:442:13:write_multiple_icm20948_reg	24	static
icm20948.c:58:6:icm20948_gyro_read	8	static
icm20948.c:67:6:icm20948_accel_read	8	static
icm20948.c:77:6:ak09916_mag_read	16	static
icm20948.c:97:6:icm20948_gyro_read_dps	8	static
icm20948.c:106:6:icm20948_accel_read_g	8	static
icm20948.c:115:6:ak09916_mag_read_uT	32	static
icm20948.c:130:6:icm20948_who_am_i	8	static
icm20948.c:140:6:ak09916_who_am_i	8	static
icm20948.c:150:6:icm20948_device_reset	8	static
icm20948.c:156:6:ak09916_soft_reset	8	static
icm20948.c:162:6:icm20948_wakeup	8	static
icm20948.c:171:6:icm20948_sleep	8	static
icm20948.c:180:6:icm20948_i2c_master_reset	8	static
icm20948.c:188:6:icm20948_i2c_master_enable	8	static
icm20948.c:197:6:icm20948_i2c_master_clk_frq	8	static
icm20948.c:205:6:icm20948_clock_source	8	static
icm20948.c:213:6:icm20948_odr_align_enable	0	static
icm20948.c:218:6:icm20948_gyro_low_pass_filter	8	static
icm20948.c:226:6:icm20948_accel_low_pass_filter	8	static
icm20948.c:234:6:icm20948_gyro_sample_rate_divider	0	static
icm20948.c:239:6:icm20948_accel_sample_rate_divider	8	static
icm20948.c:248:6:ak09916_operation_mode_setting	8	static
icm20948.c:46:6:ak09916_init	8	static
icm20948.c:254:6:icm20948_gyro_calibration	48	static
icm20948.c:286:6:icm20948_accel_calibration	64	static
icm20948.c:344:6:icm20948_gyro_full_scale_select	8	static
icm20948.c:371:6:icm20948_accel_full_scale_select	8	static
icm20948.c:20:6:icm20948_init	8	static
icm20948.c:478:6:TM_MPU9250_DataReady	16	static
