tm_stm32_i2c.c:64:20:TM_I2C_GetHandle	0	static
tm_stm32_i2c.c:187:17:TM_I2C_Read	32	static
tm_stm32_i2c.c:213:17:TM_I2C_ReadMulti	32	static
tm_stm32_i2c.c:242:17:TM_I2C_ReadNoRegister	24	static
tm_stm32_i2c.c:260:17:TM_I2C_ReadMultiNoRegister	32	static
tm_stm32_i2c.c:278:17:TM_I2C_Write	24	static
tm_stm32_i2c.c:301:17:TM_I2C_WriteMulti	32	static
tm_stm32_i2c.c:319:17:TM_I2C_WriteNoRegister	24	static
tm_stm32_i2c.c:337:17:TM_I2C_WriteMultiNoRegister	32	static
tm_stm32_i2c.c:355:17:TM_I2C_Write16	32	static
tm_stm32_i2c.c:379:17:TM_I2C_Read16	40	static
tm_stm32_i2c.c:413:17:TM_I2C_IsDeviceConnected	8	static
tm_stm32_i2c.c:426:17:TM_I2C_WriteReadRepeatedStart	40	static
tm_stm32_i2c.c:454:13:TM_I2C_InitCustomPinsCallback	0	static
tm_stm32_i2c.c:129:17:TM_I2C_Init	40	static
