18:10:07 **** Incremental Build of configuration Release for project MDP ****
make -j8 all 
arm-none-eabi-gcc "../Core/Src/main.c" -mcpu=cortex-m4 -std=gnu11 -DUSE_HAL_DRIVER -DSTM32F407xx -c -I../Core/Inc -I../Drivers/STM32F4xx_HAL_Driver/Inc -I../Drivers/STM32F4xx_HAL_Driver/Inc/Legacy -I../Drivers/CMSIS/Device/ST/STM32F4xx/Include -I../Drivers/CMSIS/Include -I../Middlewares/Third_Party/FreeRTOS/Source/include -I../Middlewares/Third_Party/FreeRTOS/Source/CMSIS_RTOS_V2 -I../Middlewares/Third_Party/FreeRTOS/Source/portable/GCC/ARM_CM4F -I"C:/Users/Jeff Chua/Desktop/MDP/MDP/PeripheralDriver/Inc" -Os -ffunction-sections -fdata-sections -Wall -fstack-usage -MMD -MP -MF"Core/Src/main.d" -MT"Core/Src/main.o" --specs=nano.specs -mfpu=fpv4-sp-d16 -mfloat-abi=hard -mthumb -o "Core/Src/main.o"
../Core/Src/main.c: In function 'ir':
../Core/Src/main.c:745:7: warning: variable 'dist' set but not used [-Wunused-but-set-variable]
  745 |   int dist;
      |       ^~~~
../Core/Src/main.c: In function 'encoderB':
../Core/Src/main.c:943:24: warning: variable 'dur' set but not used [-Wunused-but-set-variable]
  943 |   uint32_t cnt1, cnt2, dur, tick;
      |                        ^~~
../Core/Src/main.c: In function 'irToDist':
../Core/Src/main.c:680:1: warning: control reaches end of non-void function [-Wreturn-type]
  680 | }
      | ^
arm-none-eabi-gcc -o "MDP.elf" @"objects.list"   -mcpu=cortex-m4 -T"C:\Users\Jeff Chua\Desktop\MDP\MDP\STM32F407VETX_FLASH.ld" --specs=nosys.specs -Wl,-Map="MDP.map" -Wl,--gc-sections -static --specs=nano.specs -mfpu=fpv4-sp-d16 -mfloat-abi=hard -mthumb -Wl,--start-group -lc -lm -Wl,--end-group
Finished building target: MDP.elf
 
arm-none-eabi-size   MDP.elf 
arm-none-eabi-objdump -h -S  MDP.elf  > "MDP.list"
   text	   data	    bss	    dec	    hex	filename
  19332	     24	  21880	  41236	   a114	MDP.elf
arm-none-eabi-objcopy  -O ihex  MDP.elf  "MDP.hex"
Finished building: default.size.stdout
arm-none-eabi-objcopy  -O binary  MDP.elf  "MDP.bin"
 
Finished building: MDP.list
Finished building: MDP.hex
 
 
Finished building: MDP.bin
 

18:10:12 Build Finished. 0 errors, 3 warnings. (took 5s.73ms)

