main.c:973:6:oled	48	static
main.c:1034:6:ir	8	static
main.c:1396:6:battery	8	static
main.c:1130:6:servo	8	static
main.c:1159:6:motorA	8	static
main.c:1198:6:motorB	8	static
main.c:1237:6:encoderA	32	static
main.c:1294:6:encoderB	32	static
main.c:1422:6:led	8	static
main.c:378:6:SystemClock_Config	88	static,ignoring_inline_asm
main.c:193:5:main	144	static,ignoring_inline_asm
main.c:838:6:HAL_GPIO_EXTI_Callback	0	static
main.c:845:6:HAL_UART_RxCpltCallback	0	static
main.c:850:5:irToDist	8	static
main.c:862:9:rxFilled	0	static
main.c:1064:6:rpi	48	static
main.c:907:6:stopRobot	16	static
main.c:871:6:driveRobot	16	static
main.c:931:6:turnRobot	32	static
main.c:1351:6:dispatch	32	static
main.c:1438:6:Error_Handler	0	static,ignoring_inline_asm
