main.c:1361:6:servo	8	static
main.c:1390:6:motorA	8	static
main.c:1429:6:motorB	8	static
main.c:1468:6:encoderA	32	static
main.c:1530:6:encoderB	32	static
main.c:1658:6:led	8	static
main.c:391:6:SystemClock_Config	88	static,ignoring_inline_asm
main.c:990:6:HAL_UART_RxCpltCallback	0	static
main.c:995:7:avgVal	0	static
main.c:1210:6:oled	32	static
main.c:1005:9:rxFilled	0	static
main.c:1295:6:rpi	48	static
main.c:1014:6:changeProfile	0	static
main.c:954:6:HAL_GPIO_EXTI_Callback	0	static
main.c:211:5:main	144	static,ignoring_inline_asm
main.c:1134:6:microDelay	0	static
main.c:1677:6:ultra	8	static
main.c:1140:6:stopRobot	16	static
main.c:1093:6:driveRobot	24	static
main.c:1164:6:turnRobot	24	static
main.c:1592:6:dispatch	8	static
main.c:1196:6:valShift	0	static
main.c:963:6:HAL_TIM_IC_CaptureCallback	24	static
main.c:1270:6:ir	8	static
main.c:1633:6:battery	8	static
main.c:1700:6:Error_Handler	0	static,ignoring_inline_asm
