../Core/Src/main.c:1137:5:cmpfVal	0	static
../Core/Src/main.c:1816:6:servo	8	static
../Core/Src/main.c:1934:6:led	8	static
../Core/Src/main.c:1978:6:motor	8	static
../Core/Src/main.c:444:6:SystemClock_Config	88	static,ignoring_inline_asm
../Core/Src/main.c:1089:6:HAL_UART_RxCpltCallback	0	static
../Core/Src/main.c:1095:7:avgVal	0	static
../Core/Src/main.c:1105:7:fmedVal	32	static
../Core/Src/main.c:1126:7:irToDist	8	static
../Core/Src/main.c:1142:5:cmpuVal	0	static
../Core/Src/main.c:1147:9:bufferFilled	0	static
../Core/Src/main.c:1636:6:oled	32	static
../Core/Src/main.c:1156:6:changeProfile	8	static
../Core/Src/main.c:1053:6:HAL_GPIO_EXTI_Callback	0	static
../Core/Src/main.c:1241:6:clearCmds	8	static
../Core/Src/main.c:226:5:main	144	static,ignoring_inline_asm
../Core/Src/main.c:1254:6:microDelay	0	static
../Core/Src/main.c:1953:6:ultra	8	static
../Core/Src/main.c:1268:6:fvalShift	0	static
../Core/Src/main.c:2071:6:icm	48	static
../Core/Src/main.c:1274:6:valShift	0	static
../Core/Src/main.c:1062:6:HAL_TIM_IC_CaptureCallback	24	static
../Core/Src/main.c:1719:6:ir	8	static
../Core/Src/main.c:1891:6:battery	24	static
../Core/Src/main.c:1280:6:adjustRobot	0	static
../Core/Src/main.c:1483:6:pid	12	static
../Core/Src/main.c:2016:6:encoder	48	static
../Core/Src/main.c:1523:6:stopRobot	32	static
../Core/Src/main.c:1291:6:driveRobot	48	static
../Core/Src/main.c:1744:6:rpi	32	static
../Core/Src/main.c:1594:6:turnRobot	24	static
../Core/Src/main.c:1842:6:dispatch	24	static
../Core/Src/main.c:2110:6:Error_Handler	0	static,ignoring_inline_asm
