main.c:1511:6:servo	8	static
main.c:1618:6:led	8	static
main.c:1663:6:motor	8	static
main.c:381:6:SystemClock_Config	88	static,ignoring_inline_asm
main.c:1020:6:HAL_UART_RxCpltCallback	0	static
main.c:1025:7:avgVal	0	static
main.c:1035:9:bufferFilled	0	static
main.c:1353:6:oled	32	static
main.c:1044:6:changeProfile	0	static
main.c:984:6:HAL_GPIO_EXTI_Callback	0	static
main.c:1147:6:clearCmds	8	static
main.c:1452:6:rpi	40	static
main.c:204:5:main	144	static,ignoring_inline_asm
main.c:1160:6:microDelay	0	static
main.c:1637:6:ultra	8	static
main.c:1174:6:valShift	0	static
main.c:993:6:HAL_TIM_IC_CaptureCallback	24	static
main.c:1427:6:ir	8	static
main.c:1578:6:battery	24	static
main.c:1243:6:pid	20	static
main.c:1701:6:encoder	48	static
main.c:1286:6:stopRobot	8	static
main.c:1180:6:driveRobot	48	static
main.c:1306:6:turnRobot	24	static
main.c:1537:6:dispatch	8	static
main.c:1756:6:Error_Handler	0	static,ignoring_inline_asm
