main.c:1283:6:ir	8	static
main.c:1643:6:battery	8	static
main.c:1376:6:servo	8	static
main.c:1405:6:motorA	8	static
main.c:1444:6:motorB	8	static
main.c:1483:6:encoderA	32	static
main.c:1540:6:encoderB	32	static
main.c:1669:6:led	8	static
main.c:387:6:SystemClock_Config	88	static,ignoring_inline_asm
main.c:959:6:HAL_TIM_IC_CaptureCallback	16	static
main.c:982:6:HAL_UART_RxCpltCallback	0	static
main.c:1007:5:irToDist	8	static
main.c:1216:6:oled	40	static
main.c:1019:9:rxFilled	0	static
main.c:1310:6:rpi	48	static
main.c:1028:6:changeProfile	0	static
main.c:950:6:HAL_GPIO_EXTI_Callback	0	static
main.c:210:5:main	144	static,ignoring_inline_asm
main.c:1146:6:microDelay	0	static
main.c:1688:6:ultra	8	static
main.c:1152:6:stopRobot	16	static
main.c:987:6:celibate	16	static
main.c:1109:6:driveRobot	24	static
main.c:1176:6:turnRobot	32	static
main.c:1597:6:dispatch	32	static
main.c:1711:6:Error_Handler	0	static,ignoring_inline_asm
