../Core/Src/main.c:1594:6:servo	8	static
../Core/Src/main.c:1701:6:led	8	static
../Core/Src/main.c:1746:6:motor	8	static
../Core/Src/main.c:1848:6:icm	48	static
../Core/Src/main.c:411:6:SystemClock_Config	88	static,ignoring_inline_asm
../Core/Src/main.c:1056:6:HAL_UART_RxCpltCallback	0	static
../Core/Src/main.c:1061:7:avgVal	0	static
../Core/Src/main.c:1071:9:bufferFilled	0	static
../Core/Src/main.c:1433:6:oled	32	static
../Core/Src/main.c:1080:6:changeProfile	8	static
../Core/Src/main.c:1020:6:HAL_GPIO_EXTI_Callback	0	static
../Core/Src/main.c:1203:6:clearCmds	8	static
../Core/Src/main.c:1535:6:rpi	48	static
../Core/Src/main.c:220:5:main	144	static,ignoring_inline_asm
../Core/Src/main.c:1216:6:microDelay	0	static
../Core/Src/main.c:1720:6:ultra	8	static
../Core/Src/main.c:1230:6:valShift	0	static
../Core/Src/main.c:1029:6:HAL_TIM_IC_CaptureCallback	24	static
../Core/Src/main.c:1510:6:ir	8	static
../Core/Src/main.c:1661:6:battery	24	static
../Core/Src/main.c:1236:6:adjustRobot	8	static
../Core/Src/main.c:1327:6:pid	32	static
../Core/Src/main.c:1784:6:encoder	48	static
../Core/Src/main.c:1367:6:stopRobot	16	static
../Core/Src/main.c:1264:6:driveRobot	32	static
../Core/Src/main.c:1395:6:turnRobot	24	static
../Core/Src/main.c:1620:6:dispatch	8	static
../Core/Src/main.c:1875:6:Error_Handler	0	static,ignoring_inline_asm
