main.c:1621:6:servo	8	static
main.c:1728:6:led	8	static
main.c:1773:6:motor	8	static
main.c:385:6:SystemClock_Config	88	static,ignoring_inline_asm
main.c:1024:6:HAL_UART_RxCpltCallback	0	static
main.c:1029:7:avgVal	0	static
main.c:1039:9:bufferFilled	0	static
main.c:1443:6:oled	32	static
main.c:1048:6:changeProfile	8	static
main.c:988:6:HAL_GPIO_EXTI_Callback	0	static
main.c:1239:6:clearCmds	8	static
main.c:1562:6:rpi	48	static
main.c:207:5:main	144	static,ignoring_inline_asm
main.c:1252:6:microDelay	0	static
main.c:1747:6:ultra	8	static
main.c:1266:6:valShift	0	static
main.c:997:6:HAL_TIM_IC_CaptureCallback	24	static
main.c:1537:6:ir	8	static
main.c:1688:6:battery	24	static
main.c:1336:6:pid	32	static
main.c:1811:6:encoder	48	static
main.c:1376:6:stopRobot	8	static
main.c:1272:6:driveRobot	32	static
main.c:1396:6:turnRobot	24	static
main.c:1647:6:dispatch	8	static
main.c:1872:6:Error_Handler	0	static,ignoring_inline_asm
