../Core/Src/main.c:1136:5:cmpfVal	0	static
../Core/Src/main.c:1776:6:servo	8	static
../Core/Src/main.c:1894:6:led	8	static
../Core/Src/main.c:1938:6:motor	8	static
../Core/Src/main.c:443:6:SystemClock_Config	88	static,ignoring_inline_asm
../Core/Src/main.c:1088:6:HAL_UART_RxCpltCallback	0	static
../Core/Src/main.c:1094:7:avgVal	0	static
../Core/Src/main.c:1104:7:fmedVal	32	static
../Core/Src/main.c:1125:7:irToDist	8	static
../Core/Src/main.c:1141:5:cmpuVal	0	static
../Core/Src/main.c:1146:9:bufferFilled	0	static
../Core/Src/main.c:1596:6:oled	32	static
../Core/Src/main.c:1155:6:changeProfile	8	static
../Core/Src/main.c:1052:6:HAL_GPIO_EXTI_Callback	0	static
../Core/Src/main.c:1240:6:clearCmds	8	static
../Core/Src/main.c:227:5:main	144	static,ignoring_inline_asm
../Core/Src/main.c:1253:6:microDelay	0	static
../Core/Src/main.c:1913:6:ultra	8	static
../Core/Src/main.c:1267:6:fvalShift	0	static
../Core/Src/main.c:2034:6:icm	48	static
../Core/Src/main.c:1273:6:valShift	0	static
../Core/Src/main.c:1061:6:HAL_TIM_IC_CaptureCallback	24	static
../Core/Src/main.c:1679:6:ir	8	static
../Core/Src/main.c:1851:6:battery	24	static
../Core/Src/main.c:1279:6:adjustRobot	0	static
../Core/Src/main.c:1443:6:pid	12	static
../Core/Src/main.c:1976:6:encoder	48	static
../Core/Src/main.c:1483:6:stopRobot	32	static
../Core/Src/main.c:1290:6:driveRobot	48	static
../Core/Src/main.c:1704:6:rpi	32	static
../Core/Src/main.c:1554:6:turnRobot	24	static
../Core/Src/main.c:1802:6:dispatch	24	static
../Core/Src/main.c:2073:6:Error_Handler	0	static,ignoring_inline_asm
