main.c:970:6:oled	48	static
main.c:1031:6:ir	8	static
main.c:1391:6:battery	8	static
main.c:1127:6:servo	8	static
main.c:1156:6:motorA	8	static
main.c:1195:6:motorB	8	static
main.c:1234:6:encoderA	32	static
main.c:1291:6:encoderB	32	static
main.c:1417:6:led	8	static
main.c:375:6:SystemClock_Config	88	static,ignoring_inline_asm
main.c:193:5:main	144	static,ignoring_inline_asm
main.c:835:6:HAL_GPIO_EXTI_Callback	0	static
main.c:842:6:HAL_UART_RxCpltCallback	0	static
main.c:847:5:irToDist	8	static
main.c:859:9:rxFilled	0	static
main.c:1061:6:rpi	48	static
main.c:904:6:stopRobot	16	static
main.c:868:6:driveRobot	16	static
main.c:928:6:turnRobot	32	static
main.c:1348:6:dispatch	32	static
main.c:1433:6:Error_Handler	0	static,ignoring_inline_asm
