main.c:1394:6:servo	8	static
main.c:1499:6:led	8	static
main.c:1544:6:motor	8	static
main.c:378:6:SystemClock_Config	88	static,ignoring_inline_asm
main.c:983:6:HAL_UART_RxCpltCallback	0	static
main.c:988:7:avgVal	0	static
main.c:998:9:bufferFilled	0	static
main.c:1239:6:oled	32	static
main.c:1328:6:rpi	40	static
main.c:1007:6:microDelay	0	static
main.c:1518:6:ultra	8	static
main.c:1013:6:valShift	0	static
main.c:956:6:HAL_TIM_IC_CaptureCallback	24	static
main.c:1303:6:ir	8	static
main.c:1461:6:battery	24	static
main.c:1019:6:changeProfile	0	static
main.c:947:6:HAL_GPIO_EXTI_Callback	0	static
main.c:200:5:main	144	static,ignoring_inline_asm
main.c:1149:6:pid	48	static
main.c:1582:6:encoder	48	static
main.c:1187:6:stopRobot	8	static
main.c:1104:6:driveRobot	40	static
main.c:1204:6:turnRobot	24	static
main.c:1420:6:dispatch	8	static
main.c:1642:6:Error_Handler	0	static,ignoring_inline_asm
