main.c:1122:6:ir	8	static
main.c:1482:6:battery	8	static
main.c:1215:6:servo	8	static
main.c:1244:6:motorA	8	static
main.c:1283:6:motorB	8	static
main.c:1322:6:encoderA	32	static
main.c:1379:6:encoderB	32	static
main.c:1508:6:led	8	static
main.c:361:6:SystemClock_Config	88	static,ignoring_inline_asm
main.c:830:6:HAL_UART_RxCpltCallback	0	static
main.c:855:5:irToDist	8	static
main.c:1058:6:oled	40	static
main.c:867:9:rxFilled	0	static
main.c:1149:6:rpi	48	static
main.c:876:6:changeProfile	0	static
main.c:821:6:HAL_GPIO_EXTI_Callback	0	static
main.c:195:5:main	144	static,ignoring_inline_asm
main.c:994:6:stopRobot	16	static
main.c:835:6:celibate	16	static
main.c:957:6:driveRobot	24	static
main.c:1018:6:turnRobot	32	static
main.c:1436:6:dispatch	32	static
main.c:1524:6:Error_Handler	0	static,ignoring_inline_asm
