main.c:1379:6:servo	8	static
main.c:1481:6:led	8	static
main.c:1526:6:motor	8	static
main.c:376:6:SystemClock_Config	88	static,ignoring_inline_asm
main.c:975:6:HAL_UART_RxCpltCallback	0	static
main.c:980:7:avgVal	0	static
main.c:990:9:bufferFilled	0	static
main.c:1227:6:oled	32	static
main.c:1313:6:rpi	56	static
main.c:999:6:microDelay	0	static
main.c:1500:6:ultra	8	static
main.c:1005:6:valShift	0	static
main.c:948:6:HAL_TIM_IC_CaptureCallback	24	static
main.c:1288:6:ir	8	static
main.c:1446:6:battery	24	static
main.c:1011:6:changeProfile	0	static
main.c:939:6:HAL_GPIO_EXTI_Callback	0	static
main.c:200:5:main	144	static,ignoring_inline_asm
main.c:1141:6:pid	12	static
main.c:1564:6:encoder	48	static
main.c:1175:6:stopRobot	8	static
main.c:1096:6:driveRobot	40	static
main.c:1192:6:turnRobot	24	static
main.c:1405:6:dispatch	8	static
main.c:1624:6:Error_Handler	0	static,ignoring_inline_asm
