main.c:1529:6:servo	8	static
main.c:1634:6:led	8	static
main.c:1679:6:motor	8	static
main.c:394:6:SystemClock_Config	88	static,ignoring_inline_asm
main.c:1033:6:HAL_UART_RxCpltCallback	0	static
main.c:1038:7:avgVal	0	static
main.c:1048:9:bufferFilled	0	static
main.c:1347:6:oled	104	static
main.c:1057:6:changeProfile	0	static
main.c:997:6:HAL_GPIO_EXTI_Callback	0	static
main.c:1157:6:clearCmds	8	static
main.c:1471:6:rpi	48	static
main.c:213:5:main	144	static,ignoring_inline_asm
main.c:1170:6:microDelay	0	static
main.c:1653:6:ultra	8	static
main.c:1184:6:valShift	0	static
main.c:1006:6:HAL_TIM_IC_CaptureCallback	24	static
main.c:1446:6:ir	8	static
main.c:1596:6:battery	24	static
main.c:1249:6:pid	20	static
main.c:1717:6:encoder	48	static
main.c:1292:6:stopRobot	8	static
main.c:1190:6:driveRobot	32	static
main.c:1310:6:turnRobot	24	static
main.c:1555:6:dispatch	8	static
main.c:1777:6:Error_Handler	0	static,ignoring_inline_asm
