stm32f4xx_hal_msp.c:65:6:HAL_MspInit	8	static
stm32f4xx_hal_msp.c:89:6:HAL_ADC_MspInit	48	static
stm32f4xx_hal_msp.c:143:6:HAL_ADC_MspDeInit	0	static
stm32f4xx_hal_msp.c:188:6:HAL_TIM_PWM_MspInit	8	static
stm32f4xx_hal_msp.c:210:6:HAL_TIM_Encoder_MspInit	56	static
stm32f4xx_hal_msp.c:278:6:HAL_TIM_IC_MspInit	40	static
stm32f4xx_hal_msp.c:316:6:HAL_TIM_Base_MspInit	40	static
stm32f4xx_hal_msp.c:357:6:HAL_TIM_MspPostInit	32	static
stm32f4xx_hal_msp.c:389:6:HAL_TIM_PWM_MspDeInit	0	static
stm32f4xx_hal_msp.c:411:6:HAL_TIM_Encoder_MspDeInit	8	static
stm32f4xx_hal_msp.c:460:6:HAL_TIM_IC_MspDeInit	8	static
stm32f4xx_hal_msp.c:490:6:HAL_TIM_Base_MspDeInit	0	static
stm32f4xx_hal_msp.c:530:6:HAL_UART_MspInit	40	static
stm32f4xx_hal_msp.c:569:6:HAL_UART_MspDeInit	8	static
